Archive member included because of file (symbol)

C:/PKDS/Practica1/macbase/boards/frdmk64f_frdmcr20a/wireless_examples/ieee_802_15_4/msn_coordinator/freertos/kds/../../../../../../../middleware/mmcau_2.0.0/asm-cm4-cm7/lib_mmcau.a(mmcau_aes_functions.o)
                              ./mmcau/mmcau_source/fsl_mmcau.o (mmcau_aes_set_key)
C:/PKDS/Practica1/macbase/boards/frdmk64f_frdmcr20a/wireless_examples/ieee_802_15_4/msn_coordinator/freertos/kds/../../../../../../../middleware/mmcau_2.0.0/asm-cm4-cm7/lib_mmcau.a(mmcau_des_functions.o)
                              ./mmcau/mmcau_source/fsl_mmcau.o (mmcau_des_chk_parity)
C:/PKDS/Practica1/macbase/boards/frdmk64f_frdmcr20a/wireless_examples/ieee_802_15_4/msn_coordinator/freertos/kds/../../../../../../../middleware/mmcau_2.0.0/asm-cm4-cm7/lib_mmcau.a(mmcau_md5_functions.o)
                              ./mmcau/mmcau_source/fsl_mmcau.o (mmcau_md5_initialize_output)
C:/PKDS/Practica1/macbase/boards/frdmk64f_frdmcr20a/wireless_examples/ieee_802_15_4/msn_coordinator/freertos/kds/../../../../../../../middleware/mmcau_2.0.0/asm-cm4-cm7/lib_mmcau.a(mmcau_sha1_functions.o)
                              ./mmcau/mmcau_source/fsl_mmcau.o (mmcau_sha1_initialize_output)
C:/PKDS/Practica1/macbase/boards/frdmk64f_frdmcr20a/wireless_examples/ieee_802_15_4/msn_coordinator/freertos/kds/../../../../../../../middleware/mmcau_2.0.0/asm-cm4-cm7/lib_mmcau.a(mmcau_sha256_functions.o)
                              ./mmcau/mmcau_source/fsl_mmcau.o (mmcau_sha256_initialize_output)
C:/PKDS/Practica1/macbase/boards/frdmk64f_frdmcr20a/wireless_examples/ieee_802_15_4/msn_coordinator/freertos/kds/../../../../../../../middleware/wireless/ieee_802_15_4_5.0.5/mac/lib/802.15.4_mac_06_cM4.a(MacPib.o)
                              ./source/ieee802p15p4_wrapper.o (Mac_SetExtendedAddress)
C:/PKDS/Practica1/macbase/boards/frdmk64f_frdmcr20a/wireless_examples/ieee_802_15_4/msn_coordinator/freertos/kds/../../../../../../../middleware/wireless/ieee_802_15_4_5.0.5/mac/lib/802.15.4_mac_06_cM4.a(MacMain.o)
                              ./source/ieee802p15p4_wrapper.o (BindToMAC)
C:/PKDS/Practica1/macbase/boards/frdmk64f_frdmcr20a/wireless_examples/ieee_802_15_4/msn_coordinator/freertos/kds/../../../../../../../middleware/wireless/ieee_802_15_4_5.0.5/mac/lib/802.15.4_mac_06_cM4.a(MacStateMachine.o)
                              C:/PKDS/Practica1/macbase/boards/frdmk64f_frdmcr20a/wireless_examples/ieee_802_15_4/msn_coordinator/freertos/kds/../../../../../../../middleware/wireless/ieee_802_15_4_5.0.5/mac/lib/802.15.4_mac_06_cM4.a(MacMain.o) (Mac_PhyMsgHandler)
C:/PKDS/Practica1/macbase/boards/frdmk64f_frdmcr20a/wireless_examples/ieee_802_15_4/msn_coordinator/freertos/kds/../../../../../../../middleware/wireless/ieee_802_15_4_5.0.5/mac/lib/802.15.4_mac_06_cM4.a(Association.o)
                              C:/PKDS/Practica1/macbase/boards/frdmk64f_frdmcr20a/wireless_examples/ieee_802_15_4/msn_coordinator/freertos/kds/../../../../../../../middleware/wireless/ieee_802_15_4_5.0.5/mac/lib/802.15.4_mac_06_cM4.a(MacMain.o) (Association_VerifyParameters)
C:/PKDS/Practica1/macbase/boards/frdmk64f_frdmcr20a/wireless_examples/ieee_802_15_4/msn_coordinator/freertos/kds/../../../../../../../middleware/wireless/ieee_802_15_4_5.0.5/mac/lib/802.15.4_mac_06_cM4.a(DataRx.o)
                              C:/PKDS/Practica1/macbase/boards/frdmk64f_frdmcr20a/wireless_examples/ieee_802_15_4/msn_coordinator/freertos/kds/../../../../../../../middleware/wireless/ieee_802_15_4_5.0.5/mac/lib/802.15.4_mac_06_cM4.a(MacStateMachine.o) (Mac_CreateMlmeCommStatusInd)
C:/PKDS/Practica1/macbase/boards/frdmk64f_frdmcr20a/wireless_examples/ieee_802_15_4/msn_coordinator/freertos/kds/../../../../../../../middleware/wireless/ieee_802_15_4_5.0.5/mac/lib/802.15.4_mac_06_cM4.a(DataTx.o)
                              C:/PKDS/Practica1/macbase/boards/frdmk64f_frdmcr20a/wireless_examples/ieee_802_15_4/msn_coordinator/freertos/kds/../../../../../../../middleware/wireless/ieee_802_15_4_5.0.5/mac/lib/802.15.4_mac_06_cM4.a(MacMain.o) (DataTx_SendData)
C:/PKDS/Practica1/macbase/boards/frdmk64f_frdmcr20a/wireless_examples/ieee_802_15_4/msn_coordinator/freertos/kds/../../../../../../../middleware/wireless/ieee_802_15_4_5.0.5/mac/lib/802.15.4_mac_06_cM4.a(Disassociation.o)
                              C:/PKDS/Practica1/macbase/boards/frdmk64f_frdmcr20a/wireless_examples/ieee_802_15_4/msn_coordinator/freertos/kds/../../../../../../../middleware/wireless/ieee_802_15_4_5.0.5/mac/lib/802.15.4_mac_06_cM4.a(MacMain.o) (Disassociation_VerifyParameters)
C:/PKDS/Practica1/macbase/boards/frdmk64f_frdmcr20a/wireless_examples/ieee_802_15_4/msn_coordinator/freertos/kds/../../../../../../../middleware/wireless/ieee_802_15_4_5.0.5/mac/lib/802.15.4_mac_06_cM4.a(Orphan.o)
[...]
Memory Configuration

Name             Origin             Length             Attributes
TEXT_region1     0x00000000         0x00000400         xr
m_flash_config_region 0x00000400         0x00000010         xr
TEXT_region2     0x00000411         0x000febee         xr
DATA_region      0x1fff0000         0x00040000         rw
PRODUCT_INFO_region 0x000ff000         0x00000fff         xr
*default*        0x00000000         0xffffffff

Linker script and memory map

LOAD c:/kds/kds_v3/toolchain/bin/../lib/gcc/arm-none-eabi/4.8.4/armv7e-m/softfp/crti.o
LOAD c:/kds/kds_v3/toolchain/bin/../lib/gcc/arm-none-eabi/4.8.4/armv7e-m/softfp/crtbegin.o
LOAD c:/kds/kds_v3/toolchain/bin/../lib/gcc/arm-none-eabi/4.8.4/../../../../arm-none-eabi/lib/armv7e-m/softfp/crt0.o
START GROUP
LOAD ./utilities/fsl_debug_console.o
LOAD ./usb/osa/usb_osa_freertos.o
LOAD ./usb/device/source/khci/usb_device_khci.o
LOAD ./usb/device/source/usb_device_dci.o
LOAD ./startup/startup_MK64F12.o
LOAD ./startup/system_MK64F12.o
LOAD ./source/Purger.o
LOAD ./source/ieee802p15p4_wrapper.o
LOAD ./source/msn_nwk_node.o
LOAD ./mmcau/mmcau_source/fsl_mmcau.o
LOAD ./ieee_802.15.4/phy/source/XcvrSPI/Spi.o
LOAD ./ieee_802.15.4/phy/source/MCR20A/MCR20Drv/MCR20Drv.o
LOAD ./ieee_802.15.4/phy/source/ASP.o
LOAD ./ieee_802.15.4/phy/source/MPM.o
LOAD ./ieee_802.15.4/phy/source/PhyDebug.o
LOAD ./ieee_802.15.4/phy/source/PhyISR.o
LOAD ./ieee_802.15.4/phy/source/PhyPacketProcessor.o
LOAD ./ieee_802.15.4/phy/source/PhyPlmeData.o
LOAD ./ieee_802.15.4/phy/source/PhyStateMachine.o
LOAD ./ieee_802.15.4/phy/source/PhyTime.o
LOAD ./ieee_802.15.4/App/FsciAspCommands.o
LOAD ./ieee_802.15.4/App/FsciMacCommands.o
LOAD ./ieee_802.15.4/App/MacGlobals.o
LOAD ./freertos/portable/port.o
LOAD ./freertos/croutine.o
LOAD ./freertos/event_groups.o
LOAD ./freertos/heap_4.o
LOAD ./freertos/list.o
LOAD ./freertos/queue.o
LOAD ./freertos/tasks.o
LOAD ./freertos/timers.o
LOAD ./framework/TimersManager/Source/TMR_Adapter.o
LOAD ./framework/TimersManager/Source/TimersManager.o
LOAD ./framework/SerialManager/Source/USB_VirtualCom/Source/usb_device_cdc_acm.o
LOAD ./framework/SerialManager/Source/USB_VirtualCom/Source/usb_device_ch9.o
LOAD ./framework/SerialManager/Source/USB_VirtualCom/Source/usb_device_class.o
LOAD ./framework/SerialManager/Source/USB_VirtualCom/Source/usb_device_descriptor.o
LOAD ./framework/SerialManager/Source/USB_VirtualCom/Source/virtual_com.o
LOAD ./framework/SerialManager/Source/SPI_Adapter/SPI_Adapter.o
LOAD ./framework/SerialManager/Source/I2C_Adapter.o
LOAD ./framework/SerialManager/Source/SerialManager.o
LOAD ./framework/SerialManager/Source/UART_Adapter.o
LOAD ./framework/SecLib/SecLib.o
LOAD ./framework/Reset/Source/Reset.o
LOAD ./framework/RNG/Source/RNG.o
LOAD ./framework/Panic/Source/Panic.o
LOAD ./framework/OSAbstraction/Interface/fsl_os_abstraction_free_rtos.o
LOAD ./framework/Messaging/Source/Messaging.o
LOAD ./framework/MemManager/Source/MemManager.o
LOAD ./framework/MWSCoexistence/Source/MWS.o
LOAD ./framework/Lists/GenericList.o
LOAD ./framework/LED/Source/LED.o
LOAD ./framework/Keyboard/Source/Keyboard.o
LOAD ./framework/GPIO/Source/GPIO_Adapter.o
LOAD ./framework/FunctionLib/FunctionLib.o
LOAD ./framework/Flash/Internal/Flash_Adapter.o
LOAD ./drivers/fsl_clock.o
LOAD ./drivers/fsl_common.o
LOAD ./drivers/fsl_dspi.o
LOAD ./drivers/fsl_flash.o
LOAD ./drivers/fsl_ftm.o
LOAD ./drivers/fsl_gpio.o
LOAD ./drivers/fsl_i2c.o
LOAD ./drivers/fsl_llwu.o
LOAD ./drivers/fsl_lptmr.o
LOAD ./drivers/fsl_mpu.o
LOAD ./drivers/fsl_rnga.o
LOAD ./drivers/fsl_rtc.o
LOAD ./drivers/fsl_sim.o
LOAD ./drivers/fsl_smc.o
LOAD ./drivers/fsl_uart.o
LOAD ./board/board.o
LOAD ./board/clock_config.o
LOAD ./board/gpio_pins.o
LOAD ./board/hardware_init.o
LOAD ./board/pin_mux.o
LOAD C:/PKDS/Practica1/macbase/boards/frdmk64f_frdmcr20a/wireless_examples/ieee_802_15_4/msn_coordinator/freertos/kds/../../../../../../../middleware/mmcau_2.0.0/asm-cm4-cm7/lib_mmcau.a
LOAD C:/PKDS/Practica1/macbase/boards/frdmk64f_frdmcr20a/wireless_examples/ieee_802_15_4/msn_coordinator/freertos/kds/../../../../../../../middleware/wireless/ieee_802_15_4_5.0.5/mac/lib/802.15.4_mac_06_cM4.a
LOAD C:/PKDS/Practica1/macbase/boards/frdmk64f_frdmcr20a/wireless_examples/ieee_802_15_4/msn_coordinator/freertos/kds/../../../../../../../middleware/wireless/framework_5.0.5/SecLib/lib_crypto_M4.a
LOAD c:/kds/kds_v3/toolchain/bin/../lib/gcc/arm-none-eabi/4.8.4/../../../../arm-none-eabi/lib/armv7e-m/softfp\libg_s.a
LOAD c:/kds/kds_v3/toolchain/bin/../lib/gcc/arm-none-eabi/4.8.4/armv7e-m/softfp\libgcc.a
LOAD c:/kds/kds_v3/toolchain/bin/../lib/gcc/arm-none-eabi/4.8.4/../../../../arm-none-eabi/lib/armv7e-m/softfp\libnosys.a
END GROUP
LOAD c:/kds/kds_v3/toolchain/bin/../lib/gcc/arm-none-eabi/4.8.4/../../../../arm-none-eabi/lib/armv7e-m/softfp\libstdc++_s.a
LOAD c:/kds/kds_v3/toolchain/bin/../lib/gcc/arm-none-eabi/4.8.4/../../../../arm-none-eabi/lib/armv7e-m/softfp\libm.a
START GROUP
LOAD c:/kds/kds_v3/toolchain/bin/../lib/gcc/arm-none-eabi/4.8.4/armv7e-m/softfp\libgcc.a
LOAD c:/kds/kds_v3/toolchain/bin/../lib/gcc/arm-none-eabi/4.8.4/../../../../arm-none-eabi/lib/armv7e-m/softfp\libg_s.a
LOAD c:/kds/kds_v3/toolchain/bin/../lib/gcc/arm-none-eabi/4.8.4/../../../../arm-none-eabi/lib/armv7e-m/softfp\libc_s.a
END GROUP
START GROUP
LOAD c:/kds/kds_v3/toolchain/bin/../lib/gcc/arm-none-eabi/4.8.4/armv7e-m/softfp\libgcc.a
LOAD c:/kds/kds_v3/toolchain/bin/../lib/gcc/arm-none-eabi/4.8.4/../../../../arm-none-eabi/lib/armv7e-m/softfp\libc_s.a
END GROUP
LOAD c:/kds/kds_v3/toolchain/bin/../lib/gcc/arm-none-eabi/4.8.4/armv7e-m/softfp/crtend.o
LOAD c:/kds/kds_v3/toolchain/bin/../lib/gcc/arm-none-eabi/4.8.4/armv7e-m/softfp/crtn.o
                0x1fff0000                _RAM_START_ = 0x1fff0000
                0x2002ffff                _RAM_END_ = 0x2002ffff
                0x000ff000                FREESCALE_PROD_DATA_BASE_ADDR = 0xff000
                0x00000400                __RAM_VECTOR_TABLE_SIZE = 0x400
                0x2002fbea                __BOOT_STACK_ADDRESS = 0x2002fbea
                0x1ffffffb                __dummy_start = 0x1ffffffb

.interrupts     0x00000000      0x400
                0x00000000                __VECTOR_TABLE = .
                0x00000000                . = ALIGN (0x4)
 *(.isr_vector)
 .isr_vector    0x00000000      0x400 ./startup/startup_MK64F12.o
                0x00000000                __isr_vector
                0x00000400                . = ALIGN (0x4)

.freescale_prod_data
                0x000ff000        0x0
                0x000ff000                . = ALIGN (0x4)
 *(.FREESCALE_PROD_DATA)
                0x000ff000                . = ALIGN (0x4)

.flash_config   0x00000400       0x10
                0x00000400                . = ALIGN (0x4)
 *(.FlashConfig)
 .FlashConfig   0x00000400       0x10 ./startup/startup_MK64F12.o
                0x00000410                . = ALIGN (0x4)

.text           0x00000420    0x169dc
                0x00000420                . = ALIGN (0x4)
 *(.text)
 .text          0x00000420       0x54 c:/kds/kds_v3/toolchain/bin/../lib/gcc/arm-none-eabi/4.8.4/armv7e-m/softfp/crtbegin.o
 .text          0x00000474       0x74 c:/kds/kds_v3/toolchain/bin/../lib/gcc/arm-none-eabi/4.8.4/../../../../arm-none-eabi/lib/armv7e-m/softfp/crt0.o
                0x00000474                _start
                0x00000474                _mainCRTStartup
 .text          0x000004e8      0x1fc ./startup/startup_MK64F12.o
                0x000004e8                Reset_Handler
                0x00000544                DebugMon_Handler
                0x00000544                PORTC_IRQHandler
                0x00000544                DMA0_DriverIRQHandler
                0x00000544                DMA12_DriverIRQHandler
                0x00000544                WDOG_EWM_IRQHandler
                0x00000544                DMA_Error_DriverIRQHandler
                0x00000544                CMP0_IRQHandler
                0x00000544                DMA7_DriverIRQHandler
                0x00000544                ENET_Transmit_DriverIRQHandler
                0x00000544                DMA2_DriverIRQHandler
                0x00000544                UART1_ERR_DriverIRQHandler
                0x00000544                BusFault_Handler
                0x00000544                SDHC_DriverIRQHandler
                0x00000544                PIT0_IRQHandler
                0x00000544                LPTMR0_IRQHandler
                0x00000544                CMP2_IRQHandler
                0x00000544                LLWU_IRQHandler
                0x00000544                I2S0_Tx_DriverIRQHandler
                0x00000544                DMA6_DriverIRQHandler
                0x00000544                FTM2_IRQHandler
                0x00000544                PORTE_IRQHandler
                0x00000544                FTM3_IRQHandler
                0x00000544                ENET_1588_Timer_DriverIRQHandler
                0x00000544                SWI_IRQHandler
                0x00000544                ADC0_IRQHandler
                0x00000544                UsageFault_Handler
                0x00000544                CAN0_DriverIRQHandler
                0x00000544                CMT_IRQHandler
                0x00000544                MCM_IRQHandler
                0x00000544                DAC1_IRQHandler
                0x00000544                DefaultISR
                0x00000544                PORTA_IRQHandler
                0x00000544                UART5_ERR_DriverIRQHandler
                0x00000544                FTM0_IRQHandler
                0x00000544                DMA11_DriverIRQHandler
                0x00000544                CMP1_IRQHandler
                0x00000544                Reserved71_IRQHandler
                0x00000544                PORTD_IRQHandler
                0x00000544                PORTB_IRQHandler
                0x00000544                DMA10_DriverIRQHandler
                0x00000544                LVD_LVW_IRQHandler
                0x00000544                UART2_ERR_DriverIRQHandler
                0x00000544                ADC1_IRQHandler
                0x00000544                DMA5_DriverIRQHandler
                0x00000544                DMA4_DriverIRQHandler
                0x00000544                PIT1_IRQHandler
                0x00000544                PIT2_IRQHandler
                0x00000544                DMA15_DriverIRQHandler
                0x00000544                ENET_Error_DriverIRQHandler
                0x00000544                RTC_IRQHandler
                0x00000544                UART3_ERR_DriverIRQHandler
                0x00000544                PDB0_IRQHandler
                0x00000544                FTFE_IRQHandler
                0x00000544                FTM1_IRQHandler
                0x00000544                DMA13_DriverIRQHandler
                0x00000544                DAC0_IRQHandler
                0x00000544                DMA3_DriverIRQHandler
                0x00000544                PIT3_IRQHandler
                0x00000544                ENET_Receive_DriverIRQHandler
                0x00000544                RTC_Seconds_IRQHandler
                0x00000544                MCG_IRQHandler
                0x00000544                USB0_IRQHandler
                0x00000544                DMA9_DriverIRQHandler
                0x00000544                DMA8_DriverIRQHandler
                0x00000544                UART0_ERR_DriverIRQHandler
                0x00000544                I2S0_Rx_DriverIRQHandler
                0x00000544                RNG_IRQHandler
                0x00000544                DMA1_DriverIRQHandler
                0x00000544                Read_Collision_IRQHandler
                0x00000544                DMA14_DriverIRQHandler
                0x00000544                UART0_LON_DriverIRQHandler
                0x00000544                MemManage_Handler
                0x00000544                USBDCD_IRQHandler
                0x00000544                UART4_ERR_DriverIRQHandler
                0x0000054c                HardFault_Handler
                0x0000055c                DMA0_IRQHandler
                0x00000560                DMA1_IRQHandler
                0x00000564                DMA2_IRQHandler
                0x00000568                DMA3_IRQHandler
                0x0000056c                DMA4_IRQHandler
                0x00000570                DMA5_IRQHandler
                0x00000574                DMA6_IRQHandler
                0x00000578                DMA7_IRQHandler
                0x0000057c                DMA8_IRQHandler
                0x00000580                DMA9_IRQHandler
                0x00000584                DMA10_IRQHandler
                0x00000588                DMA11_IRQHandler
                0x0000058c                DMA12_IRQHandler
                0x00000590                DMA13_IRQHandler
                0x00000594                DMA14_IRQHandler
                0x00000598                DMA15_IRQHandler
                0x0000059c                DMA_Error_IRQHandler
                0x000005a0                I2C0_IRQHandler
                0x000005a4                I2C1_IRQHandler
                0x000005a8                SPI0_IRQHandler
                0x000005ac                SPI1_IRQHandler
                0x000005b0                I2S0_Tx_IRQHandler
                0x000005b4                I2S0_Rx_IRQHandler
                0x000005b8                UART0_LON_IRQHandler
                0x000005bc                UART0_RX_TX_IRQHandler
                0x000005c0                UART0_ERR_IRQHandler
                0x000005c4                UART1_RX_TX_IRQHandler
                0x000005c8                UART1_ERR_IRQHandler
                0x000005cc                UART2_RX_TX_IRQHandler
                0x000005d0                UART2_ERR_IRQHandler
                0x000005d4                UART3_RX_TX_IRQHandler
                0x000005d8                UART3_ERR_IRQHandler
                0x000005dc                SPI2_IRQHandler
                0x000005e0                UART4_RX_TX_IRQHandler
                0x000005e4                UART4_ERR_IRQHandler
                0x000005e8                UART5_RX_TX_IRQHandler
                0x000005ec                UART5_ERR_IRQHandler
                0x000005f0                I2C2_IRQHandler
                0x000005f4                CAN0_ORed_Message_buffer_IRQHandler
                0x000005f8                CAN0_Bus_Off_IRQHandler
                0x000005fc                CAN0_Error_IRQHandler
                0x00000600                CAN0_Tx_Warning_IRQHandler
                0x00000604                CAN0_Rx_Warning_IRQHandler
                0x00000608                CAN0_Wake_Up_IRQHandler
                0x0000060c                SDHC_IRQHandler
                0x00000610                ENET_1588_Timer_IRQHandler
                0x00000614                ENET_Transmit_IRQHandler
                0x00000618                ENET_Receive_IRQHandler
                0x0000061c                ENET_Error_IRQHandler
 *fill*         0x000006e4        0xc 
 .text          0x000006f0      0x800 C:/PKDS/Practica1/macbase/boards/frdmk64f_frdmcr20a/wireless_examples/ieee_802_15_4/msn_coordinator/freertos/kds/../../../../../../../middleware/mmcau_2.0.0/asm-cm4-cm7/lib_mmcau.a(mmcau_aes_functions.o)
                0x000006f0                _mmcau_aes_set_key
                0x000006f0                mmcau_aes_set_key
                0x00000c70                mmcau_aes_encrypt
                0x00000c70                _mmcau_aes_encrypt
                0x00000da0                mmcau_aes_decrypt
                0x00000da0                _mmcau_aes_decrypt
 .text          0x00000ef0     0x1810 C:/PKDS/Practica1/macbase/boards/frdmk64f_frdmcr20a/wireless_examples/ieee_802_15_4/msn_coordinator/freertos/kds/../../../../../../../middleware/wireless/framework_5.0.5/SecLib/lib_crypto_M4.a(SW_AES128.o)
                0x0000130c                gpXTimeTable
                0x000014c0                gInvSbox_s
                0x000015c0                CCM_CreateA0
                0x000015e8                sw_Aes128
                0x00002344                sw_AES128_CCM
                0x00002600                gSBox_c
 .text          0x00002700       0x34 C:/PKDS/Practica1/macbase/boards/frdmk64f_frdmcr20a/wireless_examples/ieee_802_15_4/msn_coordinator/freertos/kds/../../../../../../../middleware/wireless/framework_5.0.5/SecLib/lib_crypto_M4.a(SW_RNG.o)
                0x00002700                SecLib_set_rng_seed
                0x0000270e                SecLib_get_random
 .text          0x00002734       0x2c c:/kds/kds_v3/toolchain/bin/../lib/gcc/arm-none-eabi/4.8.4/armv7e-m/softfp\libgcc.a(_aeabi_uldivmod.o)
                0x00002734                __aeabi_uldivmod
 .text          0x00002760       0x60 c:/kds/kds_v3/toolchain/bin/../lib/gcc/arm-none-eabi/4.8.4/armv7e-m/softfp\libgcc.a(bpabi.o)
                0x00002760                __gnu_ldivmod_helper
                0x00002790                __gnu_uldivmod_helper
 .text          0x000027c0        0x4 c:/kds/kds_v3/toolchain/bin/../lib/gcc/arm-none-eabi/4.8.4/armv7e-m/softfp\libgcc.a(_dvmd_tls.o)
                0x000027c0                __aeabi_idiv0
                0x000027c0                __aeabi_ldiv0
 .text          0x000027c4      0x298 c:/kds/kds_v3/toolchain/bin/../lib/gcc/arm-none-eabi/4.8.4/armv7e-m/softfp\libgcc.a(_divdi3.o)
                0x000027c4                __divdi3
 .text          0x00002a5c      0x284 c:/kds/kds_v3/toolchain/bin/../lib/gcc/arm-none-eabi/4.8.4/armv7e-m/softfp\libgcc.a(_udivdi3.o)
                0x00002a5c                __udivdi3
 *(.text*)
 .text.DbgConsole_Printf
                0x00002ce0       0x40 ./utilities/fsl_debug_console.o
                0x00002ce0                DbgConsole_Printf
 .text.DbgConsole_Putchar
                0x00002d20       0x38 ./utilities/fsl_debug_console.o
                0x00002d20                DbgConsole_Putchar
 .text.DbgConsole_PrintfPaddingCharacter
                0x00002d58       0x40 ./utilities/fsl_debug_console.o
 .text.DbgConsole_ConvertRadixNumToString
                0x00002d98      0x118 ./utilities/fsl_debug_console.o
 .text.DbgConsole_PrintfFormattedData
                0x00002eb0      0x36c ./utilities/fsl_debug_console.o
 .text.SystemInit
                0x0000321c       0x3c ./startup/system_MK64F12.o
                0x0000321c                SystemInit
 .text.mac_init
                0x00003258       0xb4 ./source/ieee802p15p4_wrapper.o
                0x00003258                mac_init
 .text.mac_connect
                0x0000330c       0x70 ./source/ieee802p15p4_wrapper.o
                0x0000330c                mac_connect
 .text.mac_transmit
                0x0000337c       0x80 ./source/ieee802p15p4_wrapper.o
                0x0000337c                mac_transmit
 .text.mac_task
                0x000033fc      0x440 ./source/ieee802p15p4_wrapper.o
 .text.WaitMsg  0x0000383c       0x34 ./source/ieee802p15p4_wrapper.o
 .text.StartScan
                0x00003870       0x78 ./source/ieee802p15p4_wrapper.o
 .text.HandleScanActiveConfirm
                0x000038e8       0xb4 ./source/ieee802p15p4_wrapper.o
 .text.WaitIntervalTimeoutHandler
                0x0000399c       0x20 ./source/ieee802p15p4_wrapper.o
 .text.SendAssociateRequest
                0x000039bc       0xb4 ./source/ieee802p15p4_wrapper.o
 .text.HandleAssociateConfirm
                0x00003a70       0x44 ./source/ieee802p15p4_wrapper.o
 .text.HandleScanEdConfirm
                0x00003ab4       0x1c ./source/ieee802p15p4_wrapper.o
 .text.StartCoordinator
                0x00003ad0       0xf0 ./source/ieee802p15p4_wrapper.o
 .text.TransmitData
                0x00003bc0      0x124 ./source/ieee802p15p4_wrapper.o
 .text.HandleMlmeInput
                0x00003ce4       0x80 ./source/ieee802p15p4_wrapper.o
 .text.SendAssociateResponse
                0x00003d64       0xd4 ./source/ieee802p15p4_wrapper.o
 .text.HandleMcpsInput
                0x00003e38       0x68 ./source/ieee802p15p4_wrapper.o
 .text.MLME_NWK_SapHandler
                0x00003ea0       0x30 ./source/ieee802p15p4_wrapper.o
 .text.MCPS_NWK_SapHandler
                0x00003ed0       0x30 ./source/ieee802p15p4_wrapper.o
 .text.delay    0x00003f00       0x30 ./source/msn_nwk_node.o
                0x00003f00                delay
 .text.main_task
                0x00003f30       0x44 ./source/msn_nwk_node.o
                0x00003f30                main_task
 .text.App_init
                0x00003f74       0x74 ./source/msn_nwk_node.o
                0x00003f74                App_init
 .text.mac_events_handler
                0x00003fe8      0x10c ./source/msn_nwk_node.o
                0x00003fe8                mac_events_handler
 .text.AppThread
                0x000040f4      0x7a4 ./source/msn_nwk_node.o
                0x000040f4                AppThread
 .text.App_CommRxCallBack
                0x00004898       0x4c ./source/msn_nwk_node.o
 .text.App_HandleKeys
                0x000048e4       0x2c ./source/msn_nwk_node.o
 .text.DSPI_SetFifoEnable
                0x00004910       0x48 ./ieee_802.15.4/phy/source/XcvrSPI/Spi.o
 .text.DSPI_FlushFifo
                0x00004958       0x3c ./ieee_802.15.4/phy/source/XcvrSPI/Spi.o
 .text.DSPI_MasterGetFormattedCommand
                0x00004994       0x4c ./ieee_802.15.4/phy/source/XcvrSPI/Spi.o
 .text.DSPI_ReadData
                0x000049e0       0x18 ./ieee_802.15.4/phy/source/XcvrSPI/Spi.o
 .text.spi_master_init
                0x000049f8       0xa0 ./ieee_802.15.4/phy/source/XcvrSPI/Spi.o
                0x000049f8                spi_master_init
 .text.spi_master_configure_speed
                0x00004a98       0x40 ./ieee_802.15.4/phy/source/XcvrSPI/Spi.o
                0x00004a98                spi_master_configure_speed
 .text.spi_master_transfer
                0x00004ad8       0x9c ./ieee_802.15.4/phy/source/XcvrSPI/Spi.o
                0x00004ad8                spi_master_transfer
 .text.MCR20Drv_Init
                0x00004b74       0x48 ./ieee_802.15.4/phy/source/MCR20A/MCR20Drv/MCR20Drv.o
                0x00004b74                MCR20Drv_Init
 .text.MCR20Drv_DirectAccessSPIWrite
                0x00004bbc       0x68 ./ieee_802.15.4/phy/source/MCR20A/MCR20Drv/MCR20Drv.o
                0x00004bbc                MCR20Drv_DirectAccessSPIWrite
 .text.MCR20Drv_DirectAccessSPIMultiByteWrite
                0x00004c24       0x6c ./ieee_802.15.4/phy/source/MCR20A/MCR20Drv/MCR20Drv.o
                0x00004c24                MCR20Drv_DirectAccessSPIMultiByteWrite
 .text.MCR20Drv_PB_SPIBurstWrite
                0x00004c90       0x64 ./ieee_802.15.4/phy/source/MCR20A/MCR20Drv/MCR20Drv.o
                0x00004c90                MCR20Drv_PB_SPIBurstWrite
 .text.MCR20Drv_DirectAccessSPIRead
                0x00004cf4       0x6c ./ieee_802.15.4/phy/source/MCR20A/MCR20Drv/MCR20Drv.o
                0x00004cf4                MCR20Drv_DirectAccessSPIRead
 .text.MCR20Drv_DirectAccessSPIMultiByteRead
                0x00004d60       0x80 ./ieee_802.15.4/phy/source/MCR20A/MCR20Drv/MCR20Drv.o
                0x00004d60                MCR20Drv_DirectAccessSPIMultiByteRead
 .text.MCR20Drv_PB_SPIBurstRead
                0x00004de0       0x70 ./ieee_802.15.4/phy/source/MCR20A/MCR20Drv/MCR20Drv.o
                0x00004de0                MCR20Drv_PB_SPIBurstRead
 .text.MCR20Drv_IndirectAccessSPIWrite
                0x00004e50       0x64 ./ieee_802.15.4/phy/source/MCR20A/MCR20Drv/MCR20Drv.o
                0x00004e50                MCR20Drv_IndirectAccessSPIWrite
 .text.MCR20Drv_IndirectAccessSPIMultiByteWrite
                0x00004eb4       0x78 ./ieee_802.15.4/phy/source/MCR20A/MCR20Drv/MCR20Drv.o
                0x00004eb4                MCR20Drv_IndirectAccessSPIMultiByteWrite
 .text.MCR20Drv_IndirectAccessSPIRead
                0x00004f2c       0x70 ./ieee_802.15.4/phy/source/MCR20A/MCR20Drv/MCR20Drv.o
                0x00004f2c                MCR20Drv_IndirectAccessSPIRead
 .text.MCR20Drv_IndirectAccessSPIMultiByteRead
                0x00004f9c       0x78 ./ieee_802.15.4/phy/source/MCR20A/MCR20Drv/MCR20Drv.o
                0x00004f9c                MCR20Drv_IndirectAccessSPIMultiByteRead
 .text.MCR20Drv_IRQ_PortConfig
                0x00005014       0x38 ./ieee_802.15.4/phy/source/MCR20A/MCR20Drv/MCR20Drv.o
                0x00005014                MCR20Drv_IRQ_PortConfig
 .text.MCR20Drv_IsIrqPending
                0x0000504c       0x20 ./ieee_802.15.4/phy/source/MCR20A/MCR20Drv/MCR20Drv.o
                0x0000504c                MCR20Drv_IsIrqPending
 .text.MCR20Drv_IRQ_Disable
                0x0000506c       0x3c ./ieee_802.15.4/phy/source/MCR20A/MCR20Drv/MCR20Drv.o
                0x0000506c                MCR20Drv_IRQ_Disable
 .text.MCR20Drv_IRQ_Enable
                0x000050a8       0x44 ./ieee_802.15.4/phy/source/MCR20A/MCR20Drv/MCR20Drv.o
                0x000050a8                MCR20Drv_IRQ_Enable
 .text.MCR20Drv_IRQ_Clear
                0x000050ec       0x10 ./ieee_802.15.4/phy/source/MCR20A/MCR20Drv/MCR20Drv.o
                0x000050ec                MCR20Drv_IRQ_Clear
 .text.MCR20Drv_RST_B_Assert
                0x000050fc       0x10 ./ieee_802.15.4/phy/source/MCR20A/MCR20Drv/MCR20Drv.o
                0x000050fc                MCR20Drv_RST_B_Assert
 .text.MCR20Drv_RST_B_Deassert
                0x0000510c       0x10 ./ieee_802.15.4/phy/source/MCR20A/MCR20Drv/MCR20Drv.o
                0x0000510c                MCR20Drv_RST_B_Deassert
 .text.MCR20Drv_RESET
                0x0000511c       0x24 ./ieee_802.15.4/phy/source/MCR20A/MCR20Drv/MCR20Drv.o
                0x0000511c                MCR20Drv_RESET
 .text.MCR20Drv_Set_CLK_OUT_Freq
                0x00005140       0x34 ./ieee_802.15.4/phy/source/MCR20A/MCR20Drv/MCR20Drv.o
                0x00005140                MCR20Drv_Set_CLK_OUT_Freq
 .text.MPM_AcquirePAN
                0x00005174       0x18 ./ieee_802.15.4/phy/source/MPM.o
                0x00005174                MPM_AcquirePAN
 .text.MPM_ReleasePAN
                0x0000518c       0x18 ./ieee_802.15.4/phy/source/MPM.o
                0x0000518c                MPM_ReleasePAN
 .text.PhyIsrPassRxParams
                0x000051a4       0x1c ./ieee_802.15.4/phy/source/PhyISR.o
                0x000051a4                PhyIsrPassRxParams
 .text.PhyIsrSeqCleanup
                0x000051c0       0x58 ./ieee_802.15.4/phy/source/PhyISR.o
                0x000051c0                PhyIsrSeqCleanup
 .text.Phy_GetEnergyLevel
                0x00005218       0x40 ./ieee_802.15.4/phy/source/PhyISR.o
                0x00005218                Phy_GetEnergyLevel
 .text.Phy_LqiConvert
                0x00005258       0x44 ./ieee_802.15.4/phy/source/PhyISR.o
 .text.PHY_InterruptHandler
                0x0000529c      0x658 ./ieee_802.15.4/phy/source/PhyISR.o
                0x0000529c                PHY_InterruptHandler
 .text.PHY_InstallIsr
                0x000058f4       0x1c ./ieee_802.15.4/phy/source/PhyISR.o
                0x000058f4                PHY_InstallIsr
 .text.Phy_RestartRxFromISR
                0x00005910      0x108 ./ieee_802.15.4/phy/source/PhyISR.o
 .text.PhyHwInit
                0x00005a18      0x148 ./ieee_802.15.4/phy/source/PhyPacketProcessor.o
                0x00005a18                PhyHwInit
 .text.PhyAbort
                0x00005b60      0x110 ./ieee_802.15.4/phy/source/PhyPacketProcessor.o
                0x00005b60                PhyAbort
 .text.PhyPpGetState
                0x00005c70       0x1c ./ieee_802.15.4/phy/source/PhyPacketProcessor.o
                0x00005c70                PhyPpGetState
 .text.PhyPpSetPanId
                0x00005c8c       0x34 ./ieee_802.15.4/phy/source/PhyPacketProcessor.o
                0x00005c8c                PhyPpSetPanId
 .text.PhyPpSetShortAddr
                0x00005cc0       0x34 ./ieee_802.15.4/phy/source/PhyPacketProcessor.o
                0x00005cc0                PhyPpSetShortAddr
 .text.PhyPpSetLongAddr
                0x00005cf4       0x34 ./ieee_802.15.4/phy/source/PhyPacketProcessor.o
                0x00005cf4                PhyPpSetLongAddr
 .text.PhyPpSetMacRole
                0x00005d28       0x80 ./ieee_802.15.4/phy/source/PhyPacketProcessor.o
                0x00005d28                PhyPpSetMacRole
 .text.PhyPpSetPromiscuous
                0x00005da8       0x80 ./ieee_802.15.4/phy/source/PhyPacketProcessor.o
                0x00005da8                PhyPpSetPromiscuous
 .text.PhyPp_IndirectQueueInsert
                0x00005e28       0x54 ./ieee_802.15.4/phy/source/PhyPacketProcessor.o
                0x00005e28                PhyPp_IndirectQueueInsert
 .text.PhyPp_RemoveFromIndirect
                0x00005e7c       0x3c ./ieee_802.15.4/phy/source/PhyPacketProcessor.o
                0x00005e7c                PhyPp_RemoveFromIndirect
 .text.PhyPpSetCcaThreshold
                0x00005eb8       0x20 ./ieee_802.15.4/phy/source/PhyPacketProcessor.o
                0x00005eb8                PhyPpSetCcaThreshold
 .text.PhyPpSetDualPanSamLvl
                0x00005ed8       0x44 ./ieee_802.15.4/phy/source/PhyPacketProcessor.o
                0x00005ed8                PhyPpSetDualPanSamLvl
 .text.PhyPlmeSetPwrState
                0x00005f1c      0x130 ./ieee_802.15.4/phy/source/PhyPacketProcessor.o
                0x00005f1c                PhyPlmeSetPwrState
 .text.PhyPdDataRequest
                0x0000604c      0x1e4 ./ieee_802.15.4/phy/source/PhyPlmeData.o
                0x0000604c                PhyPdDataRequest
 .text.PhyPlmeRxRequest
                0x00006230      0x16c ./ieee_802.15.4/phy/source/PhyPlmeData.o
                0x00006230                PhyPlmeRxRequest
 .text.PhyPlmeTimmedRxRequest
                0x0000639c      0x254 ./ieee_802.15.4/phy/source/PhyPlmeData.o
                0x0000639c                PhyPlmeTimmedRxRequest
 .text.PhyPlmeCcaEdRequest
                0x000065f0      0x12c ./ieee_802.15.4/phy/source/PhyPlmeData.o
                0x000065f0                PhyPlmeCcaEdRequest
 .text.PhyPlmeSetCurrentChannelRequest
                0x0000671c       0xbc ./ieee_802.15.4/phy/source/PhyPlmeData.o
                0x0000671c                PhyPlmeSetCurrentChannelRequest
 .text.PhyPlmeGetCurrentChannelRequest
                0x000067d8       0x30 ./ieee_802.15.4/phy/source/PhyPlmeData.o
                0x000067d8                PhyPlmeGetCurrentChannelRequest
 .text.PhyPlmeSetPwrLevelRequest
                0x00006808       0x5c ./ieee_802.15.4/phy/source/PhyPlmeData.o
                0x00006808                PhyPlmeSetPwrLevelRequest
 .text.PhyPlmeSetPIBRequest
                0x00006864      0x1ec ./ieee_802.15.4/phy/source/PhyPlmeData.o
                0x00006864                PhyPlmeSetPIBRequest
 .text.PhyPlmeGetPIBRequest
                0x00006a50      0x1d8 ./ieee_802.15.4/phy/source/PhyPlmeData.o
                0x00006a50                PhyPlmeGetPIBRequest
 .text.PhyRxRetry
                0x00006c28       0x78 ./ieee_802.15.4/phy/source/PhyPlmeData.o
 .text.Phy_Init
                0x00006ca0       0xa4 ./ieee_802.15.4/phy/source/PhyStateMachine.o
                0x00006ca0                Phy_Init
 .text.BindToPHY
                0x00006d44       0x18 ./ieee_802.15.4/phy/source/PhyStateMachine.o
                0x00006d44                BindToPHY
 .text.Phy_RegisterSapHandlers
                0x00006d5c       0x40 ./ieee_802.15.4/phy/source/PhyStateMachine.o
                0x00006d5c                Phy_RegisterSapHandlers
 .text.Phy24Task
                0x00006d9c      0x1c8 ./ieee_802.15.4/phy/source/PhyStateMachine.o
 .text.MAC_PD_SapHandler
                0x00006f64       0xa8 ./ieee_802.15.4/phy/source/PhyStateMachine.o
                0x00006f64                MAC_PD_SapHandler
 .text.MAC_PLME_SapHandler
                0x0000700c      0x164 ./ieee_802.15.4/phy/source/PhyStateMachine.o
                0x0000700c                MAC_PLME_SapHandler
 .text.Phy_HandlePdDataReq
                0x00007170      0x100 ./ieee_802.15.4/phy/source/PhyStateMachine.o
 .text.Phy_EnterIdle
                0x00007270       0x90 ./ieee_802.15.4/phy/source/PhyStateMachine.o
 .text.PhyPlmeSetFrameWaitTime
                0x00007300       0x2c ./ieee_802.15.4/phy/source/PhyStateMachine.o
                0x00007300                PhyPlmeSetFrameWaitTime
 .text.PhyPlmeSetRxOnWhenIdle
                0x0000732c      0x138 ./ieee_802.15.4/phy/source/PhyStateMachine.o
                0x0000732c                PhyPlmeSetRxOnWhenIdle
 .text.PhyIsIdleRx
                0x00007464       0x40 ./ieee_802.15.4/phy/source/PhyStateMachine.o
                0x00007464                PhyIsIdleRx
 .text.Radio_Phy_PdDataConfirm
                0x000074a4      0x144 ./ieee_802.15.4/phy/source/PhyStateMachine.o
                0x000074a4                Radio_Phy_PdDataConfirm
 .text.Radio_Phy_PdDataIndication
                0x000075e8       0x28 ./ieee_802.15.4/phy/source/PhyStateMachine.o
                0x000075e8                Radio_Phy_PdDataIndication
 .text.Radio_Phy_TimeWaitTimeoutIndication
                0x00007610       0x14 ./ieee_802.15.4/phy/source/PhyStateMachine.o
                0x00007610                Radio_Phy_TimeWaitTimeoutIndication
 .text.Radio_Phy_PlmeCcaConfirm
                0x00007624       0x40 ./ieee_802.15.4/phy/source/PhyStateMachine.o
                0x00007624                Radio_Phy_PlmeCcaConfirm
 .text.Radio_Phy_PlmeEdConfirm
                0x00007664       0x40 ./ieee_802.15.4/phy/source/PhyStateMachine.o
                0x00007664                Radio_Phy_PlmeEdConfirm
 .text.Radio_Phy_TimeRxTimeoutIndication
                0x000076a4       0x44 ./ieee_802.15.4/phy/source/PhyStateMachine.o
                0x000076a4                Radio_Phy_TimeRxTimeoutIndication
 .text.Radio_Phy_TimeStartEventIndication
                0x000076e8       0x14 ./ieee_802.15.4/phy/source/PhyStateMachine.o
                0x000076e8                Radio_Phy_TimeStartEventIndication
 .text.Radio_Phy_PlmeRxSfdDetect
                0x000076fc       0xd8 ./ieee_802.15.4/phy/source/PhyStateMachine.o
                0x000076fc                Radio_Phy_PlmeRxSfdDetect
 .text.Radio_Phy_PlmeSyncLossIndication
                0x000077d4       0x18 ./ieee_802.15.4/phy/source/PhyStateMachine.o
                0x000077d4                Radio_Phy_PlmeSyncLossIndication
 .text.Radio_Phy_PlmeFilterFailRx
                0x000077ec       0x84 ./ieee_802.15.4/phy/source/PhyStateMachine.o
                0x000077ec                Radio_Phy_PlmeFilterFailRx
 .text.PLME_SendMessage
                0x00007870       0xc4 ./ieee_802.15.4/phy/source/PhyStateMachine.o
 .text.PD_SendMessage
                0x00007934      0x210 ./ieee_802.15.4/phy/source/PhyStateMachine.o
 .text.Phy_SendLatePLME
                0x00007b44       0x20 ./ieee_802.15.4/phy/source/PhyStateMachine.o
 .text.Phy_SendLatePD
                0x00007b64       0x20 ./ieee_802.15.4/phy/source/PhyStateMachine.o
 .text.Radio_Phy_Notify
                0x00007b84       0x28 ./ieee_802.15.4/phy/source/PhyStateMachine.o
                0x00007b84                Radio_Phy_Notify
 .text.PhyTimeSetEventTrigger
                0x00007bac       0x78 ./ieee_802.15.4/phy/source/PhyTime.o
                0x00007bac                PhyTimeSetEventTrigger
 .text.PhyTimeSetEventTimeout
                0x00007c24       0x80 ./ieee_802.15.4/phy/source/PhyTime.o
                0x00007c24                PhyTimeSetEventTimeout
 .text.PhyTimeReadClock
                0x00007ca4       0x30 ./ieee_802.15.4/phy/source/PhyTime.o
                0x00007ca4                PhyTimeReadClock
 .text.PhyTimeSetWaitTimeout
                0x00007cd4       0x60 ./ieee_802.15.4/phy/source/PhyTime.o
                0x00007cd4                PhyTimeSetWaitTimeout
 .text.PhyTime_ISR
                0x00007d34       0x50 ./ieee_802.15.4/phy/source/PhyTime.o
                0x00007d34                PhyTime_ISR
 .text.PhyTime_TimerInit
                0x00007d84       0x88 ./ieee_802.15.4/phy/source/PhyTime.o
                0x00007d84                PhyTime_TimerInit
 .text.PhyTime_GetTimestamp
                0x00007e0c       0x4c ./ieee_802.15.4/phy/source/PhyTime.o
                0x00007e0c                PhyTime_GetTimestamp
 .text.PhyTime_ScheduleEvent
                0x00007e58       0xc0 ./ieee_802.15.4/phy/source/PhyTime.o
                0x00007e58                PhyTime_ScheduleEvent
 .text.PhyTime_CancelEvent
                0x00007f18       0x8c ./ieee_802.15.4/phy/source/PhyTime.o
                0x00007f18                PhyTime_CancelEvent
 .text.PhyTime_CancelEventsWithParam
                0x00007fa4       0xa0 ./ieee_802.15.4/phy/source/PhyTime.o
                0x00007fa4                PhyTime_CancelEventsWithParam
 .text.PhyTime_RunCallback
                0x00008044       0x60 ./ieee_802.15.4/phy/source/PhyTime.o
                0x00008044                PhyTime_RunCallback
 .text.PhyTime_Maintenance
                0x000080a4       0xb8 ./ieee_802.15.4/phy/source/PhyTime.o
                0x000080a4                PhyTime_Maintenance
 .text.PhyTime_OverflowCB
                0x0000815c       0x4c ./ieee_802.15.4/phy/source/PhyTime.o
 .text.PhyTime_GetNextEvent
                0x000081a8       0x74 ./ieee_802.15.4/phy/source/PhyTime.o
 .text.MAC_Monitor
                0x0000821c       0x1c ./ieee_802.15.4/App/FsciMacCommands.o
                0x0000821c                MAC_Monitor
 .text.MAC_Init
                0x00008238       0x60 ./ieee_802.15.4/App/MacGlobals.o
                0x00008238                MAC_Init
 .text.pxPortInitialiseStack
                0x00008298       0x64 ./freertos/portable/port.o
                0x00008298                pxPortInitialiseStack
 .text.prvTaskExitError
                0x000082fc       0x3c ./freertos/portable/port.o
 .text.SVC_Handler
                0x00008338       0x20 ./freertos/portable/port.o
                0x00008338                SVC_Handler
 .text.prvPortStartFirstTask
                0x00008358       0x20 ./freertos/portable/port.o
 .text.xPortStartScheduler
                0x00008378      0x118 ./freertos/portable/port.o
                0x00008378                xPortStartScheduler
 .text.vPortEnterCritical
                0x00008490       0x5c ./freertos/portable/port.o
                0x00008490                vPortEnterCritical
 .text.vPortExitCritical
                0x000084ec       0x4c ./freertos/portable/port.o
                0x000084ec                vPortExitCritical
 .text.PendSV_Handler
                0x00008538       0x60 ./freertos/portable/port.o
                0x00008538                PendSV_Handler
 .text.SysTick_Handler
                0x00008598       0x44 ./freertos/portable/port.o
                0x00008598                SysTick_Handler
 .text.vPortSetupTimerInterrupt
                0x000085dc       0x40 ./freertos/portable/port.o
                0x000085dc                vPortSetupTimerInterrupt
 .text.vPortEnableVFP
                0x0000861c       0x14 ./freertos/portable/port.o
 .text.vPortValidateInterruptPriority
                0x00008630       0x78 ./freertos/portable/port.o
                0x00008630                vPortValidateInterruptPriority
 .text.xEventGroupCreate
                0x000086a8       0x30 ./freertos/event_groups.o
                0x000086a8                xEventGroupCreate
 .text.xEventGroupWaitBits
                0x000086d8      0x194 ./freertos/event_groups.o
                0x000086d8                xEventGroupWaitBits
 .text.xEventGroupSetBits
                0x0000886c      0x114 ./freertos/event_groups.o
                0x0000886c                xEventGroupSetBits
 .text.vEventGroupSetBitsCallback
                0x00008980       0x18 ./freertos/event_groups.o
                0x00008980                vEventGroupSetBitsCallback
 .text.prvTestWaitCondition
                0x00008998       0x44 ./freertos/event_groups.o
 .text.pvPortMalloc
                0x000089dc      0x184 ./freertos/heap_4.o
                0x000089dc                pvPortMalloc
 .text.vPortFree
                0x00008b60       0xb0 ./freertos/heap_4.o
                0x00008b60                vPortFree
 .text.prvHeapInit
                0x00008c10       0xc4 ./freertos/heap_4.o
 .text.prvInsertBlockIntoFreeList
                0x00008cd4       0xb0 ./freertos/heap_4.o
 .text.vListInitialise
                0x00008d84       0x40 ./freertos/list.o
                0x00008d84                vListInitialise
 .text.vListInitialiseItem
                0x00008dc4       0x18 ./freertos/list.o
                0x00008dc4                vListInitialiseItem
 .text.vListInsertEnd
                0x00008ddc       0x48 ./freertos/list.o
                0x00008ddc                vListInsertEnd
 .text.vListInsert
                0x00008e24       0x70 ./freertos/list.o
                0x00008e24                vListInsert
 .text.uxListRemove
                0x00008e94       0x54 ./freertos/list.o
                0x00008e94                uxListRemove
 .text.xQueueGenericReset
                0x00008ee8       0xd0 ./freertos/queue.o
                0x00008ee8                xQueueGenericReset
 .text.xQueueGenericCreate
                0x00008fb8       0xac ./freertos/queue.o
                0x00008fb8                xQueueGenericCreate
 .text.xQueueCreateMutex
                0x00009064       0x7c ./freertos/queue.o
                0x00009064                xQueueCreateMutex
 .text.xQueueGetMutexHolder
                0x000090e0       0x30 ./freertos/queue.o
                0x000090e0                xQueueGetMutexHolder
 .text.xQueueCreateCountingSemaphore
                0x00009110       0x7c ./freertos/queue.o
                0x00009110                xQueueCreateCountingSemaphore
 .text.xQueueGenericSend
                0x0000918c      0x1ec ./freertos/queue.o
                0x0000918c                xQueueGenericSend
 .text.xQueueGenericSendFromISR
                0x00009378      0x118 ./freertos/queue.o
                0x00009378                xQueueGenericSendFromISR
 .text.xQueueGiveFromISR
                0x00009490      0x100 ./freertos/queue.o
                0x00009490                xQueueGiveFromISR
 .text.xQueueGenericReceive
                0x00009590      0x20c ./freertos/queue.o
                0x00009590                xQueueGenericReceive
 .text.prvCopyDataToQueue
                0x0000979c       0xdc ./freertos/queue.o
 .text.prvCopyDataFromQueue
                0x00009878       0x4c ./freertos/queue.o
 .text.prvUnlockQueue
                0x000098c4       0x98 ./freertos/queue.o
 .text.prvIsQueueEmpty
                0x0000995c       0x2c ./freertos/queue.o
 .text.prvIsQueueFull
                0x00009988       0x30 ./freertos/queue.o
 .text.vQueueAddToRegistry
                0x000099b8       0x50 ./freertos/queue.o
                0x000099b8                vQueueAddToRegistry
 .text.vQueueWaitForMessageRestricted
                0x00009a08       0x5c ./freertos/queue.o
                0x00009a08                vQueueWaitForMessageRestricted
 .text.xTaskGenericCreate
                0x00009a64      0x198 ./freertos/tasks.o
                0x00009a64                xTaskGenericCreate
 .text.vTaskStartScheduler
                0x00009bfc       0x98 ./freertos/tasks.o
                0x00009bfc                vTaskStartScheduler
 .text.vTaskSuspendAll
                0x00009c94       0x1c ./freertos/tasks.o
                0x00009c94                vTaskSuspendAll
 .text.xTaskResumeAll
                0x00009cb0      0x128 ./freertos/tasks.o
                0x00009cb0                xTaskResumeAll
 .text.xTaskGetTickCount
                0x00009dd8       0x20 ./freertos/tasks.o
                0x00009dd8                xTaskGetTickCount
 .text.xTaskIncrementTick
                0x00009df8      0x15c ./freertos/tasks.o
                0x00009df8                xTaskIncrementTick
 .text.vTaskSwitchContext
                0x00009f54       0xb4 ./freertos/tasks.o
                0x00009f54                vTaskSwitchContext
 .text.vTaskPlaceOnEventList
                0x0000a008       0x9c ./freertos/tasks.o
                0x0000a008                vTaskPlaceOnEventList
 .text.vTaskPlaceOnUnorderedEventList
                0x0000a0a4       0xc8 ./freertos/tasks.o
                0x0000a0a4                vTaskPlaceOnUnorderedEventList
 .text.vTaskPlaceOnEventListRestricted
                0x0000a16c       0x9c ./freertos/tasks.o
                0x0000a16c                vTaskPlaceOnEventListRestricted
 .text.xTaskRemoveFromEventList
                0x0000a208       0xc4 ./freertos/tasks.o
                0x0000a208                xTaskRemoveFromEventList
 .text.xTaskRemoveFromUnorderedEventList
                0x0000a2cc       0xcc ./freertos/tasks.o
                0x0000a2cc                xTaskRemoveFromUnorderedEventList
 .text.vTaskSetTimeOutState
                0x0000a398       0x44 ./freertos/tasks.o
                0x0000a398                vTaskSetTimeOutState
 .text.xTaskCheckForTimeOut
                0x0000a3dc       0xbc ./freertos/tasks.o
                0x0000a3dc                xTaskCheckForTimeOut
 .text.vTaskMissedYield
                0x0000a498       0x18 ./freertos/tasks.o
                0x0000a498                vTaskMissedYield
 .text.prvIdleTask
                0x0000a4b0       0x30 ./freertos/tasks.o
 .text.prvInitialiseTCBVariables
                0x0000a4e0       0xa4 ./freertos/tasks.o
 .text.prvInitialiseTaskLists
                0x0000a584       0x7c ./freertos/tasks.o
 .text.prvCheckTasksWaitingTermination
                0x0000a600       0x74 ./freertos/tasks.o
 .text.prvAddCurrentTaskToDelayedList
                0x0000a674       0x6c ./freertos/tasks.o
 .text.prvAllocateTCBAndStack
                0x0000a6e0       0x70 ./freertos/tasks.o
 .text.prvDeleteTCB
                0x0000a750       0x20 ./freertos/tasks.o
 .text.prvResetNextTaskUnblockTime
                0x0000a770       0x48 ./freertos/tasks.o
 .text.xTaskGetCurrentTaskHandle
                0x0000a7b8       0x20 ./freertos/tasks.o
                0x0000a7b8                xTaskGetCurrentTaskHandle
 .text.xTaskGetSchedulerState
                0x0000a7d8       0x3c ./freertos/tasks.o
                0x0000a7d8                xTaskGetSchedulerState
 .text.vTaskPriorityInherit
                0x0000a814       0xec ./freertos/tasks.o
                0x0000a814                vTaskPriorityInherit
 .text.xTaskPriorityDisinherit
                0x0000a900      0x108 ./freertos/tasks.o
                0x0000a900                xTaskPriorityDisinherit
 .text.uxTaskResetEventItemValue
                0x0000aa08       0x30 ./freertos/tasks.o
                0x0000aa08                uxTaskResetEventItemValue
 .text.pvTaskIncrementMutexHeldCount
                0x0000aa38       0x28 ./freertos/tasks.o
                0x0000aa38                pvTaskIncrementMutexHeldCount
 .text.xTimerCreateTimerTask
                0x0000aa60       0x64 ./freertos/timers.o
                0x0000aa60                xTimerCreateTimerTask
 .text.xTimerGenericCommand
                0x0000aac4       0xa4 ./freertos/timers.o
                0x0000aac4                xTimerGenericCommand
 .text.prvProcessExpiredTimer
                0x0000ab68       0x80 ./freertos/timers.o
 .text.prvTimerTask
                0x0000abe8       0x24 ./freertos/timers.o
 .text.prvProcessTimerOrBlockTask
                0x0000ac0c       0x9c ./freertos/timers.o
 .text.prvGetNextExpireTime
                0x0000aca8       0x48 ./freertos/timers.o
 .text.prvSampleTimeNow
                0x0000acf0       0x40 ./freertos/timers.o
 .text.prvInsertTimerInActiveList
                0x0000ad30       0x84 ./freertos/timers.o
 .text.prvProcessReceivedCommands
                0x0000adb4      0x164 ./freertos/timers.o
 .text.prvSwitchTimerLists
                0x0000af18       0xc0 ./freertos/timers.o
 .text.prvCheckForValidListAndQueue
                0x0000afd8       0x8c ./freertos/timers.o
 .text.xTimerPendFunctionCallFromISR
                0x0000b064       0x44 ./freertos/timers.o
                0x0000b064                xTimerPendFunctionCallFromISR
 .text.NVIC_EnableIRQ
                0x0000b0a8       0x30 ./framework/TimersManager/Source/TMR_Adapter.o
 .text.NVIC_ClearPendingIRQ
                0x0000b0d8       0x34 ./framework/TimersManager/Source/TMR_Adapter.o
 .text.NVIC_SetPriority
                0x0000b10c       0x54 ./framework/TimersManager/Source/TMR_Adapter.o
 .text.FTM_StartTimer
                0x0000b160       0x38 ./framework/TimersManager/Source/TMR_Adapter.o
 .text.FTM_StopTimer
                0x0000b198       0x20 ./framework/TimersManager/Source/TMR_Adapter.o
 .text.StackTimer_Init
                0x0000b1b8       0x78 ./framework/TimersManager/Source/TMR_Adapter.o
                0x0000b1b8                StackTimer_Init
 .text.StackTimer_Enable
                0x0000b230       0x18 ./framework/TimersManager/Source/TMR_Adapter.o
                0x0000b230                StackTimer_Enable
 .text.StackTimer_Disable
                0x0000b248       0x14 ./framework/TimersManager/Source/TMR_Adapter.o
                0x0000b248                StackTimer_Disable
 .text.StackTimer_GetInputFrequency
                0x0000b25c       0x24 ./framework/TimersManager/Source/TMR_Adapter.o
                0x0000b25c                StackTimer_GetInputFrequency
 .text.StackTimer_GetCounterValue
                0x0000b280       0x18 ./framework/TimersManager/Source/TMR_Adapter.o
                0x0000b280                StackTimer_GetCounterValue
 .text.StackTimer_SetOffsetTicks
                0x0000b298       0x24 ./framework/TimersManager/Source/TMR_Adapter.o
                0x0000b298                StackTimer_SetOffsetTicks
 .text.StackTimer_ClearIntFlag
                0x0000b2bc       0x28 ./framework/TimersManager/Source/TMR_Adapter.o
                0x0000b2bc                StackTimer_ClearIntFlag
 .text.TMR_GetTimerStatus
                0x0000b2e4       0x28 ./framework/TimersManager/Source/TimersManager.o
 .text.TMR_SetTimerStatus
                0x0000b30c       0x38 ./framework/TimersManager/Source/TimersManager.o
 .text.TMR_GetTimerType
                0x0000b344       0x28 ./framework/TimersManager/Source/TimersManager.o
 .text.TMR_SetTimerType
                0x0000b36c       0x38 ./framework/TimersManager/Source/TimersManager.o
 .text.TmrTicksFromMilliseconds
                0x0000b3a4       0x50 ./framework/TimersManager/Source/TimersManager.o
                0x0000b3a4                TmrTicksFromMilliseconds
 .text.TMR_Init
                0x0000b3f4       0x7c ./framework/TimersManager/Source/TimersManager.o
                0x0000b3f4                TMR_Init
 .text.TMR_NotifyClkChanged
                0x0000b470       0x40 ./framework/TimersManager/Source/TimersManager.o
                0x0000b470                TMR_NotifyClkChanged
 .text.TMR_AllocateTimer
                0x0000b4b0       0x48 ./framework/TimersManager/Source/TimersManager.o
                0x0000b4b0                TMR_AllocateTimer
 .text.StackTimer_ISR
                0x0000b4f8       0x1c ./framework/TimersManager/Source/TimersManager.o
 .text.TMR_IsTimerActive
                0x0000b514       0x28 ./framework/TimersManager/Source/TimersManager.o
                0x0000b514                TMR_IsTimerActive
 .text.TMR_StartTimer
                0x0000b53c       0xbc ./framework/TimersManager/Source/TimersManager.o
                0x0000b53c                TMR_StartTimer
 .text.TMR_StartIntervalTimer
                0x0000b5f8       0x2c ./framework/TimersManager/Source/TimersManager.o
                0x0000b5f8                TMR_StartIntervalTimer
 .text.TMR_StartSingleShotTimer
                0x0000b624       0x2c ./framework/TimersManager/Source/TimersManager.o
                0x0000b624                TMR_StartSingleShotTimer
 .text.TMR_StopTimer
                0x0000b650       0xc4 ./framework/TimersManager/Source/TimersManager.o
                0x0000b650                TMR_StopTimer
 .text.TMR_Task
                0x0000b714      0x2ec ./framework/TimersManager/Source/TimersManager.o
                0x0000b714                TMR_Task
 .text.TMR_EnableTimer
                0x0000ba00       0x78 ./framework/TimersManager/Source/TimersManager.o
                0x0000ba00                TMR_EnableTimer
 .text.SerialManager_Init
                0x0000ba78       0x78 ./framework/SerialManager/Source/SerialManager.o
                0x0000ba78                SerialManager_Init
 .text.SerialManagerTask
                0x0000baf0      0x134 ./framework/SerialManager/Source/SerialManager.o
                0x0000baf0                SerialManagerTask
 .text.Serial_InitInterface
                0x0000bc24      0x16c ./framework/SerialManager/Source/SerialManager.o
                0x0000bc24                Serial_InitInterface
 .text.Serial_AsyncWrite
                0x0000bd90      0x15c ./framework/SerialManager/Source/SerialManager.o
                0x0000bd90                Serial_AsyncWrite
 .text.Serial_SyncWrite
                0x0000beec       0xb4 ./framework/SerialManager/Source/SerialManager.o
                0x0000beec                Serial_SyncWrite
 .text.Serial_Read
                0x0000bfa0       0xcc ./framework/SerialManager/Source/SerialManager.o
                0x0000bfa0                Serial_Read
 .text.Serial_RxBufferByteCount
                0x0000c06c       0xc4 ./framework/SerialManager/Source/SerialManager.o
                0x0000c06c                Serial_RxBufferByteCount
 .text.Serial_SetRxCallBack
                0x0000c130       0x58 ./framework/SerialManager/Source/SerialManager.o
                0x0000c130                Serial_SetRxCallBack
 .text.Serial_SetBaudRate
                0x0000c188       0x6c ./framework/SerialManager/Source/SerialManager.o
                0x0000c188                Serial_SetBaudRate
 .text.Serial_Print
                0x0000c1f4       0x60 ./framework/SerialManager/Source/SerialManager.o
                0x0000c1f4                Serial_Print
 .text.Serial_PrintHex
                0x0000c254      0x158 ./framework/SerialManager/Source/SerialManager.o
                0x0000c254                Serial_PrintHex
 .text.Serial_WriteInternal
                0x0000c3ac       0xe8 ./framework/SerialManager/Source/SerialManager.o
 .text.SerialManager_RxNotify
                0x0000c494       0xb0 ./framework/SerialManager/Source/SerialManager.o
                0x0000c494                SerialManager_RxNotify
 .text.SerialManager_TxNotify
                0x0000c544       0xd0 ./framework/SerialManager/Source/SerialManager.o
                0x0000c544                SerialManager_TxNotify
 .text.Serial_TxQueueMaintenance
                0x0000c614      0x124 ./framework/SerialManager/Source/SerialManager.o
 .text.Serial_SyncTxCallback
                0x0000c738       0x1c ./framework/SerialManager/Source/SerialManager.o
 .text.Serial_UartRxCb
                0x0000c754       0x4c ./framework/SerialManager/Source/SerialManager.o
 .text.Serial_UartTxCb
                0x0000c7a0       0x18 ./framework/SerialManager/Source/SerialManager.o
 .text.NVIC_EnableIRQ
                0x0000c7b8       0x30 ./framework/SerialManager/Source/UART_Adapter.o
 .text.NVIC_SetPriority
                0x0000c7e8       0x54 ./framework/SerialManager/Source/UART_Adapter.o
 .text.UART_WriteByte
                0x0000c83c       0x1c ./framework/SerialManager/Source/UART_Adapter.o
 .text.UART_ReadByte
                0x0000c858       0x1c ./framework/SerialManager/Source/UART_Adapter.o
 .text.UART_Initialize
                0x0000c874       0xdc ./framework/SerialManager/Source/UART_Adapter.o
                0x0000c874                UART_Initialize
 .text.UART_SetBaudrate
                0x0000c950       0x44 ./framework/SerialManager/Source/UART_Adapter.o
                0x0000c950                UART_SetBaudrate
 .text.UART_SendData
                0x0000c994       0xb0 ./framework/SerialManager/Source/UART_Adapter.o
                0x0000c994                UART_SendData
 .text.UART_InstallRxCalback
                0x0000ca44       0x48 ./framework/SerialManager/Source/UART_Adapter.o
                0x0000ca44                UART_InstallRxCalback
 .text.UART_InstallTxCalback
                0x0000ca8c       0x48 ./framework/SerialManager/Source/UART_Adapter.o
                0x0000ca8c                UART_InstallTxCalback
 .text.UART_IsTxActive
                0x0000cad4       0x58 ./framework/SerialManager/Source/UART_Adapter.o
                0x0000cad4                UART_IsTxActive
 .text.UART_ISR
                0x0000cb2c      0x148 ./framework/SerialManager/Source/UART_Adapter.o
 .text.SecLib_Init
                0x0000cc74       0x30 ./framework/SecLib/SecLib.o
                0x0000cc74                SecLib_Init
 .text.AES_128_Encrypt
                0x0000cca4       0xc8 ./framework/SecLib/SecLib.o
                0x0000cca4                AES_128_Encrypt
 .text.AES_128_CCM
                0x0000cd6c       0x68 ./framework/SecLib/SecLib.o
                0x0000cd6c                AES_128_CCM
 .text.SecLib_XorN
                0x0000cdd4       0x44 ./framework/SecLib/SecLib.o
                0x0000cdd4                SecLib_XorN
 .text.RNG_Init
                0x0000ce18       0x44 ./framework/RNG/Source/RNG.o
                0x0000ce18                RNG_Init
 .text.RNG_GetRandomNo
                0x0000ce5c       0x2c ./framework/RNG/Source/RNG.o
                0x0000ce5c                RNG_GetRandomNo
 .text.panic    0x0000ce88       0x18 ./framework/Panic/Source/Panic.o
                0x0000ce88                panic
 .text.startup_task
                0x0000cea0       0x10 ./framework/OSAbstraction/Interface/fsl_os_abstraction_free_rtos.o
                0x0000cea0                startup_task
 .text.OSA_TaskGetId
                0x0000ceb0       0x10 ./framework/OSAbstraction/Interface/fsl_os_abstraction_free_rtos.o
                0x0000ceb0                OSA_TaskGetId
 .text.OSA_TaskCreate
                0x0000cec0       0x58 ./framework/OSAbstraction/Interface/fsl_os_abstraction_free_rtos.o
                0x0000cec0                OSA_TaskCreate
 .text.OSA_SemaphoreCreate
                0x0000cf18       0x1c ./framework/OSAbstraction/Interface/fsl_os_abstraction_free_rtos.o
                0x0000cf18                OSA_SemaphoreCreate
 .text.OSA_SemaphoreWait
                0x0000cf34       0x60 ./framework/OSAbstraction/Interface/fsl_os_abstraction_free_rtos.o
                0x0000cf34                OSA_SemaphoreWait
 .text.OSA_SemaphorePost
                0x0000cf94       0x84 ./framework/OSAbstraction/Interface/fsl_os_abstraction_free_rtos.o
                0x0000cf94                OSA_SemaphorePost
 .text.OSA_MutexCreate
                0x0000d018       0x18 ./framework/OSAbstraction/Interface/fsl_os_abstraction_free_rtos.o
                0x0000d018                OSA_MutexCreate
 .text.OSA_MutexLock
                0x0000d030       0x78 ./framework/OSAbstraction/Interface/fsl_os_abstraction_free_rtos.o
                0x0000d030                OSA_MutexLock
 .text.OSA_MutexUnlock
                0x0000d0a8       0x4c ./framework/OSAbstraction/Interface/fsl_os_abstraction_free_rtos.o
                0x0000d0a8                OSA_MutexUnlock
 .text.OSA_EventCreate
                0x0000d0f4       0x64 ./framework/OSAbstraction/Interface/fsl_os_abstraction_free_rtos.o
                0x0000d0f4                OSA_EventCreate
 .text.OSA_EventSet
                0x0000d158       0xa4 ./framework/OSAbstraction/Interface/fsl_os_abstraction_free_rtos.o
                0x0000d158                OSA_EventSet
 .text.OSA_EventWait
                0x0000d1fc       0xa0 ./framework/OSAbstraction/Interface/fsl_os_abstraction_free_rtos.o
                0x0000d1fc                OSA_EventWait
 .text.OSA_InterruptEnable
                0x0000d29c       0x4c ./framework/OSAbstraction/Interface/fsl_os_abstraction_free_rtos.o
                0x0000d29c                OSA_InterruptEnable
 .text.OSA_InterruptDisable
                0x0000d2e8       0x60 ./framework/OSAbstraction/Interface/fsl_os_abstraction_free_rtos.o
                0x0000d2e8                OSA_InterruptDisable
 .text.OSA_InstallIntHandler
                0x0000d348       0x20 ./framework/OSAbstraction/Interface/fsl_os_abstraction_free_rtos.o
                0x0000d348                OSA_InstallIntHandler
 .text.main     0x0000d368       0x20 ./framework/OSAbstraction/Interface/fsl_os_abstraction_free_rtos.o
                0x0000d368                main
 .text.osObjectAlloc
                0x0000d388       0x50 ./framework/OSAbstraction/Interface/fsl_os_abstraction_free_rtos.o
 .text.osObjectIsAllocated
                0x0000d3d8       0x54 ./framework/OSAbstraction/Interface/fsl_os_abstraction_free_rtos.o
 .text.osObjectFree
                0x0000d42c       0x4c ./framework/OSAbstraction/Interface/fsl_os_abstraction_free_rtos.o
 .text.ListAddTailMsg
                0x0000d478       0x24 ./framework/Messaging/Source/Messaging.o
                0x0000d478                ListAddTailMsg
 .text.ListAddHeadMsg
                0x0000d49c       0x24 ./framework/Messaging/Source/Messaging.o
                0x0000d49c                ListAddHeadMsg
 .text.ListRemoveHeadMsg
                0x0000d4c0       0x28 ./framework/Messaging/Source/Messaging.o
                0x0000d4c0                ListRemoveHeadMsg
 .text.ListGetHeadMsg
                0x0000d4e8       0x30 ./framework/Messaging/Source/Messaging.o
                0x0000d4e8                ListGetHeadMsg
 .text.ListGetNextMsg
                0x0000d518       0x38 ./framework/Messaging/Source/Messaging.o
                0x0000d518                ListGetNextMsg
 .text.ListRemoveMsg
                0x0000d550       0x20 ./framework/Messaging/Source/Messaging.o
                0x0000d550                ListRemoveMsg
 .text.MEM_Init
                0x0000d570       0xbc ./framework/MemManager/Source/MemManager.o
                0x0000d570                MEM_Init
 .text.MEM_BufferAllocWithId
                0x0000d62c       0xac ./framework/MemManager/Source/MemManager.o
                0x0000d62c                MEM_BufferAllocWithId
 .text.MEM_BufferFree
                0x0000d6d8       0xb0 ./framework/MemManager/Source/MemManager.o
                0x0000d6d8                MEM_BufferFree
 .text.ListInit
                0x0000d788       0x30 ./framework/Lists/GenericList.o
                0x0000d788                ListInit
 .text.ListAddTail
                0x0000d7b8       0x78 ./framework/Lists/GenericList.o
                0x0000d7b8                ListAddTail
 .text.ListAddHead
                0x0000d830       0x78 ./framework/Lists/GenericList.o
                0x0000d830                ListAddHead
 .text.ListRemoveHead
                0x0000d8a8       0x68 ./framework/Lists/GenericList.o
                0x0000d8a8                ListRemoveHead
 .text.ListRemoveElement
                0x0000d910       0x80 ./framework/Lists/GenericList.o
                0x0000d910                ListRemoveElement
 .text.ListGetSize
                0x0000d990       0x18 ./framework/Lists/GenericList.o
                0x0000d990                ListGetSize
 .text.LED_Init
                0x0000d9a8       0x28 ./framework/LED/Source/LED.o
                0x0000d9a8                LED_Init
 .text.LED_Operate
                0x0000d9d0       0x5c ./framework/LED/Source/LED.o
                0x0000d9d0                LED_Operate
 .text.LED_TurnOnLed
                0x0000da2c       0x1c ./framework/LED/Source/LED.o
                0x0000da2c                LED_TurnOnLed
 .text.LED_TurnOffLed
                0x0000da48       0x1c ./framework/LED/Source/LED.o
                0x0000da48                LED_TurnOffLed
 .text.LED_ToggleLed
                0x0000da64       0x1c ./framework/LED/Source/LED.o
                0x0000da64                LED_ToggleLed
 .text.LED_StopFlashingAllLeds
                0x0000da80       0x10 ./framework/LED/Source/LED.o
                0x0000da80                LED_StopFlashingAllLeds
 .text.LED_StartBlip
                0x0000da90       0x48 ./framework/LED/Source/LED.o
                0x0000da90                LED_StartBlip
 .text.LED_StopFlash
                0x0000dad8       0x44 ./framework/LED/Source/LED.o
                0x0000dad8                LED_StopFlash
 .text.LED_SetLed
                0x0000db1c       0x94 ./framework/LED/Source/LED.o
                0x0000db1c                LED_SetLed
 .text.LED_StartFlashWithPeriod
                0x0000dbb0       0x54 ./framework/LED/Source/LED.o
                0x0000dbb0                LED_StartFlashWithPeriod
 .text.LED_StartSerialFlashWithPeriod
                0x0000dc04       0x74 ./framework/LED/Source/LED.o
                0x0000dc04                LED_StartSerialFlashWithPeriod
 .text.LED_StopSerialFlash
                0x0000dc78       0x58 ./framework/LED/Source/LED.o
                0x0000dc78                LED_StopSerialFlash
 .text.LED_GpioSet
                0x0000dcd0       0x3c ./framework/LED/Source/LED.o
 .text.LED_DecrementBlip
                0x0000dd0c       0x78 ./framework/LED/Source/LED.o
 .text.LED_FlashTimeout
                0x0000dd84       0x68 ./framework/LED/Source/LED.o
 .text.KbGpioInit
                0x0000ddec       0x44 ./framework/Keyboard/Source/Keyboard.o
 .text.KBD_KeySwitchPortGet
                0x0000de30       0x7c ./framework/Keyboard/Source/Keyboard.o
 .text.KBD_KeyCheck
                0x0000deac       0x88 ./framework/Keyboard/Source/Keyboard.o
 .text.KeyScan  0x0000df34      0x130 ./framework/Keyboard/Source/Keyboard.o
 .text.Switch_CheckIRQ
                0x0000e064       0x44 ./framework/Keyboard/Source/Keyboard.o
 .text.KBD_Init
                0x0000e0a8       0xc0 ./framework/Keyboard/Source/Keyboard.o
                0x0000e0a8                KBD_Init
 .text.Switch_Press_ISR
                0x0000e168       0x68 ./framework/Keyboard/Source/Keyboard.o
                0x0000e168                Switch_Press_ISR
 .text.NVIC_EnableIRQ
                0x0000e1d0       0x30 ./framework/GPIO/Source/GPIO_Adapter.o
 .text.NVIC_ClearPendingIRQ
                0x0000e200       0x34 ./framework/GPIO/Source/GPIO_Adapter.o
 .text.NVIC_SetPriority
                0x0000e234       0x54 ./framework/GPIO/Source/GPIO_Adapter.o
 .text.NVIC_GetPriority
                0x0000e288       0x50 ./framework/GPIO/Source/GPIO_Adapter.o
 .text.GPIO_SetPinsOutput
                0x0000e2d8       0x1c ./framework/GPIO/Source/GPIO_Adapter.o
 .text.GPIO_ClearPinsOutput
                0x0000e2f4       0x1c ./framework/GPIO/Source/GPIO_Adapter.o
 .text.GPIO_TogglePinsOutput
                0x0000e310       0x1c ./framework/GPIO/Source/GPIO_Adapter.o
 .text.GPIO_ReadPinInput
                0x0000e32c       0x24 ./framework/GPIO/Source/GPIO_Adapter.o
 .text.PORT_SetPinConfig
                0x0000e350       0x44 ./framework/GPIO/Source/GPIO_Adapter.o
 .text.PORT_SetPinMux
                0x0000e394       0x38 ./framework/GPIO/Source/GPIO_Adapter.o
 .text.PORT_SetPinInterruptConfig
                0x0000e3cc       0x38 ./framework/GPIO/Source/GPIO_Adapter.o
 .text.PORT_GetPinsInterruptFlags
                0x0000e404       0x1c ./framework/GPIO/Source/GPIO_Adapter.o
 .text.PORT_ClearPinsInterruptFlags
                0x0000e420       0x1c ./framework/GPIO/Source/GPIO_Adapter.o
 .text.GpioSetPinInterrupt
                0x0000e43c       0x34 ./framework/GPIO/Source/GPIO_Adapter.o
                0x0000e43c                GpioSetPinInterrupt
 .text.GpioSetPassiveFilter
                0x0000e470       0x5c ./framework/GPIO/Source/GPIO_Adapter.o
                0x0000e470                GpioSetPassiveFilter
 .text.GpioSetPinMux
                0x0000e4cc       0x34 ./framework/GPIO/Source/GPIO_Adapter.o
                0x0000e4cc                GpioSetPinMux
 .text.GpioClearPinIntFlag
                0x0000e500       0x30 ./framework/GPIO/Source/GPIO_Adapter.o
                0x0000e500                GpioClearPinIntFlag
 .text.GpioIsPinIntPending
                0x0000e530       0x38 ./framework/GPIO/Source/GPIO_Adapter.o
                0x0000e530                GpioIsPinIntPending
 .text.GpioSetPinOutput
                0x0000e568       0x30 ./framework/GPIO/Source/GPIO_Adapter.o
                0x0000e568                GpioSetPinOutput
 .text.GpioClearPinOutput
                0x0000e598       0x30 ./framework/GPIO/Source/GPIO_Adapter.o
                0x0000e598                GpioClearPinOutput
 .text.GpioTogglePinOutput
                0x0000e5c8       0x30 ./framework/GPIO/Source/GPIO_Adapter.o
                0x0000e5c8                GpioTogglePinOutput
 .text.GpioReadPinInput
                0x0000e5f8       0x30 ./framework/GPIO/Source/GPIO_Adapter.o
                0x0000e5f8                GpioReadPinInput
 .text.GpioInputPinInit
                0x0000e628       0xfc ./framework/GPIO/Source/GPIO_Adapter.o
                0x0000e628                GpioInputPinInit
 .text.GpioOutputPinInit
                0x0000e724       0xe4 ./framework/GPIO/Source/GPIO_Adapter.o
                0x0000e724                GpioOutputPinInit
 .text.GpioInstallIsr
                0x0000e808      0x238 ./framework/GPIO/Source/GPIO_Adapter.o
                0x0000e808                GpioInstallIsr
 .text.Gpio_CommonIsr
                0x0000ea40       0xa8 ./framework/GPIO/Source/GPIO_Adapter.o
 .text.Gpio_InstallPortISR
                0x0000eae8       0x54 ./framework/GPIO/Source/GPIO_Adapter.o
 .text.FLib_MemCpy
                0x0000eb3c       0x38 ./framework/FunctionLib/FunctionLib.o
                0x0000eb3c                FLib_MemCpy
 .text.FLib_MemCpyReverseOrder
                0x0000eb74       0x48 ./framework/FunctionLib/FunctionLib.o
                0x0000eb74                FLib_MemCpyReverseOrder
 .text.FLib_MemCmp
                0x0000ebbc       0x4c ./framework/FunctionLib/FunctionLib.o
                0x0000ebbc                FLib_MemCmp
 .text.FLib_MemSet
                0x0000ec08       0x30 ./framework/FunctionLib/FunctionLib.o
                0x0000ec08                FLib_MemSet
 .text.CLOCK_EnableClock
                0x0000ec38       0x34 ./drivers/fsl_clock.o
 .text.CLOCK_DisableClock
                0x0000ec6c       0x38 ./drivers/fsl_clock.o
 .text.CLOCK_SetEr32kClock
                0x0000eca4       0x2c ./drivers/fsl_clock.o
 .text.CLOCK_SetPllFllSelClock
                0x0000ecd0       0x38 ./drivers/fsl_clock.o
 .text.OSC_SetExtRefClkConfig
                0x0000ed08       0x34 ./drivers/fsl_clock.o
 .text.OSC_SetCapLoad
                0x0000ed3c       0x34 ./drivers/fsl_clock.o
 .text.CLOCK_GetMcgExtClkFreq
                0x0000ed70       0x8c ./drivers/fsl_clock.o
 .text.CLOCK_GetFllExtRefClkFreq
                0x0000edfc       0xc8 ./drivers/fsl_clock.o
 .text.CLOCK_GetInternalRefClkSelectFreq
                0x0000eec4       0x44 ./drivers/fsl_clock.o
 .text.CLOCK_GetFllRefClkFreq
                0x0000ef08       0x2c ./drivers/fsl_clock.o
 .text.CLOCK_GetPll0RefFreq
                0x0000ef34       0x10 ./drivers/fsl_clock.o
 .text.CLOCK_GetOscRangeFromFreq
                0x0000ef44       0x3c ./drivers/fsl_clock.o
 .text.CLOCK_GetOsc0ErClkFreq
                0x0000ef80       0x48 ./drivers/fsl_clock.o
                0x0000ef80                CLOCK_GetOsc0ErClkFreq
 .text.CLOCK_GetEr32kClkFreq
                0x0000efc8       0x80 ./drivers/fsl_clock.o
                0x0000efc8                CLOCK_GetEr32kClkFreq
 .text.CLOCK_GetPllFllSelClkFreq
                0x0000f048       0x54 ./drivers/fsl_clock.o
                0x0000f048                CLOCK_GetPllFllSelClkFreq
 .text.CLOCK_GetFreq
                0x0000f09c      0x144 ./drivers/fsl_clock.o
                0x0000f09c                CLOCK_GetFreq
 .text.CLOCK_SetSimConfig
                0x0000f1e0       0x34 ./drivers/fsl_clock.o
                0x0000f1e0                CLOCK_SetSimConfig
 .text.CLOCK_EnableUsbfs0Clock
                0x0000f214      0x100 ./drivers/fsl_clock.o
                0x0000f214                CLOCK_EnableUsbfs0Clock
 .text.CLOCK_GetOutClkFreq
                0x0000f314       0x64 ./drivers/fsl_clock.o
                0x0000f314                CLOCK_GetOutClkFreq
 .text.CLOCK_GetFllFreq
                0x0000f378       0x74 ./drivers/fsl_clock.o
                0x0000f378                CLOCK_GetFllFreq
 .text.CLOCK_GetInternalRefClkFreq
                0x0000f3ec       0x24 ./drivers/fsl_clock.o
                0x0000f3ec                CLOCK_GetInternalRefClkFreq
 .text.CLOCK_GetFixedFreqClkFreq
                0x0000f410       0x30 ./drivers/fsl_clock.o
                0x0000f410                CLOCK_GetFixedFreqClkFreq
 .text.CLOCK_GetPll0Freq
                0x0000f440       0x78 ./drivers/fsl_clock.o
                0x0000f440                CLOCK_GetPll0Freq
 .text.CLOCK_SetExternalRefClkConfig
                0x0000f4b8       0x90 ./drivers/fsl_clock.o
                0x0000f4b8                CLOCK_SetExternalRefClkConfig
 .text.CLOCK_SetInternalRefClkConfig
                0x0000f548      0x104 ./drivers/fsl_clock.o
                0x0000f548                CLOCK_SetInternalRefClkConfig
 .text.CLOCK_EnablePll0
                0x0000f64c       0x94 ./drivers/fsl_clock.o
                0x0000f64c                CLOCK_EnablePll0
 .text.CLOCK_InitOsc0
                0x0000f6e0       0x8c ./drivers/fsl_clock.o
                0x0000f6e0                CLOCK_InitOsc0
 .text.CLOCK_SetPbeMode
                0x0000f76c       0x98 ./drivers/fsl_clock.o
                0x0000f76c                CLOCK_SetPbeMode
 .text.CLOCK_BootToPeeMode
                0x0000f804       0x74 ./drivers/fsl_clock.o
                0x0000f804                CLOCK_BootToPeeMode
 .text.__assert_func
                0x0000f878       0x28 ./drivers/fsl_common.o
                0x0000f878                __assert_func
 .text.InstallIRQHandler
                0x0000f8a0       0x74 ./drivers/fsl_common.o
                0x0000f8a0                InstallIRQHandler
 .text.CLOCK_EnableClock
                0x0000f914       0x34 ./drivers/fsl_dspi.o
 .text.DSPI_Enable
                0x0000f948       0x38 ./drivers/fsl_dspi.o
 .text.DSPI_GetStatusFlags
                0x0000f980       0x18 ./drivers/fsl_dspi.o
 .text.DSPI_ClearStatusFlags
                0x0000f998       0x1c ./drivers/fsl_dspi.o
 .text.DSPI_SetMasterSlaveMode
                0x0000f9b4       0x28 ./drivers/fsl_dspi.o
 .text.DSPI_IsMaster
                0x0000f9dc       0x1c ./drivers/fsl_dspi.o
 .text.DSPI_StartTransfer
                0x0000f9f8       0x20 ./drivers/fsl_dspi.o
 .text.DSPI_StopTransfer
                0x0000fa18       0x20 ./drivers/fsl_dspi.o
 .text.DSPI_GetInstance
                0x0000fa38       0x58 ./drivers/fsl_dspi.o
                0x0000fa38                DSPI_GetInstance
 .text.DSPI_MasterInit
                0x0000fa90      0x16c ./drivers/fsl_dspi.o
                0x0000fa90                DSPI_MasterInit
 .text.DSPI_MasterGetDefaultConfig
                0x0000fbfc       0x7c ./drivers/fsl_dspi.o
                0x0000fbfc                DSPI_MasterGetDefaultConfig
 .text.DSPI_SetOnePcsPolarity
                0x0000fc78       0x4c ./drivers/fsl_dspi.o
 .text.DSPI_MasterSetBaudRate
                0x0000fcc4      0x120 ./drivers/fsl_dspi.o
                0x0000fcc4                DSPI_MasterSetBaudRate
 .text.DSPI_MasterSetDelayScaler
                0x0000fde4       0xd0 ./drivers/fsl_dspi.o
                0x0000fde4                DSPI_MasterSetDelayScaler
 .text.DSPI_MasterSetDelayTimes
                0x0000feb4      0x12c ./drivers/fsl_dspi.o
                0x0000feb4                DSPI_MasterSetDelayTimes
 .text.DSPI_GetDefaultDataCommandConfig
                0x0000ffe0       0x30 ./drivers/fsl_dspi.o
                0x0000ffe0                DSPI_GetDefaultDataCommandConfig
 .text.DSPI_MasterWriteCommandDataBlocking
                0x00010010       0x54 ./drivers/fsl_dspi.o
                0x00010010                DSPI_MasterWriteCommandDataBlocking
 .text.DSPI_CommonIRQHandler
                0x00010064       0x3c ./drivers/fsl_dspi.o
 .text.SPI0_DriverIRQHandler
                0x000100a0       0x3c ./drivers/fsl_dspi.o
                0x000100a0                SPI0_DriverIRQHandler
 .text.SPI1_DriverIRQHandler
                0x000100dc       0x3c ./drivers/fsl_dspi.o
                0x000100dc                SPI1_DriverIRQHandler
 .text.SPI2_DriverIRQHandler
                0x00010118       0x3c ./drivers/fsl_dspi.o
                0x00010118                SPI2_DriverIRQHandler
 .text.CLOCK_EnableClock
                0x00010154       0x34 ./drivers/fsl_ftm.o
 .text.FTM_GetInstance
                0x00010188       0x60 ./drivers/fsl_ftm.o
 .text.FTM_SetPwmSync
                0x000101e8      0x118 ./drivers/fsl_ftm.o
 .text.FTM_SetReloadPoints
                0x00010300      0x170 ./drivers/fsl_ftm.o
 .text.FTM_Init
                0x00010470      0x100 ./drivers/fsl_ftm.o
                0x00010470                FTM_Init
 .text.FTM_SetupOutputCompare
                0x00010570       0x9c ./drivers/fsl_ftm.o
                0x00010570                FTM_SetupOutputCompare
 .text.FTM_EnableInterrupts
                0x0001060c       0x88 ./drivers/fsl_ftm.o
                0x0001060c                FTM_EnableInterrupts
 .text.FTM_GetStatusFlags
                0x00010694       0x64 ./drivers/fsl_ftm.o
                0x00010694                FTM_GetStatusFlags
 .text.FTM_ClearStatusFlags
                0x000106f8       0x68 ./drivers/fsl_ftm.o
                0x000106f8                FTM_ClearStatusFlags
 .text.GPIO_WritePinOutput
                0x00010760       0x3c ./drivers/fsl_gpio.o
 .text.GPIO_PinInit
                0x0001079c       0x70 ./drivers/fsl_gpio.o
                0x0001079c                GPIO_PinInit
 .text.I2C_TransferCommonIRQHandler
                0x0001080c       0x4c ./drivers/fsl_i2c.o
 .text.I2C0_DriverIRQHandler
                0x00010858       0x1c ./drivers/fsl_i2c.o
                0x00010858                I2C0_DriverIRQHandler
 .text.I2C1_DriverIRQHandler
                0x00010874       0x1c ./drivers/fsl_i2c.o
                0x00010874                I2C1_DriverIRQHandler
 .text.I2C2_DriverIRQHandler
                0x00010890       0x1c ./drivers/fsl_i2c.o
                0x00010890                I2C2_DriverIRQHandler
 .text.CLOCK_EnableClock
                0x000108ac       0x34 ./drivers/fsl_rnga.o
 .text.CLOCK_DisableClock
                0x000108e0       0x38 ./drivers/fsl_rnga.o
 .text.RNGA_Init
                0x00010918       0x38 ./drivers/fsl_rnga.o
                0x00010918                RNGA_Init
 .text.rnga_ReadEntropy
                0x00010950       0x38 ./drivers/fsl_rnga.o
 .text.RNGA_GetRandomData
                0x00010988       0x88 ./drivers/fsl_rnga.o
                0x00010988                RNGA_GetRandomData
 .text.RNGA_GetMode
                0x00010a10       0x20 ./drivers/fsl_rnga.o
                0x00010a10                RNGA_GetMode
 .text.CLOCK_EnableClock
                0x00010a30       0x34 ./drivers/fsl_uart.o
 .text.UART_GetInstance
                0x00010a64       0x60 ./drivers/fsl_uart.o
                0x00010a64                UART_GetInstance
 .text.UART_Init
                0x00010ac4      0x2bc ./drivers/fsl_uart.o
                0x00010ac4                UART_Init
 .text.UART_GetDefaultConfig
                0x00010d80       0x5c ./drivers/fsl_uart.o
                0x00010d80                UART_GetDefaultConfig
 .text.UART_SetBaudRate
                0x00010ddc      0x108 ./drivers/fsl_uart.o
                0x00010ddc                UART_SetBaudRate
 .text.UART_EnableInterrupts
                0x00010ee4       0x70 ./drivers/fsl_uart.o
                0x00010ee4                UART_EnableInterrupts
 .text.UART_DisableInterrupts
                0x00010f54       0x80 ./drivers/fsl_uart.o
                0x00010f54                UART_DisableInterrupts
 .text.UART_GetEnabledInterrupts
                0x00010fd4       0x4c ./drivers/fsl_uart.o
                0x00010fd4                UART_GetEnabledInterrupts
 .text.UART_GetStatusFlags
                0x00011020       0x48 ./drivers/fsl_uart.o
                0x00011020                UART_GetStatusFlags
 .text.UART_ClearStatusFlags
                0x00011068       0x8c ./drivers/fsl_uart.o
                0x00011068                UART_ClearStatusFlags
 .text.UART0_DriverIRQHandler
                0x000110f4       0x20 ./drivers/fsl_uart.o
                0x000110f4                UART0_DriverIRQHandler
 .text.UART0_RX_TX_DriverIRQHandler
                0x00011114        0xc ./drivers/fsl_uart.o
                0x00011114                UART0_RX_TX_DriverIRQHandler
 .text.UART1_DriverIRQHandler
                0x00011120       0x20 ./drivers/fsl_uart.o
                0x00011120                UART1_DriverIRQHandler
 .text.UART1_RX_TX_DriverIRQHandler
                0x00011140        0xc ./drivers/fsl_uart.o
                0x00011140                UART1_RX_TX_DriverIRQHandler
 .text.UART2_DriverIRQHandler
                0x0001114c       0x20 ./drivers/fsl_uart.o
                0x0001114c                UART2_DriverIRQHandler
 .text.UART2_RX_TX_DriverIRQHandler
                0x0001116c        0xc ./drivers/fsl_uart.o
                0x0001116c                UART2_RX_TX_DriverIRQHandler
 .text.UART3_DriverIRQHandler
                0x00011178       0x20 ./drivers/fsl_uart.o
                0x00011178                UART3_DriverIRQHandler
 .text.UART3_RX_TX_DriverIRQHandler
                0x00011198        0xc ./drivers/fsl_uart.o
                0x00011198                UART3_RX_TX_DriverIRQHandler
 .text.UART4_DriverIRQHandler
                0x000111a4       0x20 ./drivers/fsl_uart.o
                0x000111a4                UART4_DriverIRQHandler
 .text.UART4_RX_TX_DriverIRQHandler
                0x000111c4        0xc ./drivers/fsl_uart.o
                0x000111c4                UART4_RX_TX_DriverIRQHandler
 .text.UART5_DriverIRQHandler
                0x000111d0       0x20 ./drivers/fsl_uart.o
                0x000111d0                UART5_DriverIRQHandler
 .text.UART5_RX_TX_DriverIRQHandler
                0x000111f0        0xc ./drivers/fsl_uart.o
                0x000111f0                UART5_RX_TX_DriverIRQHandler
 .text.BOARD_GetUartClock
                0x000111fc       0x18 ./board/board.o
                0x000111fc                BOARD_GetUartClock
 .text.BOARD_GetFtmClock
                0x00011214       0x18 ./board/board.o
                0x00011214                BOARD_GetFtmClock
 .text.BOARD_GetSpiClock
                0x0001122c       0x18 ./board/board.o
                0x0001122c                BOARD_GetSpiClock
 .text.CLOCK_SetSdhc0Clock
                0x00011244       0x38 ./board/clock_config.o
 .text.CLOCK_SetEnetTime0Clock
                0x0001127c       0x38 ./board/clock_config.o
 .text.CLOCK_SetRmii0Clock
                0x000112b4       0x38 ./board/clock_config.o
 .text.CLOCK_SetTraceClock
                0x000112ec       0x38 ./board/clock_config.o
 .text.CLOCK_SetClkOutClock
                0x00011324       0x38 ./board/clock_config.o
 .text.CLOCK_SetSimSafeDivs
                0x0001135c       0x20 ./board/clock_config.o
 .text.CLOCK_SetXtal0Freq
                0x0001137c       0x1c ./board/clock_config.o
 .text.CLOCK_CONFIG_SetFllExtRefDiv
                0x00011398       0x38 ./board/clock_config.o
 .text.BOARD_BootClockRUN
                0x000113d0       0x88 ./board/clock_config.o
                0x000113d0                BOARD_BootClockRUN
 .text.CLOCK_EnableClock
                0x00011458       0x34 ./board/hardware_init.o
 .text.hardware_init
                0x0001148c       0x94 ./board/hardware_init.o
                0x0001148c                hardware_init
 .text.NMI_Handler
                0x00011520       0x1c ./board/hardware_init.o
                0x00011520                NMI_Handler
 .text.CLOCK_EnableClock
                0x0001153c       0x34 ./board/pin_mux.o
 .text.PORT_SetPinConfig
                0x00011570       0x44 ./board/pin_mux.o
 .text.PORT_SetPinMux
                0x000115b4       0x38 ./board/pin_mux.o
 .text.BOARD_InitButtons
                0x000115ec       0xc4 ./board/pin_mux.o
                0x000115ec                BOARD_InitButtons
 .text.BOARD_InitLEDs
                0x000116b0      0x10c ./board/pin_mux.o
                0x000116b0                BOARD_InitLEDs
 .text.BOARD_InitXCVR
                0x000117bc       0x8c ./board/pin_mux.o
                0x000117bc                BOARD_InitXCVR
 .text.BOARD_InitUART
                0x00011848       0x68 ./board/pin_mux.o
                0x00011848                BOARD_InitUART
 .text.Mac_ComputeMaxFrameTotalWaitTime
                0x000118b0       0x5a C:/PKDS/Practica1/macbase/boards/frdmk64f_frdmcr20a/wireless_examples/ieee_802_15_4/msn_coordinator/freertos/kds/../../../../../../../middleware/wireless/ieee_802_15_4_5.0.5/mac/lib/802.15.4_mac_06_cM4.a(MacPib.o)
 *fill*         0x0001190a        0x2 
 .text.Mac_GetNextFreeDevTblEntry.isra.0
                0x0001190c       0x24 C:/PKDS/Practica1/macbase/boards/frdmk64f_frdmcr20a/wireless_examples/ieee_802_15_4/msn_coordinator/freertos/kds/../../../../../../../middleware/wireless/ieee_802_15_4_5.0.5/mac/lib/802.15.4_mac_06_cM4.a(MacPib.o)
 .text.macVerifySetReq
                0x00011930       0xe4 C:/PKDS/Practica1/macbase/boards/frdmk64f_frdmcr20a/wireless_examples/ieee_802_15_4/msn_coordinator/freertos/kds/../../../../../../../middleware/wireless/ieee_802_15_4_5.0.5/mac/lib/802.15.4_mac_06_cM4.a(MacPib.o)
                0x00011930                macVerifySetReq
 .text.mlmeGetSizeOfPIB
                0x00011a14       0x14 C:/PKDS/Practica1/macbase/boards/frdmk64f_frdmcr20a/wireless_examples/ieee_802_15_4/msn_coordinator/freertos/kds/../../../../../../../middleware/wireless/ieee_802_15_4_5.0.5/mac/lib/802.15.4_mac_06_cM4.a(MacPib.o)
                0x00011a14                mlmeGetSizeOfPIB
 .text.mlmeGetSetReq
                0x00011a28      0x600 C:/PKDS/Practica1/macbase/boards/frdmk64f_frdmcr20a/wireless_examples/ieee_802_15_4/msn_coordinator/freertos/kds/../../../../../../../middleware/wireless/ieee_802_15_4_5.0.5/mac/lib/802.15.4_mac_06_cM4.a(MacPib.o)
                0x00011a28                mlmeGetSetReq
 .text.Mac_SetPhyPIBs
                0x00012028      0x14e C:/PKDS/Practica1/macbase/boards/frdmk64f_frdmcr20a/wireless_examples/ieee_802_15_4/msn_coordinator/freertos/kds/../../../../../../../middleware/wireless/ieee_802_15_4_5.0.5/mac/lib/802.15.4_mac_06_cM4.a(MacPib.o)
                0x00012028                Mac_SetPhyPIBs
 *fill*         0x00012176        0x2 
 .text.macInitPIBs
                0x00012178      0x31c C:/PKDS/Practica1/macbase/boards/frdmk64f_frdmcr20a/wireless_examples/ieee_802_15_4/msn_coordinator/freertos/kds/../../../../../../../middleware/wireless/ieee_802_15_4_5.0.5/mac/lib/802.15.4_mac_06_cM4.a(MacPib.o)
                0x00012178                macInitPIBs
 .text.Mac_SetExtendedAddress
                0x00012494       0x38 C:/PKDS/Practica1/macbase/boards/frdmk64f_frdmcr20a/wireless_examples/ieee_802_15_4/msn_coordinator/freertos/kds/../../../../../../../middleware/wireless/ieee_802_15_4_5.0.5/mac/lib/802.15.4_mac_06_cM4.a(MacPib.o)
                0x00012494                Mac_SetExtendedAddress
 .text.Dumy_MCPS_NWK_SapHandler
                0x000124cc        0xa C:/PKDS/Practica1/macbase/boards/frdmk64f_frdmcr20a/wireless_examples/ieee_802_15_4/msn_coordinator/freertos/kds/../../../../../../../middleware/wireless/ieee_802_15_4_5.0.5/mac/lib/802.15.4_mac_06_cM4.a(MacMain.o)
                0x000124cc                Dumy_MCPS_NWK_SapHandler
 .text.Dumy_MLME_NWK_SapHandler
                0x000124d6        0xa C:/PKDS/Practica1/macbase/boards/frdmk64f_frdmcr20a/wireless_examples/ieee_802_15_4/msn_coordinator/freertos/kds/../../../../../../../middleware/wireless/ieee_802_15_4_5.0.5/mac/lib/802.15.4_mac_06_cM4.a(MacMain.o)
                0x000124d6                Dumy_MLME_NWK_SapHandler
 .text.BindToMAC
                0x000124e0       0x34 C:/PKDS/Practica1/macbase/boards/frdmk64f_frdmcr20a/wireless_examples/ieee_802_15_4/msn_coordinator/freertos/kds/../../../../../../../middleware/wireless/ieee_802_15_4_5.0.5/mac/lib/802.15.4_mac_06_cM4.a(MacMain.o)
                0x000124e0                BindToMAC
 .text.MAC_EventSet
                0x00012514       0x34 C:/PKDS/Practica1/macbase/boards/frdmk64f_frdmcr20a/wireless_examples/ieee_802_15_4/msn_coordinator/freertos/kds/../../../../../../../middleware/wireless/ieee_802_15_4_5.0.5/mac/lib/802.15.4_mac_06_cM4.a(MacMain.o)
                0x00012514                MAC_EventSet
 .text.Mac_TimerNotify
                0x00012548        0x8 C:/PKDS/Practica1/macbase/boards/frdmk64f_frdmcr20a/wireless_examples/ieee_802_15_4/msn_coordinator/freertos/kds/../../../../../../../middleware/wireless/ieee_802_15_4_5.0.5/mac/lib/802.15.4_mac_06_cM4.a(MacMain.o)
 .text.PD_MAC_SapHandler
                0x00012550       0x28 C:/PKDS/Practica1/macbase/boards/frdmk64f_frdmcr20a/wireless_examples/ieee_802_15_4/msn_coordinator/freertos/kds/../../../../../../../middleware/wireless/ieee_802_15_4_5.0.5/mac/lib/802.15.4_mac_06_cM4.a(MacMain.o)
                0x00012550                PD_MAC_SapHandler
 .text.PLME_MAC_SapHandler
                0x00012578        0x4 C:/PKDS/Practica1/macbase/boards/frdmk64f_frdmcr20a/wireless_examples/ieee_802_15_4/msn_coordinator/freertos/kds/../../../../../../../middleware/wireless/ieee_802_15_4_5.0.5/mac/lib/802.15.4_mac_06_cM4.a(MacMain.o)
                0x00012578                PLME_MAC_SapHandler
 .text.Mac_RegisterSapHandlers
                0x0001257c       0x18 C:/PKDS/Practica1/macbase/boards/frdmk64f_frdmcr20a/wireless_examples/ieee_802_15_4/msn_coordinator/freertos/kds/../../../../../../../middleware/wireless/ieee_802_15_4_5.0.5/mac/lib/802.15.4_mac_06_cM4.a(MacMain.o)
                0x0001257c                Mac_RegisterSapHandlers
 .text.NWK_MCPS_SapHandler
                0x00012594       0x60 C:/PKDS/Practica1/macbase/boards/frdmk64f_frdmcr20a/wireless_examples/ieee_802_15_4/msn_coordinator/freertos/kds/../../../../../../../middleware/wireless/ieee_802_15_4_5.0.5/mac/lib/802.15.4_mac_06_cM4.a(MacMain.o)
                0x00012594                NWK_MCPS_SapHandler
 .text.Mlme_VerifyNwkInput
                0x000125f4       0xe0 C:/PKDS/Practica1/macbase/boards/frdmk64f_frdmcr20a/wireless_examples/ieee_802_15_4/msn_coordinator/freertos/kds/../../../../../../../middleware/wireless/ieee_802_15_4_5.0.5/mac/lib/802.15.4_mac_06_cM4.a(MacMain.o)
                0x000125f4                Mlme_VerifyNwkInput
 .text.Mac_SetTrxLowPowerMode
                0x000126d4       0x34 C:/PKDS/Practica1/macbase/boards/frdmk64f_frdmcr20a/wireless_examples/ieee_802_15_4/msn_coordinator/freertos/kds/../../../../../../../middleware/wireless/ieee_802_15_4_5.0.5/mac/lib/802.15.4_mac_06_cM4.a(MacMain.o)
                0x000126d4                Mac_SetTrxLowPowerMode
 .text.Mac_SetTrxActiveMode
                0x00012708       0x24 C:/PKDS/Practica1/macbase/boards/frdmk64f_frdmcr20a/wireless_examples/ieee_802_15_4/msn_coordinator/freertos/kds/../../../../../../../middleware/wireless/ieee_802_15_4_5.0.5/mac/lib/802.15.4_mac_06_cM4.a(MacMain.o)
                0x00012708                Mac_SetTrxActiveMode
 .text.Mac_Task
                0x0001272c       0xfc C:/PKDS/Practica1/macbase/boards/frdmk64f_frdmcr20a/wireless_examples/ieee_802_15_4/msn_coordinator/freertos/kds/../../../../../../../middleware/wireless/ieee_802_15_4_5.0.5/mac/lib/802.15.4_mac_06_cM4.a(MacMain.o)
                0x0001272c                Mac_Task
 .text.Mac_InitializeData
                0x00012828       0xc4 C:/PKDS/Practica1/macbase/boards/frdmk64f_frdmcr20a/wireless_examples/ieee_802_15_4/msn_coordinator/freertos/kds/../../../../../../../middleware/wireless/ieee_802_15_4_5.0.5/mac/lib/802.15.4_mac_06_cM4.a(MacMain.o)
                0x00012828                Mac_InitializeData
 .text.NWK_MLME_SapHandler
                0x000128ec       0xb8 C:/PKDS/Practica1/macbase/boards/frdmk64f_frdmcr20a/wireless_examples/ieee_802_15_4/msn_coordinator/freertos/kds/../../../../../../../middleware/wireless/ieee_802_15_4_5.0.5/mac/lib/802.15.4_mac_06_cM4.a(MacMain.o)
                0x000128ec                NWK_MLME_SapHandler
 .text.Mac_TransactionExpire
                0x000129a4        0xa C:/PKDS/Practica1/macbase/boards/frdmk64f_frdmcr20a/wireless_examples/ieee_802_15_4/msn_coordinator/freertos/kds/../../../../../../../middleware/wireless/ieee_802_15_4_5.0.5/mac/lib/802.15.4_mac_06_cM4.a(MacStateMachine.o)
                0x000129a4                Mac_TransactionExpire
 *fill*         0x000129ae        0x2 
 .text.Mac_IndirectTxHandle
                0x000129b0      0x208 C:/PKDS/Practica1/macbase/boards/frdmk64f_frdmcr20a/wireless_examples/ieee_802_15_4/msn_coordinator/freertos/kds/../../../../../../../middleware/wireless/ieee_802_15_4_5.0.5/mac/lib/802.15.4_mac_06_cM4.a(MacStateMachine.o)
 .text.Mac_PhyMsgHandler
                0x00012bb8       0xac C:/PKDS/Practica1/macbase/boards/frdmk64f_frdmcr20a/wireless_examples/ieee_802_15_4/msn_coordinator/freertos/kds/../../../../../../../middleware/wireless/ieee_802_15_4_5.0.5/mac/lib/802.15.4_mac_06_cM4.a(MacStateMachine.o)
                0x00012bb8                Mac_PhyMsgHandler
 .text.Mac_McpsDataReqHandle
                0x00012c64       0x6c C:/PKDS/Practica1/macbase/boards/frdmk64f_frdmcr20a/wireless_examples/ieee_802_15_4/msn_coordinator/freertos/kds/../../../../../../../middleware/wireless/ieee_802_15_4_5.0.5/mac/lib/802.15.4_mac_06_cM4.a(MacStateMachine.o)
                0x00012c64                Mac_McpsDataReqHandle
 .text.Mac_NwkMsgHandler
                0x00012cd0      0x220 C:/PKDS/Practica1/macbase/boards/frdmk64f_frdmcr20a/wireless_examples/ieee_802_15_4/msn_coordinator/freertos/kds/../../../../../../../middleware/wireless/ieee_802_15_4_5.0.5/mac/lib/802.15.4_mac_06_cM4.a(MacStateMachine.o)