Archive member included because of file (symbol)

C:/PCOMM/Practica1/macbase/boards/frdmk64f_frdmcr20a/wireless_examples/ieee_802_15_4/msn_coordinator/freertos/kds/../../../../../../../middleware/mmcau_2.0.0/asm-cm4-cm7/lib_mmcau.a(mmcau_aes_functions.o)
                              ./mmcau/mmcau_source/fsl_mmcau.o (mmcau_aes_set_key)
C:/PCOMM/Practica1/macbase/boards/frdmk64f_frdmcr20a/wireless_examples/ieee_802_15_4/msn_coordinator/freertos/kds/../../../../../../../middleware/mmcau_2.0.0/asm-cm4-cm7/lib_mmcau.a(mmcau_des_functions.o)
                              ./mmcau/mmcau_source/fsl_mmcau.o (mmcau_des_chk_parity)
C:/PCOMM/Practica1/macbase/boards/frdmk64f_frdmcr20a/wireless_examples/ieee_802_15_4/msn_coordinator/freertos/kds/../../../../../../../middleware/mmcau_2.0.0/asm-cm4-cm7/lib_mmcau.a(mmcau_md5_functions.o)
                              ./mmcau/mmcau_source/fsl_mmcau.o (mmcau_md5_initialize_output)
C:/PCOMM/Practica1/macbase/boards/frdmk64f_frdmcr20a/wireless_examples/ieee_802_15_4/msn_coordinator/freertos/kds/../../../../../../../middleware/mmcau_2.0.0/asm-cm4-cm7/lib_mmcau.a(mmcau_sha1_functions.o)
                              ./mmcau/mmcau_source/fsl_mmcau.o (mmcau_sha1_initialize_output)
C:/PCOMM/Practica1/macbase/boards/frdmk64f_frdmcr20a/wireless_examples/ieee_802_15_4/msn_coordinator/freertos/kds/../../../../../../../middleware/mmcau_2.0.0/asm-cm4-cm7/lib_mmcau.a(mmcau_sha256_functions.o)
                              ./mmcau/mmcau_source/fsl_mmcau.o (mmcau_sha256_initialize_output)
C:/PCOMM/Practica1/macbase/boards/frdmk64f_frdmcr20a/wireless_examples/ieee_802_15_4/msn_coordinator/freertos/kds/../../../../../../../middleware/wireless/ieee_802_15_4_5.0.5/mac/lib/802.15.4_mac_06_cM4.a(MacPib.o)
                              ./source/ieee802p15p4_wrapper.o (Mac_SetExtendedAddress)
C:/PCOMM/Practica1/macbase/boards/frdmk64f_frdmcr20a/wireless_examples/ieee_802_15_4/msn_coordinator/freertos/kds/../../../../../../../middleware/wireless/ieee_802_15_4_5.0.5/mac/lib/802.15.4_mac_06_cM4.a(MacMain.o)
                              ./source/ieee802p15p4_wrapper.o (BindToMAC)
C:/PCOMM/Practica1/macbase/boards/frdmk64f_frdmcr20a/wireless_examples/ieee_802_15_4/msn_coordinator/freertos/kds/../../../../../../../middleware/wireless/ieee_802_15_4_5.0.5/mac/lib/802.15.4_mac_06_cM4.a(MacStateMachine.o)
                              C:/PCOMM/Practica1/macbase/boards/frdmk64f_frdmcr20a/wireless_examples/ieee_802_15_4/msn_coordinator/freertos/kds/../../../../../../../middleware/wireless/ieee_802_15_4_5.0.5/mac/lib/802.15.4_mac_06_cM4.a(MacMain.o) (Mac_PhyMsgHandler)
C:/PCOMM/Practica1/macbase/boards/frdmk64f_frdmcr20a/wireless_examples/ieee_802_15_4/msn_coordinator/freertos/kds/../../../../../../../middleware/wireless/ieee_802_15_4_5.0.5/mac/lib/802.15.4_mac_06_cM4.a(Association.o)
                              C:/PCOMM/Practica1/macbase/boards/frdmk64f_frdmcr20a/wireless_examples/ieee_802_15_4/msn_coordinator/freertos/kds/../../../../../../../middleware/wireless/ieee_802_15_4_5.0.5/mac/lib/802.15.4_mac_06_cM4.a(MacMain.o) (Association_VerifyParameters)
C:/PCOMM/Practica1/macbase/boards/frdmk64f_frdmcr20a/wireless_examples/ieee_802_15_4/msn_coordinator/freertos/kds/../../../../../../../middleware/wireless/ieee_802_15_4_5.0.5/mac/lib/802.15.4_mac_06_cM4.a(DataRx.o)
                              C:/PCOMM/Practica1/macbase/boards/frdmk64f_frdmcr20a/wireless_examples/ieee_802_15_4/msn_coordinator/freertos/kds/../../../../../../../middleware/wireless/ieee_802_15_4_5.0.5/mac/lib/802.15.4_mac_06_cM4.a(MacStateMachine.o) (Mac_CreateMlmeCommStatusInd)
C:/PCOMM/Practica1/macbase/boards/frdmk64f_frdmcr20a/wireless_examples/ieee_802_15_4/msn_coordinator/freertos/kds/../../../../../../../middleware/wireless/ieee_802_15_4_5.0.5/mac/lib/802.15.4_mac_06_cM4.a(DataTx.o)
                              C:/PCOMM/Practica1/macbase/boards/frdmk64f_frdmcr20a/wireless_examples/ieee_802_15_4/msn_coordinator/freertos/kds/../../../../../../../middleware/wireless/ieee_802_15_4_5.0.5/mac/lib/802.15.4_mac_06_cM4.a(MacMain.o) (DataTx_SendData)
C:/PCOMM/Practica1/macbase/boards/frdmk64f_frdmcr20a/wireless_examples/ieee_802_15_4/msn_coordinator/freertos/kds/../../../../../../../middleware/wireless/ieee_802_15_4_5.0.5/mac/lib/802.15.4_mac_06_cM4.a(Disassociation.o)
                              C:/PCOMM/Practica1/macbase/boards/frdmk64f_frdmcr20a/wireless_examples/ieee_802_15_4/msn_coordinator/freertos/kds/../../../../../../../middleware/wireless/ieee_802_15_4_5.0.5/mac/lib/802.15.4_mac_06_cM4.a(MacMain.o) (Disassociation_VerifyParameters)
C:/PCOMM/Practica1/macbase/boards/frdmk64f_frdmcr20a/wireless_examples/ieee_802_15_4/msn_coordinator/freertos/kds/../../../../../../../middleware/wireless/ieee_802_15_4_5.0.5/mac/lib/802.15.4_mac_06_cM4.a(Orphan.o)
[...]
Memory Configuration

Name             Origin             Length             Attributes
TEXT_region1     0x00000000         0x00000400         xr
m_flash_config_region 0x00000400         0x00000010         xr
TEXT_region2     0x00000411         0x000febee         xr
DATA_region      0x1fff0000         0x00040000         rw
PRODUCT_INFO_region 0x000ff000         0x00000fff         xr
*default*        0x00000000         0xffffffff

Linker script and memory map

LOAD c:/kds/kds_v3/toolchain/bin/../lib/gcc/arm-none-eabi/4.8.4/armv7e-m/softfp/crti.o
LOAD c:/kds/kds_v3/toolchain/bin/../lib/gcc/arm-none-eabi/4.8.4/armv7e-m/softfp/crtbegin.o
LOAD c:/kds/kds_v3/toolchain/bin/../lib/gcc/arm-none-eabi/4.8.4/../../../../arm-none-eabi/lib/armv7e-m/softfp/crt0.o
START GROUP
LOAD ./utilities/fsl_debug_console.o
LOAD ./usb/osa/usb_osa_freertos.o
LOAD ./usb/device/source/khci/usb_device_khci.o
LOAD ./usb/device/source/usb_device_dci.o
LOAD ./startup/startup_MK64F12.o
LOAD ./startup/system_MK64F12.o
LOAD ./source/Purger.o
LOAD ./source/ieee802p15p4_wrapper.o
LOAD ./mmcau/mmcau_source/fsl_mmcau.o
LOAD ./ieee_802.15.4/phy/source/XcvrSPI/Spi.o
LOAD ./ieee_802.15.4/phy/source/MCR20A/MCR20Drv/MCR20Drv.o
LOAD ./ieee_802.15.4/phy/source/ASP.o
LOAD ./ieee_802.15.4/phy/source/MPM.o
LOAD ./ieee_802.15.4/phy/source/PhyDebug.o
LOAD ./ieee_802.15.4/phy/source/PhyISR.o
LOAD ./ieee_802.15.4/phy/source/PhyPacketProcessor.o
LOAD ./ieee_802.15.4/phy/source/PhyPlmeData.o
LOAD ./ieee_802.15.4/phy/source/PhyStateMachine.o
LOAD ./ieee_802.15.4/phy/source/PhyTime.o
LOAD ./ieee_802.15.4/App/FsciAspCommands.o
LOAD ./ieee_802.15.4/App/FsciMacCommands.o
LOAD ./ieee_802.15.4/App/MacGlobals.o
LOAD ./freertos/portable/port.o
LOAD ./freertos/croutine.o
LOAD ./freertos/event_groups.o
LOAD ./freertos/heap_4.o
LOAD ./freertos/list.o
LOAD ./freertos/queue.o
LOAD ./freertos/tasks.o
LOAD ./freertos/timers.o
LOAD ./framework/TimersManager/Source/TMR_Adapter.o
LOAD ./framework/TimersManager/Source/TimersManager.o
LOAD ./framework/SerialManager/Source/USB_VirtualCom/Source/usb_device_cdc_acm.o
LOAD ./framework/SerialManager/Source/USB_VirtualCom/Source/usb_device_ch9.o
LOAD ./framework/SerialManager/Source/USB_VirtualCom/Source/usb_device_class.o
LOAD ./framework/SerialManager/Source/USB_VirtualCom/Source/usb_device_descriptor.o
LOAD ./framework/SerialManager/Source/USB_VirtualCom/Source/virtual_com.o
LOAD ./framework/SerialManager/Source/SPI_Adapter/SPI_Adapter.o
LOAD ./framework/SerialManager/Source/I2C_Adapter.o
LOAD ./framework/SerialManager/Source/SerialManager.o
LOAD ./framework/SerialManager/Source/UART_Adapter.o
LOAD ./framework/SecLib/SecLib.o
LOAD ./framework/Reset/Source/Reset.o
LOAD ./framework/RNG/Source/RNG.o
LOAD ./framework/Panic/Source/Panic.o
LOAD ./framework/OSAbstraction/Interface/fsl_os_abstraction_free_rtos.o
LOAD ./framework/Messaging/Source/Messaging.o
LOAD ./framework/MemManager/Source/MemManager.o
LOAD ./framework/MWSCoexistence/Source/MWS.o
LOAD ./framework/Lists/GenericList.o
LOAD ./framework/LED/Source/LED.o
LOAD ./framework/Keyboard/Source/Keyboard.o
LOAD ./framework/GPIO/Source/GPIO_Adapter.o
LOAD ./framework/FunctionLib/FunctionLib.o
LOAD ./framework/Flash/Internal/Flash_Adapter.o
LOAD ./encintcomm/aes.o
LOAD ./encintcomm/encintcomm_private.o
LOAD ./encintcomm/encintcomm_public.o
LOAD ./encintcomm/msn_nwk_node.o
LOAD ./drivers/fsl_clock.o
LOAD ./drivers/fsl_common.o
LOAD ./drivers/fsl_dspi.o
LOAD ./drivers/fsl_flash.o
LOAD ./drivers/fsl_ftm.o
LOAD ./drivers/fsl_gpio.o
LOAD ./drivers/fsl_i2c.o
LOAD ./drivers/fsl_llwu.o
LOAD ./drivers/fsl_lptmr.o
LOAD ./drivers/fsl_mpu.o
LOAD ./drivers/fsl_rnga.o
LOAD ./drivers/fsl_rtc.o
LOAD ./drivers/fsl_sim.o
LOAD ./drivers/fsl_smc.o
LOAD ./drivers/fsl_uart.o
LOAD ./board/board.o
LOAD ./board/clock_config.o
LOAD ./board/gpio_pins.o
LOAD ./board/hardware_init.o
LOAD ./board/pin_mux.o
LOAD C:/PCOMM/Practica1/macbase/boards/frdmk64f_frdmcr20a/wireless_examples/ieee_802_15_4/msn_coordinator/freertos/kds/../../../../../../../middleware/mmcau_2.0.0/asm-cm4-cm7/lib_mmcau.a
LOAD C:/PCOMM/Practica1/macbase/boards/frdmk64f_frdmcr20a/wireless_examples/ieee_802_15_4/msn_coordinator/freertos/kds/../../../../../../../middleware/wireless/ieee_802_15_4_5.0.5/mac/lib/802.15.4_mac_06_cM4.a
LOAD C:/PCOMM/Practica1/macbase/boards/frdmk64f_frdmcr20a/wireless_examples/ieee_802_15_4/msn_coordinator/freertos/kds/../../../../../../../middleware/wireless/framework_5.0.5/SecLib/lib_crypto_M4.a
LOAD c:/kds/kds_v3/toolchain/bin/../lib/gcc/arm-none-eabi/4.8.4/../../../../arm-none-eabi/lib/armv7e-m/softfp\libg_s.a
LOAD c:/kds/kds_v3/toolchain/bin/../lib/gcc/arm-none-eabi/4.8.4/armv7e-m/softfp\libgcc.a
LOAD c:/kds/kds_v3/toolchain/bin/../lib/gcc/arm-none-eabi/4.8.4/../../../../arm-none-eabi/lib/armv7e-m/softfp\libnosys.a
END GROUP
LOAD c:/kds/kds_v3/toolchain/bin/../lib/gcc/arm-none-eabi/4.8.4/../../../../arm-none-eabi/lib/armv7e-m/softfp\libstdc++_s.a
LOAD c:/kds/kds_v3/toolchain/bin/../lib/gcc/arm-none-eabi/4.8.4/../../../../arm-none-eabi/lib/armv7e-m/softfp\libm.a
START GROUP
LOAD c:/kds/kds_v3/toolchain/bin/../lib/gcc/arm-none-eabi/4.8.4/armv7e-m/softfp\libgcc.a
LOAD c:/kds/kds_v3/toolchain/bin/../lib/gcc/arm-none-eabi/4.8.4/../../../../arm-none-eabi/lib/armv7e-m/softfp\libg_s.a
LOAD c:/kds/kds_v3/toolchain/bin/../lib/gcc/arm-none-eabi/4.8.4/../../../../arm-none-eabi/lib/armv7e-m/softfp\libc_s.a
END GROUP
START GROUP
LOAD c:/kds/kds_v3/toolchain/bin/../lib/gcc/arm-none-eabi/4.8.4/armv7e-m/softfp\libgcc.a
LOAD c:/kds/kds_v3/toolchain/bin/../lib/gcc/arm-none-eabi/4.8.4/../../../../arm-none-eabi/lib/armv7e-m/softfp\libc_s.a
END GROUP
LOAD c:/kds/kds_v3/toolchain/bin/../lib/gcc/arm-none-eabi/4.8.4/armv7e-m/softfp/crtend.o
LOAD c:/kds/kds_v3/toolchain/bin/../lib/gcc/arm-none-eabi/4.8.4/armv7e-m/softfp/crtn.o
                0x1fff0000                _RAM_START_ = 0x1fff0000
                0x2002ffff                _RAM_END_ = 0x2002ffff
                0x000ff000                FREESCALE_PROD_DATA_BASE_ADDR = 0xff000
                0x00000400                __RAM_VECTOR_TABLE_SIZE = 0x400
                0x2002fbea                __BOOT_STACK_ADDRESS = 0x2002fbea
                0x1ffffffb                __dummy_start = 0x1ffffffb

.interrupts     0x00000000      0x400
                0x00000000                __VECTOR_TABLE = .
                0x00000000                . = ALIGN (0x4)
 *(.isr_vector)
 .isr_vector    0x00000000      0x400 ./startup/startup_MK64F12.o
                0x00000000                __isr_vector
                0x00000400                . = ALIGN (0x4)

.freescale_prod_data
                0x000ff000        0x0
                0x000ff000                . = ALIGN (0x4)
 *(.FREESCALE_PROD_DATA)
                0x000ff000                . = ALIGN (0x4)

.flash_config   0x00000400       0x10
                0x00000400                . = ALIGN (0x4)
 *(.FlashConfig)
 .FlashConfig   0x00000400       0x10 ./startup/startup_MK64F12.o
                0x00000410                . = ALIGN (0x4)

.text           0x00000420    0x17460
                0x00000420                . = ALIGN (0x4)
 *(.text)
 .text          0x00000420       0x54 c:/kds/kds_v3/toolchain/bin/../lib/gcc/arm-none-eabi/4.8.4/armv7e-m/softfp/crtbegin.o
 .text          0x00000474       0x74 c:/kds/kds_v3/toolchain/bin/../lib/gcc/arm-none-eabi/4.8.4/../../../../arm-none-eabi/lib/armv7e-m/softfp/crt0.o
                0x00000474                _start
                0x00000474                _mainCRTStartup
 .text          0x000004e8      0x1fc ./startup/startup_MK64F12.o
                0x000004e8                Reset_Handler
                0x00000544                DebugMon_Handler
                0x00000544                PORTC_IRQHandler
                0x00000544                DMA0_DriverIRQHandler
                0x00000544                DMA12_DriverIRQHandler
                0x00000544                WDOG_EWM_IRQHandler
                0x00000544                DMA_Error_DriverIRQHandler
                0x00000544                CMP0_IRQHandler
                0x00000544                DMA7_DriverIRQHandler
                0x00000544                ENET_Transmit_DriverIRQHandler
                0x00000544                DMA2_DriverIRQHandler
                0x00000544                UART1_ERR_DriverIRQHandler
                0x00000544                BusFault_Handler
                0x00000544                SDHC_DriverIRQHandler
                0x00000544                PIT0_IRQHandler
                0x00000544                LPTMR0_IRQHandler
                0x00000544                CMP2_IRQHandler
                0x00000544                LLWU_IRQHandler
                0x00000544                I2S0_Tx_DriverIRQHandler
                0x00000544                DMA6_DriverIRQHandler
                0x00000544                FTM2_IRQHandler
                0x00000544                PORTE_IRQHandler
                0x00000544                FTM3_IRQHandler
                0x00000544                ENET_1588_Timer_DriverIRQHandler
                0x00000544                SWI_IRQHandler
                0x00000544                ADC0_IRQHandler
                0x00000544                UsageFault_Handler
                0x00000544                CAN0_DriverIRQHandler
                0x00000544                CMT_IRQHandler
                0x00000544                MCM_IRQHandler
                0x00000544                DAC1_IRQHandler
                0x00000544                DefaultISR
                0x00000544                PORTA_IRQHandler
                0x00000544                UART5_ERR_DriverIRQHandler
                0x00000544                FTM0_IRQHandler
                0x00000544                DMA11_DriverIRQHandler
                0x00000544                CMP1_IRQHandler
                0x00000544                Reserved71_IRQHandler
                0x00000544                PORTD_IRQHandler
                0x00000544                PORTB_IRQHandler
                0x00000544                DMA10_DriverIRQHandler
                0x00000544                LVD_LVW_IRQHandler
                0x00000544                UART2_ERR_DriverIRQHandler
                0x00000544                ADC1_IRQHandler
                0x00000544                DMA5_DriverIRQHandler
                0x00000544                DMA4_DriverIRQHandler
                0x00000544                PIT1_IRQHandler
                0x00000544                PIT2_IRQHandler
                0x00000544                DMA15_DriverIRQHandler
                0x00000544                ENET_Error_DriverIRQHandler
                0x00000544                RTC_IRQHandler
                0x00000544                UART3_ERR_DriverIRQHandler
                0x00000544                PDB0_IRQHandler
                0x00000544                FTFE_IRQHandler
                0x00000544                FTM1_IRQHandler
                0x00000544                DMA13_DriverIRQHandler
                0x00000544                DAC0_IRQHandler
                0x00000544                DMA3_DriverIRQHandler
                0x00000544                PIT3_IRQHandler
                0x00000544                ENET_Receive_DriverIRQHandler
                0x00000544                RTC_Seconds_IRQHandler
                0x00000544                MCG_IRQHandler
                0x00000544                USB0_IRQHandler
                0x00000544                DMA9_DriverIRQHandler
                0x00000544                DMA8_DriverIRQHandler
                0x00000544                UART0_ERR_DriverIRQHandler
                0x00000544                I2S0_Rx_DriverIRQHandler
                0x00000544                RNG_IRQHandler
                0x00000544                DMA1_DriverIRQHandler
                0x00000544                Read_Collision_IRQHandler
                0x00000544                DMA14_DriverIRQHandler
                0x00000544                UART0_LON_DriverIRQHandler
                0x00000544                MemManage_Handler
                0x00000544                USBDCD_IRQHandler
                0x00000544                UART4_ERR_DriverIRQHandler
                0x0000054c                HardFault_Handler
                0x0000055c                DMA0_IRQHandler
                0x00000560                DMA1_IRQHandler
                0x00000564                DMA2_IRQHandler
                0x00000568                DMA3_IRQHandler
                0x0000056c                DMA4_IRQHandler
                0x00000570                DMA5_IRQHandler
                0x00000574                DMA6_IRQHandler
                0x00000578                DMA7_IRQHandler
                0x0000057c                DMA8_IRQHandler
                0x00000580                DMA9_IRQHandler
                0x00000584                DMA10_IRQHandler
                0x00000588                DMA11_IRQHandler
                0x0000058c                DMA12_IRQHandler
                0x00000590                DMA13_IRQHandler
                0x00000594                DMA14_IRQHandler
                0x00000598                DMA15_IRQHandler
                0x0000059c                DMA_Error_IRQHandler
                0x000005a0                I2C0_IRQHandler
                0x000005a4                I2C1_IRQHandler
                0x000005a8                SPI0_IRQHandler
                0x000005ac                SPI1_IRQHandler
                0x000005b0                I2S0_Tx_IRQHandler
                0x000005b4                I2S0_Rx_IRQHandler
                0x000005b8                UART0_LON_IRQHandler
                0x000005bc                UART0_RX_TX_IRQHandler
                0x000005c0                UART0_ERR_IRQHandler
                0x000005c4                UART1_RX_TX_IRQHandler
                0x000005c8                UART1_ERR_IRQHandler
                0x000005cc                UART2_RX_TX_IRQHandler
                0x000005d0                UART2_ERR_IRQHandler
                0x000005d4                UART3_RX_TX_IRQHandler
                0x000005d8                UART3_ERR_IRQHandler
                0x000005dc                SPI2_IRQHandler
                0x000005e0                UART4_RX_TX_IRQHandler
                0x000005e4                UART4_ERR_IRQHandler
                0x000005e8                UART5_RX_TX_IRQHandler
                0x000005ec                UART5_ERR_IRQHandler
                0x000005f0                I2C2_IRQHandler
                0x000005f4                CAN0_ORed_Message_buffer_IRQHandler
                0x000005f8                CAN0_Bus_Off_IRQHandler
                0x000005fc                CAN0_Error_IRQHandler
                0x00000600                CAN0_Tx_Warning_IRQHandler
                0x00000604                CAN0_Rx_Warning_IRQHandler
                0x00000608                CAN0_Wake_Up_IRQHandler
                0x0000060c                SDHC_IRQHandler
                0x00000610                ENET_1588_Timer_IRQHandler
                0x00000614                ENET_Transmit_IRQHandler
                0x00000618                ENET_Receive_IRQHandler
                0x0000061c                ENET_Error_IRQHandler
 *fill*         0x000006e4        0xc 
 .text          0x000006f0      0x800 C:/PCOMM/Practica1/macbase/boards/frdmk64f_frdmcr20a/wireless_examples/ieee_802_15_4/msn_coordinator/freertos/kds/../../../../../../../middleware/mmcau_2.0.0/asm-cm4-cm7/lib_mmcau.a(mmcau_aes_functions.o)
                0x000006f0                _mmcau_aes_set_key
                0x000006f0                mmcau_aes_set_key
                0x00000c70                mmcau_aes_encrypt
                0x00000c70                _mmcau_aes_encrypt
                0x00000da0                mmcau_aes_decrypt
                0x00000da0                _mmcau_aes_decrypt
 .text          0x00000ef0     0x1810 C:/PCOMM/Practica1/macbase/boards/frdmk64f_frdmcr20a/wireless_examples/ieee_802_15_4/msn_coordinator/freertos/kds/../../../../../../../middleware/wireless/framework_5.0.5/SecLib/lib_crypto_M4.a(SW_AES128.o)
                0x0000130c                gpXTimeTable
                0x000014c0                gInvSbox_s
                0x000015c0                CCM_CreateA0
                0x000015e8                sw_Aes128
                0x00002344                sw_AES128_CCM
                0x00002600                gSBox_c
 .text          0x00002700       0x34 C:/PCOMM/Practica1/macbase/boards/frdmk64f_frdmcr20a/wireless_examples/ieee_802_15_4/msn_coordinator/freertos/kds/../../../../../../../middleware/wireless/framework_5.0.5/SecLib/lib_crypto_M4.a(SW_RNG.o)
                0x00002700                SecLib_set_rng_seed
                0x0000270e                SecLib_get_random
 .text          0x00002734       0x2c c:/kds/kds_v3/toolchain/bin/../lib/gcc/arm-none-eabi/4.8.4/armv7e-m/softfp\libgcc.a(_aeabi_uldivmod.o)
                0x00002734                __aeabi_uldivmod
 .text          0x00002760       0x60 c:/kds/kds_v3/toolchain/bin/../lib/gcc/arm-none-eabi/4.8.4/armv7e-m/softfp\libgcc.a(bpabi.o)
                0x00002760                __gnu_ldivmod_helper
                0x00002790                __gnu_uldivmod_helper
 .text          0x000027c0        0x4 c:/kds/kds_v3/toolchain/bin/../lib/gcc/arm-none-eabi/4.8.4/armv7e-m/softfp\libgcc.a(_dvmd_tls.o)
                0x000027c0                __aeabi_idiv0
                0x000027c0                __aeabi_ldiv0
 .text          0x000027c4      0x298 c:/kds/kds_v3/toolchain/bin/../lib/gcc/arm-none-eabi/4.8.4/armv7e-m/softfp\libgcc.a(_divdi3.o)
                0x000027c4                __divdi3
 .text          0x00002a5c      0x284 c:/kds/kds_v3/toolchain/bin/../lib/gcc/arm-none-eabi/4.8.4/armv7e-m/softfp\libgcc.a(_udivdi3.o)
                0x00002a5c                __udivdi3
 *(.text*)
 .text.DbgConsole_Printf
                0x00002ce0       0x40 ./utilities/fsl_debug_console.o
                0x00002ce0                DbgConsole_Printf
 .text.DbgConsole_Putchar
                0x00002d20       0x38 ./utilities/fsl_debug_console.o
                0x00002d20                DbgConsole_Putchar
 .text.DbgConsole_PrintfPaddingCharacter
                0x00002d58       0x40 ./utilities/fsl_debug_console.o
 .text.DbgConsole_ConvertRadixNumToString
                0x00002d98      0x118 ./utilities/fsl_debug_console.o
 .text.DbgConsole_PrintfFormattedData
                0x00002eb0      0x36c ./utilities/fsl_debug_console.o
 .text.SystemInit
                0x0000321c       0x3c ./startup/system_MK64F12.o
                0x0000321c                SystemInit
 .text.mac_init
                0x00003258       0xb4 ./source/ieee802p15p4_wrapper.o
                0x00003258                mac_init
 .text.mac_connect
                0x0000330c       0x70 ./source/ieee802p15p4_wrapper.o
                0x0000330c                mac_connect
 .text.mac_transmit
                0x0000337c       0x80 ./source/ieee802p15p4_wrapper.o
                0x0000337c                mac_transmit
 .text.mac_task
                0x000033fc      0x440 ./source/ieee802p15p4_wrapper.o
 .text.WaitMsg  0x0000383c       0x34 ./source/ieee802p15p4_wrapper.o
 .text.StartScan
                0x00003870       0x78 ./source/ieee802p15p4_wrapper.o
 .text.HandleScanActiveConfirm
                0x000038e8       0xb4 ./source/ieee802p15p4_wrapper.o
 .text.WaitIntervalTimeoutHandler
                0x0000399c       0x20 ./source/ieee802p15p4_wrapper.o
 .text.SendAssociateRequest
                0x000039bc       0xb4 ./source/ieee802p15p4_wrapper.o
 .text.HandleAssociateConfirm
                0x00003a70       0x44 ./source/ieee802p15p4_wrapper.o
 .text.HandleScanEdConfirm
                0x00003ab4       0x1c ./source/ieee802p15p4_wrapper.o
 .text.StartCoordinator
                0x00003ad0       0xf0 ./source/ieee802p15p4_wrapper.o
 .text.TransmitData
                0x00003bc0      0x124 ./source/ieee802p15p4_wrapper.o
 .text.HandleMlmeInput
                0x00003ce4       0x80 ./source/ieee802p15p4_wrapper.o
 .text.SendAssociateResponse
                0x00003d64       0xd4 ./source/ieee802p15p4_wrapper.o
 .text.HandleMcpsInput
                0x00003e38       0x68 ./source/ieee802p15p4_wrapper.o
 .text.MLME_NWK_SapHandler
                0x00003ea0       0x30 ./source/ieee802p15p4_wrapper.o
 .text.MCPS_NWK_SapHandler
                0x00003ed0       0x30 ./source/ieee802p15p4_wrapper.o
 .text.DSPI_SetFifoEnable
                0x00003f00       0x48 ./ieee_802.15.4/phy/source/XcvrSPI/Spi.o
 .text.DSPI_FlushFifo
                0x00003f48       0x3c ./ieee_802.15.4/phy/source/XcvrSPI/Spi.o
 .text.DSPI_MasterGetFormattedCommand
                0x00003f84       0x4c ./ieee_802.15.4/phy/source/XcvrSPI/Spi.o
 .text.DSPI_ReadData
                0x00003fd0       0x18 ./ieee_802.15.4/phy/source/XcvrSPI/Spi.o
 .text.spi_master_init
                0x00003fe8       0xa0 ./ieee_802.15.4/phy/source/XcvrSPI/Spi.o
                0x00003fe8                spi_master_init
 .text.spi_master_configure_speed
                0x00004088       0x40 ./ieee_802.15.4/phy/source/XcvrSPI/Spi.o
                0x00004088                spi_master_configure_speed
 .text.spi_master_transfer
                0x000040c8       0x9c ./ieee_802.15.4/phy/source/XcvrSPI/Spi.o
                0x000040c8                spi_master_transfer
 .text.MCR20Drv_Init
                0x00004164       0x48 ./ieee_802.15.4/phy/source/MCR20A/MCR20Drv/MCR20Drv.o
                0x00004164                MCR20Drv_Init
 .text.MCR20Drv_DirectAccessSPIWrite
                0x000041ac       0x68 ./ieee_802.15.4/phy/source/MCR20A/MCR20Drv/MCR20Drv.o
                0x000041ac                MCR20Drv_DirectAccessSPIWrite
 .text.MCR20Drv_DirectAccessSPIMultiByteWrite
                0x00004214       0x6c ./ieee_802.15.4/phy/source/MCR20A/MCR20Drv/MCR20Drv.o
                0x00004214                MCR20Drv_DirectAccessSPIMultiByteWrite
 .text.MCR20Drv_PB_SPIBurstWrite
                0x00004280       0x64 ./ieee_802.15.4/phy/source/MCR20A/MCR20Drv/MCR20Drv.o
                0x00004280                MCR20Drv_PB_SPIBurstWrite
 .text.MCR20Drv_DirectAccessSPIRead
                0x000042e4       0x6c ./ieee_802.15.4/phy/source/MCR20A/MCR20Drv/MCR20Drv.o
                0x000042e4                MCR20Drv_DirectAccessSPIRead
 .text.MCR20Drv_DirectAccessSPIMultiByteRead
                0x00004350       0x80 ./ieee_802.15.4/phy/source/MCR20A/MCR20Drv/MCR20Drv.o
                0x00004350                MCR20Drv_DirectAccessSPIMultiByteRead
 .text.MCR20Drv_PB_SPIBurstRead
                0x000043d0       0x70 ./ieee_802.15.4/phy/source/MCR20A/MCR20Drv/MCR20Drv.o
                0x000043d0                MCR20Drv_PB_SPIBurstRead
 .text.MCR20Drv_IndirectAccessSPIWrite
                0x00004440       0x64 ./ieee_802.15.4/phy/source/MCR20A/MCR20Drv/MCR20Drv.o
                0x00004440                MCR20Drv_IndirectAccessSPIWrite
 .text.MCR20Drv_IndirectAccessSPIMultiByteWrite
                0x000044a4       0x78 ./ieee_802.15.4/phy/source/MCR20A/MCR20Drv/MCR20Drv.o
                0x000044a4                MCR20Drv_IndirectAccessSPIMultiByteWrite
 .text.MCR20Drv_IndirectAccessSPIRead
                0x0000451c       0x70 ./ieee_802.15.4/phy/source/MCR20A/MCR20Drv/MCR20Drv.o
                0x0000451c                MCR20Drv_IndirectAccessSPIRead
 .text.MCR20Drv_IndirectAccessSPIMultiByteRead
                0x0000458c       0x78 ./ieee_802.15.4/phy/source/MCR20A/MCR20Drv/MCR20Drv.o
                0x0000458c                MCR20Drv_IndirectAccessSPIMultiByteRead
 .text.MCR20Drv_IRQ_PortConfig
                0x00004604       0x38 ./ieee_802.15.4/phy/source/MCR20A/MCR20Drv/MCR20Drv.o
                0x00004604                MCR20Drv_IRQ_PortConfig
 .text.MCR20Drv_IsIrqPending
                0x0000463c       0x20 ./ieee_802.15.4/phy/source/MCR20A/MCR20Drv/MCR20Drv.o
                0x0000463c                MCR20Drv_IsIrqPending
 .text.MCR20Drv_IRQ_Disable
                0x0000465c       0x3c ./ieee_802.15.4/phy/source/MCR20A/MCR20Drv/MCR20Drv.o
                0x0000465c                MCR20Drv_IRQ_Disable
 .text.MCR20Drv_IRQ_Enable
                0x00004698       0x44 ./ieee_802.15.4/phy/source/MCR20A/MCR20Drv/MCR20Drv.o
                0x00004698                MCR20Drv_IRQ_Enable
 .text.MCR20Drv_IRQ_Clear
                0x000046dc       0x10 ./ieee_802.15.4/phy/source/MCR20A/MCR20Drv/MCR20Drv.o
                0x000046dc                MCR20Drv_IRQ_Clear
 .text.MCR20Drv_RST_B_Assert
                0x000046ec       0x10 ./ieee_802.15.4/phy/source/MCR20A/MCR20Drv/MCR20Drv.o
                0x000046ec                MCR20Drv_RST_B_Assert
 .text.MCR20Drv_RST_B_Deassert
                0x000046fc       0x10 ./ieee_802.15.4/phy/source/MCR20A/MCR20Drv/MCR20Drv.o
                0x000046fc                MCR20Drv_RST_B_Deassert
 .text.MCR20Drv_RESET
                0x0000470c       0x24 ./ieee_802.15.4/phy/source/MCR20A/MCR20Drv/MCR20Drv.o
                0x0000470c                MCR20Drv_RESET
 .text.MCR20Drv_Set_CLK_OUT_Freq
                0x00004730       0x34 ./ieee_802.15.4/phy/source/MCR20A/MCR20Drv/MCR20Drv.o
                0x00004730                MCR20Drv_Set_CLK_OUT_Freq
 .text.MPM_AcquirePAN
                0x00004764       0x18 ./ieee_802.15.4/phy/source/MPM.o
                0x00004764                MPM_AcquirePAN
 .text.MPM_ReleasePAN
                0x0000477c       0x18 ./ieee_802.15.4/phy/source/MPM.o
                0x0000477c                MPM_ReleasePAN
 .text.PhyIsrPassRxParams
                0x00004794       0x1c ./ieee_802.15.4/phy/source/PhyISR.o
                0x00004794                PhyIsrPassRxParams
 .text.PhyIsrSeqCleanup
                0x000047b0       0x58 ./ieee_802.15.4/phy/source/PhyISR.o
                0x000047b0                PhyIsrSeqCleanup
 .text.Phy_GetEnergyLevel
                0x00004808       0x40 ./ieee_802.15.4/phy/source/PhyISR.o
                0x00004808                Phy_GetEnergyLevel
 .text.Phy_LqiConvert
                0x00004848       0x44 ./ieee_802.15.4/phy/source/PhyISR.o
 .text.PHY_InterruptHandler
                0x0000488c      0x658 ./ieee_802.15.4/phy/source/PhyISR.o
                0x0000488c                PHY_InterruptHandler
 .text.PHY_InstallIsr
                0x00004ee4       0x1c ./ieee_802.15.4/phy/source/PhyISR.o
                0x00004ee4                PHY_InstallIsr
 .text.Phy_RestartRxFromISR
                0x00004f00      0x108 ./ieee_802.15.4/phy/source/PhyISR.o
 .text.PhyHwInit
                0x00005008      0x148 ./ieee_802.15.4/phy/source/PhyPacketProcessor.o
                0x00005008                PhyHwInit
 .text.PhyAbort
                0x00005150      0x110 ./ieee_802.15.4/phy/source/PhyPacketProcessor.o
                0x00005150                PhyAbort
 .text.PhyPpGetState
                0x00005260       0x1c ./ieee_802.15.4/phy/source/PhyPacketProcessor.o
                0x00005260                PhyPpGetState
 .text.PhyPpSetPanId
                0x0000527c       0x34 ./ieee_802.15.4/phy/source/PhyPacketProcessor.o
                0x0000527c                PhyPpSetPanId
 .text.PhyPpSetShortAddr
                0x000052b0       0x34 ./ieee_802.15.4/phy/source/PhyPacketProcessor.o
                0x000052b0                PhyPpSetShortAddr
 .text.PhyPpSetLongAddr
                0x000052e4       0x34 ./ieee_802.15.4/phy/source/PhyPacketProcessor.o
                0x000052e4                PhyPpSetLongAddr
 .text.PhyPpSetMacRole
                0x00005318       0x80 ./ieee_802.15.4/phy/source/PhyPacketProcessor.o
                0x00005318                PhyPpSetMacRole
 .text.PhyPpSetPromiscuous
                0x00005398       0x80 ./ieee_802.15.4/phy/source/PhyPacketProcessor.o
                0x00005398                PhyPpSetPromiscuous
 .text.PhyPp_IndirectQueueInsert
                0x00005418       0x54 ./ieee_802.15.4/phy/source/PhyPacketProcessor.o
                0x00005418                PhyPp_IndirectQueueInsert
 .text.PhyPp_RemoveFromIndirect
                0x0000546c       0x3c ./ieee_802.15.4/phy/source/PhyPacketProcessor.o
                0x0000546c                PhyPp_RemoveFromIndirect
 .text.PhyPpSetCcaThreshold
                0x000054a8       0x20 ./ieee_802.15.4/phy/source/PhyPacketProcessor.o
                0x000054a8                PhyPpSetCcaThreshold
 .text.PhyPpSetDualPanSamLvl
                0x000054c8       0x44 ./ieee_802.15.4/phy/source/PhyPacketProcessor.o
                0x000054c8                PhyPpSetDualPanSamLvl
 .text.PhyPlmeSetPwrState
                0x0000550c      0x130 ./ieee_802.15.4/phy/source/PhyPacketProcessor.o
                0x0000550c                PhyPlmeSetPwrState
 .text.PhyPdDataRequest
                0x0000563c      0x1e4 ./ieee_802.15.4/phy/source/PhyPlmeData.o
                0x0000563c                PhyPdDataRequest
 .text.PhyPlmeRxRequest
                0x00005820      0x16c ./ieee_802.15.4/phy/source/PhyPlmeData.o
                0x00005820                PhyPlmeRxRequest
 .text.PhyPlmeTimmedRxRequest
                0x0000598c      0x254 ./ieee_802.15.4/phy/source/PhyPlmeData.o
                0x0000598c                PhyPlmeTimmedRxRequest
 .text.PhyPlmeCcaEdRequest
                0x00005be0      0x12c ./ieee_802.15.4/phy/source/PhyPlmeData.o
                0x00005be0                PhyPlmeCcaEdRequest
 .text.PhyPlmeSetCurrentChannelRequest
                0x00005d0c       0xbc ./ieee_802.15.4/phy/source/PhyPlmeData.o
                0x00005d0c                PhyPlmeSetCurrentChannelRequest
 .text.PhyPlmeGetCurrentChannelRequest
                0x00005dc8       0x30 ./ieee_802.15.4/phy/source/PhyPlmeData.o
                0x00005dc8                PhyPlmeGetCurrentChannelRequest
 .text.PhyPlmeSetPwrLevelRequest
                0x00005df8       0x5c ./ieee_802.15.4/phy/source/PhyPlmeData.o
                0x00005df8                PhyPlmeSetPwrLevelRequest
 .text.PhyPlmeSetPIBRequest
                0x00005e54      0x1ec ./ieee_802.15.4/phy/source/PhyPlmeData.o
                0x00005e54                PhyPlmeSetPIBRequest
 .text.PhyPlmeGetPIBRequest
                0x00006040      0x1d8 ./ieee_802.15.4/phy/source/PhyPlmeData.o
                0x00006040                PhyPlmeGetPIBRequest
 .text.PhyRxRetry
                0x00006218       0x78 ./ieee_802.15.4/phy/source/PhyPlmeData.o
 .text.Phy_Init
                0x00006290       0xa4 ./ieee_802.15.4/phy/source/PhyStateMachine.o
                0x00006290                Phy_Init
 .text.BindToPHY
                0x00006334       0x18 ./ieee_802.15.4/phy/source/PhyStateMachine.o
                0x00006334                BindToPHY
 .text.Phy_RegisterSapHandlers
                0x0000634c       0x40 ./ieee_802.15.4/phy/source/PhyStateMachine.o
                0x0000634c                Phy_RegisterSapHandlers
 .text.Phy24Task
                0x0000638c      0x1c8 ./ieee_802.15.4/phy/source/PhyStateMachine.o
 .text.MAC_PD_SapHandler
                0x00006554       0xa8 ./ieee_802.15.4/phy/source/PhyStateMachine.o
                0x00006554                MAC_PD_SapHandler
 .text.MAC_PLME_SapHandler
                0x000065fc      0x164 ./ieee_802.15.4/phy/source/PhyStateMachine.o
                0x000065fc                MAC_PLME_SapHandler
 .text.Phy_HandlePdDataReq
                0x00006760      0x100 ./ieee_802.15.4/phy/source/PhyStateMachine.o
 .text.Phy_EnterIdle
                0x00006860       0x90 ./ieee_802.15.4/phy/source/PhyStateMachine.o
 .text.PhyPlmeSetFrameWaitTime
                0x000068f0       0x2c ./ieee_802.15.4/phy/source/PhyStateMachine.o
                0x000068f0                PhyPlmeSetFrameWaitTime
 .text.PhyPlmeSetRxOnWhenIdle
                0x0000691c      0x138 ./ieee_802.15.4/phy/source/PhyStateMachine.o
                0x0000691c                PhyPlmeSetRxOnWhenIdle
 .text.PhyIsIdleRx
                0x00006a54       0x40 ./ieee_802.15.4/phy/source/PhyStateMachine.o
                0x00006a54                PhyIsIdleRx
 .text.Radio_Phy_PdDataConfirm
                0x00006a94      0x144 ./ieee_802.15.4/phy/source/PhyStateMachine.o
                0x00006a94                Radio_Phy_PdDataConfirm
 .text.Radio_Phy_PdDataIndication
                0x00006bd8       0x28 ./ieee_802.15.4/phy/source/PhyStateMachine.o
                0x00006bd8                Radio_Phy_PdDataIndication
 .text.Radio_Phy_TimeWaitTimeoutIndication
                0x00006c00       0x14 ./ieee_802.15.4/phy/source/PhyStateMachine.o
                0x00006c00                Radio_Phy_TimeWaitTimeoutIndication
 .text.Radio_Phy_PlmeCcaConfirm
                0x00006c14       0x40 ./ieee_802.15.4/phy/source/PhyStateMachine.o
                0x00006c14                Radio_Phy_PlmeCcaConfirm
 .text.Radio_Phy_PlmeEdConfirm
                0x00006c54       0x40 ./ieee_802.15.4/phy/source/PhyStateMachine.o
                0x00006c54                Radio_Phy_PlmeEdConfirm
 .text.Radio_Phy_TimeRxTimeoutIndication
                0x00006c94       0x44 ./ieee_802.15.4/phy/source/PhyStateMachine.o
                0x00006c94                Radio_Phy_TimeRxTimeoutIndication
 .text.Radio_Phy_TimeStartEventIndication
                0x00006cd8       0x14 ./ieee_802.15.4/phy/source/PhyStateMachine.o
                0x00006cd8                Radio_Phy_TimeStartEventIndication
 .text.Radio_Phy_PlmeRxSfdDetect
                0x00006cec       0xd8 ./ieee_802.15.4/phy/source/PhyStateMachine.o
                0x00006cec                Radio_Phy_PlmeRxSfdDetect
 .text.Radio_Phy_PlmeSyncLossIndication
                0x00006dc4       0x18 ./ieee_802.15.4/phy/source/PhyStateMachine.o
                0x00006dc4                Radio_Phy_PlmeSyncLossIndication
 .text.Radio_Phy_PlmeFilterFailRx
                0x00006ddc       0x84 ./ieee_802.15.4/phy/source/PhyStateMachine.o
                0x00006ddc                Radio_Phy_PlmeFilterFailRx
 .text.PLME_SendMessage
                0x00006e60       0xc4 ./ieee_802.15.4/phy/source/PhyStateMachine.o
 .text.PD_SendMessage
                0x00006f24      0x210 ./ieee_802.15.4/phy/source/PhyStateMachine.o
 .text.Phy_SendLatePLME
                0x00007134       0x20 ./ieee_802.15.4/phy/source/PhyStateMachine.o
 .text.Phy_SendLatePD
                0x00007154       0x20 ./ieee_802.15.4/phy/source/PhyStateMachine.o
 .text.Radio_Phy_Notify
                0x00007174       0x28 ./ieee_802.15.4/phy/source/PhyStateMachine.o
                0x00007174                Radio_Phy_Notify
 .text.PhyTimeSetEventTrigger
                0x0000719c       0x78 ./ieee_802.15.4/phy/source/PhyTime.o
                0x0000719c                PhyTimeSetEventTrigger
 .text.PhyTimeSetEventTimeout
                0x00007214       0x80 ./ieee_802.15.4/phy/source/PhyTime.o
                0x00007214                PhyTimeSetEventTimeout
 .text.PhyTimeReadClock
                0x00007294       0x30 ./ieee_802.15.4/phy/source/PhyTime.o
                0x00007294                PhyTimeReadClock
 .text.PhyTimeSetWaitTimeout
                0x000072c4       0x60 ./ieee_802.15.4/phy/source/PhyTime.o
                0x000072c4                PhyTimeSetWaitTimeout
 .text.PhyTime_ISR
                0x00007324       0x50 ./ieee_802.15.4/phy/source/PhyTime.o
                0x00007324                PhyTime_ISR
 .text.PhyTime_TimerInit
                0x00007374       0x88 ./ieee_802.15.4/phy/source/PhyTime.o
                0x00007374                PhyTime_TimerInit
 .text.PhyTime_GetTimestamp
                0x000073fc       0x4c ./ieee_802.15.4/phy/source/PhyTime.o
                0x000073fc                PhyTime_GetTimestamp
 .text.PhyTime_ScheduleEvent
                0x00007448       0xc0 ./ieee_802.15.4/phy/source/PhyTime.o
                0x00007448                PhyTime_ScheduleEvent
 .text.PhyTime_CancelEvent
                0x00007508       0x8c ./ieee_802.15.4/phy/source/PhyTime.o
                0x00007508                PhyTime_CancelEvent
 .text.PhyTime_CancelEventsWithParam
                0x00007594       0xa0 ./ieee_802.15.4/phy/source/PhyTime.o
                0x00007594                PhyTime_CancelEventsWithParam
 .text.PhyTime_RunCallback
                0x00007634       0x60 ./ieee_802.15.4/phy/source/PhyTime.o
                0x00007634                PhyTime_RunCallback
 .text.PhyTime_Maintenance
                0x00007694       0xb8 ./ieee_802.15.4/phy/source/PhyTime.o
                0x00007694                PhyTime_Maintenance
 .text.PhyTime_OverflowCB
                0x0000774c       0x4c ./ieee_802.15.4/phy/source/PhyTime.o
 .text.PhyTime_GetNextEvent
                0x00007798       0x74 ./ieee_802.15.4/phy/source/PhyTime.o
 .text.MAC_Monitor
                0x0000780c       0x1c ./ieee_802.15.4/App/FsciMacCommands.o
                0x0000780c                MAC_Monitor
 .text.MAC_Init
                0x00007828       0x60 ./ieee_802.15.4/App/MacGlobals.o
                0x00007828                MAC_Init
 .text.pxPortInitialiseStack
                0x00007888       0x64 ./freertos/portable/port.o
                0x00007888                pxPortInitialiseStack
 .text.prvTaskExitError
                0x000078ec       0x3c ./freertos/portable/port.o
 .text.SVC_Handler
                0x00007928       0x20 ./freertos/portable/port.o
                0x00007928                SVC_Handler
 .text.prvPortStartFirstTask
                0x00007948       0x20 ./freertos/portable/port.o
 .text.xPortStartScheduler
                0x00007968      0x118 ./freertos/portable/port.o
                0x00007968                xPortStartScheduler
 .text.vPortEnterCritical
                0x00007a80       0x5c ./freertos/portable/port.o
                0x00007a80                vPortEnterCritical
 .text.vPortExitCritical
                0x00007adc       0x4c ./freertos/portable/port.o
                0x00007adc                vPortExitCritical
 .text.PendSV_Handler
                0x00007b28       0x60 ./freertos/portable/port.o
                0x00007b28                PendSV_Handler
 .text.SysTick_Handler
                0x00007b88       0x44 ./freertos/portable/port.o
                0x00007b88                SysTick_Handler
 .text.vPortSetupTimerInterrupt
                0x00007bcc       0x40 ./freertos/portable/port.o
                0x00007bcc                vPortSetupTimerInterrupt
 .text.vPortEnableVFP
                0x00007c0c       0x14 ./freertos/portable/port.o
 .text.vPortValidateInterruptPriority
                0x00007c20       0x78 ./freertos/portable/port.o
                0x00007c20                vPortValidateInterruptPriority
 .text.xEventGroupCreate
                0x00007c98       0x30 ./freertos/event_groups.o
                0x00007c98                xEventGroupCreate
 .text.xEventGroupWaitBits
                0x00007cc8      0x194 ./freertos/event_groups.o
                0x00007cc8                xEventGroupWaitBits
 .text.xEventGroupSetBits
                0x00007e5c      0x114 ./freertos/event_groups.o
                0x00007e5c                xEventGroupSetBits
 .text.vEventGroupSetBitsCallback
                0x00007f70       0x18 ./freertos/event_groups.o
                0x00007f70                vEventGroupSetBitsCallback
 .text.prvTestWaitCondition
                0x00007f88       0x44 ./freertos/event_groups.o
 .text.pvPortMalloc
                0x00007fcc      0x184 ./freertos/heap_4.o
                0x00007fcc                pvPortMalloc
 .text.vPortFree
                0x00008150       0xb0 ./freertos/heap_4.o
                0x00008150                vPortFree
 .text.prvHeapInit
                0x00008200       0xc4 ./freertos/heap_4.o
 .text.prvInsertBlockIntoFreeList
                0x000082c4       0xb0 ./freertos/heap_4.o
 .text.vListInitialise
                0x00008374       0x40 ./freertos/list.o
                0x00008374                vListInitialise
 .text.vListInitialiseItem
                0x000083b4       0x18 ./freertos/list.o
                0x000083b4                vListInitialiseItem
 .text.vListInsertEnd
                0x000083cc       0x48 ./freertos/list.o
                0x000083cc                vListInsertEnd
 .text.vListInsert
                0x00008414       0x70 ./freertos/list.o
                0x00008414                vListInsert
 .text.uxListRemove
                0x00008484       0x54 ./freertos/list.o
                0x00008484                uxListRemove
 .text.xQueueGenericReset
                0x000084d8       0xd0 ./freertos/queue.o
                0x000084d8                xQueueGenericReset
 .text.xQueueGenericCreate
                0x000085a8       0xac ./freertos/queue.o
                0x000085a8                xQueueGenericCreate
 .text.xQueueCreateMutex
                0x00008654       0x7c ./freertos/queue.o
                0x00008654                xQueueCreateMutex
 .text.xQueueGetMutexHolder
                0x000086d0       0x30 ./freertos/queue.o
                0x000086d0                xQueueGetMutexHolder
 .text.xQueueCreateCountingSemaphore
                0x00008700       0x7c ./freertos/queue.o
                0x00008700                xQueueCreateCountingSemaphore
 .text.xQueueGenericSend
                0x0000877c      0x1ec ./freertos/queue.o
                0x0000877c                xQueueGenericSend
 .text.xQueueGenericSendFromISR
                0x00008968      0x118 ./freertos/queue.o
                0x00008968                xQueueGenericSendFromISR
 .text.xQueueGiveFromISR
                0x00008a80      0x100 ./freertos/queue.o
                0x00008a80                xQueueGiveFromISR
 .text.xQueueGenericReceive
                0x00008b80      0x20c ./freertos/queue.o
                0x00008b80                xQueueGenericReceive
 .text.prvCopyDataToQueue
                0x00008d8c       0xdc ./freertos/queue.o
 .text.prvCopyDataFromQueue
                0x00008e68       0x4c ./freertos/queue.o
 .text.prvUnlockQueue
                0x00008eb4       0x98 ./freertos/queue.o
 .text.prvIsQueueEmpty
                0x00008f4c       0x2c ./freertos/queue.o
 .text.prvIsQueueFull
                0x00008f78       0x30 ./freertos/queue.o
 .text.vQueueAddToRegistry
                0x00008fa8       0x50 ./freertos/queue.o
                0x00008fa8                vQueueAddToRegistry
 .text.vQueueWaitForMessageRestricted
                0x00008ff8       0x5c ./freertos/queue.o
                0x00008ff8                vQueueWaitForMessageRestricted
 .text.xTaskGenericCreate
                0x00009054      0x198 ./freertos/tasks.o
                0x00009054                xTaskGenericCreate
 .text.vTaskStartScheduler
                0x000091ec       0x98 ./freertos/tasks.o
                0x000091ec                vTaskStartScheduler
 .text.vTaskSuspendAll
                0x00009284       0x1c ./freertos/tasks.o
                0x00009284                vTaskSuspendAll
 .text.xTaskResumeAll
                0x000092a0      0x128 ./freertos/tasks.o
                0x000092a0                xTaskResumeAll
 .text.xTaskGetTickCount
                0x000093c8       0x20 ./freertos/tasks.o
                0x000093c8                xTaskGetTickCount
 .text.xTaskIncrementTick
                0x000093e8      0x15c ./freertos/tasks.o
                0x000093e8                xTaskIncrementTick
 .text.vTaskSwitchContext
                0x00009544       0xb4 ./freertos/tasks.o
                0x00009544                vTaskSwitchContext
 .text.vTaskPlaceOnEventList
                0x000095f8       0x9c ./freertos/tasks.o
                0x000095f8                vTaskPlaceOnEventList
 .text.vTaskPlaceOnUnorderedEventList
                0x00009694       0xc8 ./freertos/tasks.o
                0x00009694                vTaskPlaceOnUnorderedEventList
 .text.vTaskPlaceOnEventListRestricted
                0x0000975c       0x9c ./freertos/tasks.o
                0x0000975c                vTaskPlaceOnEventListRestricted
 .text.xTaskRemoveFromEventList
                0x000097f8       0xc4 ./freertos/tasks.o
                0x000097f8                xTaskRemoveFromEventList
 .text.xTaskRemoveFromUnorderedEventList
                0x000098bc       0xcc ./freertos/tasks.o
                0x000098bc                xTaskRemoveFromUnorderedEventList
 .text.vTaskSetTimeOutState
                0x00009988       0x44 ./freertos/tasks.o
                0x00009988                vTaskSetTimeOutState
 .text.xTaskCheckForTimeOut
                0x000099cc       0xbc ./freertos/tasks.o
                0x000099cc                xTaskCheckForTimeOut
 .text.vTaskMissedYield
                0x00009a88       0x18 ./freertos/tasks.o
                0x00009a88                vTaskMissedYield
 .text.prvIdleTask
                0x00009aa0       0x30 ./freertos/tasks.o
 .text.prvInitialiseTCBVariables
                0x00009ad0       0xa4 ./freertos/tasks.o
 .text.prvInitialiseTaskLists
                0x00009b74       0x7c ./freertos/tasks.o
 .text.prvCheckTasksWaitingTermination
                0x00009bf0       0x74 ./freertos/tasks.o
 .text.prvAddCurrentTaskToDelayedList
                0x00009c64       0x6c ./freertos/tasks.o
 .text.prvAllocateTCBAndStack
                0x00009cd0       0x70 ./freertos/tasks.o
 .text.prvDeleteTCB
                0x00009d40       0x20 ./freertos/tasks.o
 .text.prvResetNextTaskUnblockTime
                0x00009d60       0x48 ./freertos/tasks.o
 .text.xTaskGetCurrentTaskHandle
                0x00009da8       0x20 ./freertos/tasks.o
                0x00009da8                xTaskGetCurrentTaskHandle
 .text.xTaskGetSchedulerState
                0x00009dc8       0x3c ./freertos/tasks.o
                0x00009dc8                xTaskGetSchedulerState
 .text.vTaskPriorityInherit
                0x00009e04       0xec ./freertos/tasks.o
                0x00009e04                vTaskPriorityInherit
 .text.xTaskPriorityDisinherit
                0x00009ef0      0x108 ./freertos/tasks.o
                0x00009ef0                xTaskPriorityDisinherit
 .text.uxTaskResetEventItemValue
                0x00009ff8       0x30 ./freertos/tasks.o
                0x00009ff8                uxTaskResetEventItemValue
 .text.pvTaskIncrementMutexHeldCount
                0x0000a028       0x28 ./freertos/tasks.o
                0x0000a028                pvTaskIncrementMutexHeldCount
 .text.xTimerCreateTimerTask
                0x0000a050       0x64 ./freertos/timers.o
                0x0000a050                xTimerCreateTimerTask
 .text.xTimerGenericCommand
                0x0000a0b4       0xa4 ./freertos/timers.o
                0x0000a0b4                xTimerGenericCommand
 .text.prvProcessExpiredTimer
                0x0000a158       0x80 ./freertos/timers.o
 .text.prvTimerTask
                0x0000a1d8       0x24 ./freertos/timers.o
 .text.prvProcessTimerOrBlockTask
                0x0000a1fc       0x9c ./freertos/timers.o
 .text.prvGetNextExpireTime
                0x0000a298       0x48 ./freertos/timers.o
 .text.prvSampleTimeNow
                0x0000a2e0       0x40 ./freertos/timers.o
 .text.prvInsertTimerInActiveList
                0x0000a320       0x84 ./freertos/timers.o
 .text.prvProcessReceivedCommands
                0x0000a3a4      0x164 ./freertos/timers.o
 .text.prvSwitchTimerLists
                0x0000a508       0xc0 ./freertos/timers.o
 .text.prvCheckForValidListAndQueue
                0x0000a5c8       0x8c ./freertos/timers.o
 .text.xTimerPendFunctionCallFromISR
                0x0000a654       0x44 ./freertos/timers.o
                0x0000a654                xTimerPendFunctionCallFromISR
 .text.NVIC_EnableIRQ
                0x0000a698       0x30 ./framework/TimersManager/Source/TMR_Adapter.o
 .text.NVIC_ClearPendingIRQ
                0x0000a6c8       0x34 ./framework/TimersManager/Source/TMR_Adapter.o
 .text.NVIC_SetPriority
                0x0000a6fc       0x54 ./framework/TimersManager/Source/TMR_Adapter.o
 .text.FTM_StartTimer
                0x0000a750       0x38 ./framework/TimersManager/Source/TMR_Adapter.o
 .text.FTM_StopTimer
                0x0000a788       0x20 ./framework/TimersManager/Source/TMR_Adapter.o
 .text.StackTimer_Init
                0x0000a7a8       0x78 ./framework/TimersManager/Source/TMR_Adapter.o
                0x0000a7a8                StackTimer_Init
 .text.StackTimer_Enable
                0x0000a820       0x18 ./framework/TimersManager/Source/TMR_Adapter.o
                0x0000a820                StackTimer_Enable
 .text.StackTimer_Disable
                0x0000a838       0x14 ./framework/TimersManager/Source/TMR_Adapter.o
                0x0000a838                StackTimer_Disable
 .text.StackTimer_GetInputFrequency
                0x0000a84c       0x24 ./framework/TimersManager/Source/TMR_Adapter.o
                0x0000a84c                StackTimer_GetInputFrequency
 .text.StackTimer_GetCounterValue
                0x0000a870       0x18 ./framework/TimersManager/Source/TMR_Adapter.o
                0x0000a870                StackTimer_GetCounterValue
 .text.StackTimer_SetOffsetTicks
                0x0000a888       0x24 ./framework/TimersManager/Source/TMR_Adapter.o
                0x0000a888                StackTimer_SetOffsetTicks
 .text.StackTimer_ClearIntFlag
                0x0000a8ac       0x28 ./framework/TimersManager/Source/TMR_Adapter.o
                0x0000a8ac                StackTimer_ClearIntFlag
 .text.TMR_GetTimerStatus
                0x0000a8d4       0x28 ./framework/TimersManager/Source/TimersManager.o
 .text.TMR_SetTimerStatus
                0x0000a8fc       0x38 ./framework/TimersManager/Source/TimersManager.o
 .text.TMR_GetTimerType
                0x0000a934       0x28 ./framework/TimersManager/Source/TimersManager.o
 .text.TMR_SetTimerType
                0x0000a95c       0x38 ./framework/TimersManager/Source/TimersManager.o
 .text.TmrTicksFromMilliseconds
                0x0000a994       0x50 ./framework/TimersManager/Source/TimersManager.o
                0x0000a994                TmrTicksFromMilliseconds
 .text.TMR_Init
                0x0000a9e4       0x7c ./framework/TimersManager/Source/TimersManager.o
                0x0000a9e4                TMR_Init
 .text.TMR_NotifyClkChanged
                0x0000aa60       0x40 ./framework/TimersManager/Source/TimersManager.o
                0x0000aa60                TMR_NotifyClkChanged
 .text.TMR_AllocateTimer
                0x0000aaa0       0x48 ./framework/TimersManager/Source/TimersManager.o
                0x0000aaa0                TMR_AllocateTimer
 .text.StackTimer_ISR
                0x0000aae8       0x1c ./framework/TimersManager/Source/TimersManager.o
 .text.TMR_IsTimerActive
                0x0000ab04       0x28 ./framework/TimersManager/Source/TimersManager.o
                0x0000ab04                TMR_IsTimerActive
 .text.TMR_StartTimer
                0x0000ab2c       0xbc ./framework/TimersManager/Source/TimersManager.o
                0x0000ab2c                TMR_StartTimer
 .text.TMR_StartIntervalTimer
                0x0000abe8       0x2c ./framework/TimersManager/Source/TimersManager.o
                0x0000abe8                TMR_StartIntervalTimer
 .text.TMR_StartSingleShotTimer
                0x0000ac14       0x2c ./framework/TimersManager/Source/TimersManager.o
                0x0000ac14                TMR_StartSingleShotTimer
 .text.TMR_StopTimer
                0x0000ac40       0xc4 ./framework/TimersManager/Source/TimersManager.o
                0x0000ac40                TMR_StopTimer
 .text.TMR_Task
                0x0000ad04      0x2ec ./framework/TimersManager/Source/TimersManager.o
                0x0000ad04                TMR_Task
 .text.TMR_EnableTimer
                0x0000aff0       0x78 ./framework/TimersManager/Source/TimersManager.o
                0x0000aff0                TMR_EnableTimer
 .text.SerialManager_Init
                0x0000b068       0x78 ./framework/SerialManager/Source/SerialManager.o
                0x0000b068                SerialManager_Init
 .text.SerialManagerTask
                0x0000b0e0      0x134 ./framework/SerialManager/Source/SerialManager.o
                0x0000b0e0                SerialManagerTask
 .text.Serial_InitInterface
                0x0000b214      0x16c ./framework/SerialManager/Source/SerialManager.o
                0x0000b214                Serial_InitInterface
 .text.Serial_AsyncWrite
                0x0000b380      0x15c ./framework/SerialManager/Source/SerialManager.o
                0x0000b380                Serial_AsyncWrite
 .text.Serial_SyncWrite
                0x0000b4dc       0xb4 ./framework/SerialManager/Source/SerialManager.o
                0x0000b4dc                Serial_SyncWrite
 .text.Serial_Read
                0x0000b590       0xcc ./framework/SerialManager/Source/SerialManager.o
                0x0000b590                Serial_Read
 .text.Serial_RxBufferByteCount
                0x0000b65c       0xc4 ./framework/SerialManager/Source/SerialManager.o
                0x0000b65c                Serial_RxBufferByteCount
 .text.Serial_SetRxCallBack
                0x0000b720       0x58 ./framework/SerialManager/Source/SerialManager.o
                0x0000b720                Serial_SetRxCallBack
 .text.Serial_SetBaudRate
                0x0000b778       0x6c ./framework/SerialManager/Source/SerialManager.o
                0x0000b778                Serial_SetBaudRate
 .text.Serial_Print
                0x0000b7e4       0x60 ./framework/SerialManager/Source/SerialManager.o
                0x0000b7e4                Serial_Print
 .text.Serial_PrintHex
                0x0000b844      0x158 ./framework/SerialManager/Source/SerialManager.o
                0x0000b844                Serial_PrintHex
 .text.Serial_WriteInternal
                0x0000b99c       0xe8 ./framework/SerialManager/Source/SerialManager.o
 .text.SerialManager_RxNotify
                0x0000ba84       0xb0 ./framework/SerialManager/Source/SerialManager.o
                0x0000ba84                SerialManager_RxNotify
 .text.SerialManager_TxNotify
                0x0000bb34       0xd0 ./framework/SerialManager/Source/SerialManager.o
                0x0000bb34                SerialManager_TxNotify
 .text.Serial_TxQueueMaintenance
                0x0000bc04      0x124 ./framework/SerialManager/Source/SerialManager.o
 .text.Serial_SyncTxCallback
                0x0000bd28       0x1c ./framework/SerialManager/Source/SerialManager.o
 .text.Serial_UartRxCb
                0x0000bd44       0x4c ./framework/SerialManager/Source/SerialManager.o
 .text.Serial_UartTxCb
                0x0000bd90       0x18 ./framework/SerialManager/Source/SerialManager.o
 .text.NVIC_EnableIRQ
                0x0000bda8       0x30 ./framework/SerialManager/Source/UART_Adapter.o
 .text.NVIC_SetPriority
                0x0000bdd8       0x54 ./framework/SerialManager/Source/UART_Adapter.o
 .text.UART_WriteByte
                0x0000be2c       0x1c ./framework/SerialManager/Source/UART_Adapter.o
 .text.UART_ReadByte
                0x0000be48       0x1c ./framework/SerialManager/Source/UART_Adapter.o
 .text.UART_Initialize
                0x0000be64       0xdc ./framework/SerialManager/Source/UART_Adapter.o
                0x0000be64                UART_Initialize
 .text.UART_SetBaudrate
                0x0000bf40       0x44 ./framework/SerialManager/Source/UART_Adapter.o
                0x0000bf40                UART_SetBaudrate
 .text.UART_SendData
                0x0000bf84       0xb0 ./framework/SerialManager/Source/UART_Adapter.o
                0x0000bf84                UART_SendData
 .text.UART_InstallRxCalback
                0x0000c034       0x48 ./framework/SerialManager/Source/UART_Adapter.o
                0x0000c034                UART_InstallRxCalback
 .text.UART_InstallTxCalback
                0x0000c07c       0x48 ./framework/SerialManager/Source/UART_Adapter.o
                0x0000c07c                UART_InstallTxCalback
 .text.UART_IsTxActive
                0x0000c0c4       0x58 ./framework/SerialManager/Source/UART_Adapter.o
                0x0000c0c4                UART_IsTxActive
 .text.UART_ISR
                0x0000c11c      0x148 ./framework/SerialManager/Source/UART_Adapter.o
 .text.SecLib_Init
                0x0000c264       0x30 ./framework/SecLib/SecLib.o
                0x0000c264                SecLib_Init
 .text.AES_128_Encrypt
                0x0000c294       0xc8 ./framework/SecLib/SecLib.o
                0x0000c294                AES_128_Encrypt
 .text.AES_128_CCM
                0x0000c35c       0x68 ./framework/SecLib/SecLib.o
                0x0000c35c                AES_128_CCM
 .text.SecLib_XorN
                0x0000c3c4       0x44 ./framework/SecLib/SecLib.o
                0x0000c3c4                SecLib_XorN
 .text.RNG_Init
                0x0000c408       0x44 ./framework/RNG/Source/RNG.o
                0x0000c408                RNG_Init
 .text.RNG_GetRandomNo
                0x0000c44c       0x2c ./framework/RNG/Source/RNG.o
                0x0000c44c                RNG_GetRandomNo
 .text.panic    0x0000c478       0x18 ./framework/Panic/Source/Panic.o
                0x0000c478                panic
 .text.startup_task
                0x0000c490       0x10 ./framework/OSAbstraction/Interface/fsl_os_abstraction_free_rtos.o
                0x0000c490                startup_task
 .text.OSA_TaskGetId
                0x0000c4a0       0x10 ./framework/OSAbstraction/Interface/fsl_os_abstraction_free_rtos.o
                0x0000c4a0                OSA_TaskGetId
 .text.OSA_TaskCreate
                0x0000c4b0       0x58 ./framework/OSAbstraction/Interface/fsl_os_abstraction_free_rtos.o
                0x0000c4b0                OSA_TaskCreate
 .text.OSA_SemaphoreCreate
                0x0000c508       0x1c ./framework/OSAbstraction/Interface/fsl_os_abstraction_free_rtos.o
                0x0000c508                OSA_SemaphoreCreate
 .text.OSA_SemaphoreWait
                0x0000c524       0x60 ./framework/OSAbstraction/Interface/fsl_os_abstraction_free_rtos.o
                0x0000c524                OSA_SemaphoreWait
 .text.OSA_SemaphorePost
                0x0000c584       0x84 ./framework/OSAbstraction/Interface/fsl_os_abstraction_free_rtos.o
                0x0000c584                OSA_SemaphorePost
 .text.OSA_MutexCreate
                0x0000c608       0x18 ./framework/OSAbstraction/Interface/fsl_os_abstraction_free_rtos.o
                0x0000c608                OSA_MutexCreate
 .text.OSA_MutexLock
                0x0000c620       0x78 ./framework/OSAbstraction/Interface/fsl_os_abstraction_free_rtos.o
                0x0000c620                OSA_MutexLock
 .text.OSA_MutexUnlock
                0x0000c698       0x4c ./framework/OSAbstraction/Interface/fsl_os_abstraction_free_rtos.o
                0x0000c698                OSA_MutexUnlock
 .text.OSA_EventCreate
                0x0000c6e4       0x64 ./framework/OSAbstraction/Interface/fsl_os_abstraction_free_rtos.o
                0x0000c6e4                OSA_EventCreate
 .text.OSA_EventSet
                0x0000c748       0xa4 ./framework/OSAbstraction/Interface/fsl_os_abstraction_free_rtos.o
                0x0000c748                OSA_EventSet
 .text.OSA_EventWait
                0x0000c7ec       0xa0 ./framework/OSAbstraction/Interface/fsl_os_abstraction_free_rtos.o
                0x0000c7ec                OSA_EventWait
 .text.OSA_InterruptEnable
                0x0000c88c       0x4c ./framework/OSAbstraction/Interface/fsl_os_abstraction_free_rtos.o
                0x0000c88c                OSA_InterruptEnable
 .text.OSA_InterruptDisable
                0x0000c8d8       0x60 ./framework/OSAbstraction/Interface/fsl_os_abstraction_free_rtos.o
                0x0000c8d8                OSA_InterruptDisable
 .text.OSA_InstallIntHandler
                0x0000c938       0x20 ./framework/OSAbstraction/Interface/fsl_os_abstraction_free_rtos.o
                0x0000c938                OSA_InstallIntHandler
 .text.main     0x0000c958       0x20 ./framework/OSAbstraction/Interface/fsl_os_abstraction_free_rtos.o
                0x0000c958                main
 .text.osObjectAlloc
                0x0000c978       0x50 ./framework/OSAbstraction/Interface/fsl_os_abstraction_free_rtos.o
 .text.osObjectIsAllocated
                0x0000c9c8       0x54 ./framework/OSAbstraction/Interface/fsl_os_abstraction_free_rtos.o
 .text.osObjectFree
                0x0000ca1c       0x4c ./framework/OSAbstraction/Interface/fsl_os_abstraction_free_rtos.o
 .text.ListAddTailMsg
                0x0000ca68       0x24 ./framework/Messaging/Source/Messaging.o
                0x0000ca68                ListAddTailMsg
 .text.ListAddHeadMsg
                0x0000ca8c       0x24 ./framework/Messaging/Source/Messaging.o
                0x0000ca8c                ListAddHeadMsg
 .text.ListRemoveHeadMsg
                0x0000cab0       0x28 ./framework/Messaging/Source/Messaging.o
                0x0000cab0                ListRemoveHeadMsg
 .text.ListGetHeadMsg
                0x0000cad8       0x30 ./framework/Messaging/Source/Messaging.o
                0x0000cad8                ListGetHeadMsg
 .text.ListGetNextMsg
                0x0000cb08       0x38 ./framework/Messaging/Source/Messaging.o
                0x0000cb08                ListGetNextMsg
 .text.ListRemoveMsg
                0x0000cb40       0x20 ./framework/Messaging/Source/Messaging.o
                0x0000cb40                ListRemoveMsg
 .text.MEM_Init
                0x0000cb60       0xbc ./framework/MemManager/Source/MemManager.o
                0x0000cb60                MEM_Init
 .text.MEM_BufferAllocWithId
                0x0000cc1c       0xac ./framework/MemManager/Source/MemManager.o
                0x0000cc1c                MEM_BufferAllocWithId
 .text.MEM_BufferFree
                0x0000ccc8       0xb0 ./framework/MemManager/Source/MemManager.o
                0x0000ccc8                MEM_BufferFree
 .text.ListInit
                0x0000cd78       0x30 ./framework/Lists/GenericList.o
                0x0000cd78                ListInit
 .text.ListAddTail
                0x0000cda8       0x78 ./framework/Lists/GenericList.o
                0x0000cda8                ListAddTail
 .text.ListAddHead
                0x0000ce20       0x78 ./framework/Lists/GenericList.o
                0x0000ce20                ListAddHead
 .text.ListRemoveHead
                0x0000ce98       0x68 ./framework/Lists/GenericList.o
                0x0000ce98                ListRemoveHead
 .text.ListRemoveElement
                0x0000cf00       0x80 ./framework/Lists/GenericList.o
                0x0000cf00                ListRemoveElement
 .text.ListGetSize
                0x0000cf80       0x18 ./framework/Lists/GenericList.o
                0x0000cf80                ListGetSize
 .text.LED_Init
                0x0000cf98       0x28 ./framework/LED/Source/LED.o
                0x0000cf98                LED_Init
 .text.LED_Operate
                0x0000cfc0       0x5c ./framework/LED/Source/LED.o
                0x0000cfc0                LED_Operate
 .text.LED_TurnOnLed
                0x0000d01c       0x1c ./framework/LED/Source/LED.o
                0x0000d01c                LED_TurnOnLed
 .text.LED_TurnOffLed
                0x0000d038       0x1c ./framework/LED/Source/LED.o
                0x0000d038                LED_TurnOffLed
 .text.LED_ToggleLed
                0x0000d054       0x1c ./framework/LED/Source/LED.o
                0x0000d054                LED_ToggleLed
 .text.LED_StopFlashingAllLeds
                0x0000d070       0x10 ./framework/LED/Source/LED.o
                0x0000d070                LED_StopFlashingAllLeds
 .text.LED_StartBlip
                0x0000d080       0x48 ./framework/LED/Source/LED.o
                0x0000d080                LED_StartBlip
 .text.LED_StopFlash
                0x0000d0c8       0x44 ./framework/LED/Source/LED.o
                0x0000d0c8                LED_StopFlash
 .text.LED_SetLed
                0x0000d10c       0x94 ./framework/LED/Source/LED.o
                0x0000d10c                LED_SetLed
 .text.LED_StartFlashWithPeriod
                0x0000d1a0       0x54 ./framework/LED/Source/LED.o
                0x0000d1a0                LED_StartFlashWithPeriod
 .text.LED_StartSerialFlashWithPeriod
                0x0000d1f4       0x74 ./framework/LED/Source/LED.o
                0x0000d1f4                LED_StartSerialFlashWithPeriod
 .text.LED_StopSerialFlash
                0x0000d268       0x58 ./framework/LED/Source/LED.o
                0x0000d268                LED_StopSerialFlash
 .text.LED_GpioSet
                0x0000d2c0       0x3c ./framework/LED/Source/LED.o
 .text.LED_DecrementBlip
                0x0000d2fc       0x78 ./framework/LED/Source/LED.o
 .text.LED_FlashTimeout
                0x0000d374       0x68 ./framework/LED/Source/LED.o
 .text.KbGpioInit
                0x0000d3dc       0x44 ./framework/Keyboard/Source/Keyboard.o
 .text.KBD_KeySwitchPortGet
                0x0000d420       0x7c ./framework/Keyboard/Source/Keyboard.o
 .text.KBD_KeyCheck
                0x0000d49c       0x88 ./framework/Keyboard/Source/Keyboard.o
 .text.KeyScan  0x0000d524      0x130 ./framework/Keyboard/Source/Keyboard.o
 .text.Switch_CheckIRQ
                0x0000d654       0x44 ./framework/Keyboard/Source/Keyboard.o
 .text.KBD_Init
                0x0000d698       0xc0 ./framework/Keyboard/Source/Keyboard.o
                0x0000d698                KBD_Init
 .text.Switch_Press_ISR
                0x0000d758       0x68 ./framework/Keyboard/Source/Keyboard.o
                0x0000d758                Switch_Press_ISR
 .text.NVIC_EnableIRQ
                0x0000d7c0       0x30 ./framework/GPIO/Source/GPIO_Adapter.o
 .text.NVIC_ClearPendingIRQ
                0x0000d7f0       0x34 ./framework/GPIO/Source/GPIO_Adapter.o
 .text.NVIC_SetPriority
                0x0000d824       0x54 ./framework/GPIO/Source/GPIO_Adapter.o
 .text.NVIC_GetPriority
                0x0000d878       0x50 ./framework/GPIO/Source/GPIO_Adapter.o
 .text.GPIO_SetPinsOutput
                0x0000d8c8       0x1c ./framework/GPIO/Source/GPIO_Adapter.o
 .text.GPIO_ClearPinsOutput
                0x0000d8e4       0x1c ./framework/GPIO/Source/GPIO_Adapter.o
 .text.GPIO_TogglePinsOutput
                0x0000d900       0x1c ./framework/GPIO/Source/GPIO_Adapter.o
 .text.GPIO_ReadPinInput
                0x0000d91c       0x24 ./framework/GPIO/Source/GPIO_Adapter.o
 .text.PORT_SetPinConfig
                0x0000d940       0x44 ./framework/GPIO/Source/GPIO_Adapter.o
 .text.PORT_SetPinMux
                0x0000d984       0x38 ./framework/GPIO/Source/GPIO_Adapter.o
 .text.PORT_SetPinInterruptConfig
                0x0000d9bc       0x38 ./framework/GPIO/Source/GPIO_Adapter.o
 .text.PORT_GetPinsInterruptFlags
                0x0000d9f4       0x1c ./framework/GPIO/Source/GPIO_Adapter.o
 .text.PORT_ClearPinsInterruptFlags
                0x0000da10       0x1c ./framework/GPIO/Source/GPIO_Adapter.o
 .text.GpioSetPinInterrupt
                0x0000da2c       0x34 ./framework/GPIO/Source/GPIO_Adapter.o
                0x0000da2c                GpioSetPinInterrupt
 .text.GpioSetPassiveFilter
                0x0000da60       0x5c ./framework/GPIO/Source/GPIO_Adapter.o
                0x0000da60                GpioSetPassiveFilter
 .text.GpioSetPinMux
                0x0000dabc       0x34 ./framework/GPIO/Source/GPIO_Adapter.o
                0x0000dabc                GpioSetPinMux
 .text.GpioClearPinIntFlag
                0x0000daf0       0x30 ./framework/GPIO/Source/GPIO_Adapter.o
                0x0000daf0                GpioClearPinIntFlag
 .text.GpioIsPinIntPending
                0x0000db20       0x38 ./framework/GPIO/Source/GPIO_Adapter.o
                0x0000db20                GpioIsPinIntPending
 .text.GpioSetPinOutput
                0x0000db58       0x30 ./framework/GPIO/Source/GPIO_Adapter.o
                0x0000db58                GpioSetPinOutput
 .text.GpioClearPinOutput
                0x0000db88       0x30 ./framework/GPIO/Source/GPIO_Adapter.o
                0x0000db88                GpioClearPinOutput
 .text.GpioTogglePinOutput
                0x0000dbb8       0x30 ./framework/GPIO/Source/GPIO_Adapter.o
                0x0000dbb8                GpioTogglePinOutput
 .text.GpioReadPinInput
                0x0000dbe8       0x30 ./framework/GPIO/Source/GPIO_Adapter.o
                0x0000dbe8                GpioReadPinInput
 .text.GpioInputPinInit
                0x0000dc18       0xfc ./framework/GPIO/Source/GPIO_Adapter.o
                0x0000dc18                GpioInputPinInit
 .text.GpioOutputPinInit
                0x0000dd14       0xe4 ./framework/GPIO/Source/GPIO_Adapter.o
                0x0000dd14                GpioOutputPinInit
 .text.GpioInstallIsr
                0x0000ddf8      0x238 ./framework/GPIO/Source/GPIO_Adapter.o
                0x0000ddf8                GpioInstallIsr
 .text.Gpio_CommonIsr
                0x0000e030       0xa8 ./framework/GPIO/Source/GPIO_Adapter.o
 .text.Gpio_InstallPortISR
                0x0000e0d8       0x54 ./framework/GPIO/Source/GPIO_Adapter.o
 .text.FLib_MemCpy
                0x0000e12c       0x38 ./framework/FunctionLib/FunctionLib.o
                0x0000e12c                FLib_MemCpy
 .text.FLib_MemCpyReverseOrder
                0x0000e164       0x48 ./framework/FunctionLib/FunctionLib.o
                0x0000e164                FLib_MemCpyReverseOrder
 .text.FLib_MemCmp
                0x0000e1ac       0x4c ./framework/FunctionLib/FunctionLib.o
                0x0000e1ac                FLib_MemCmp
 .text.FLib_MemSet
                0x0000e1f8       0x30 ./framework/FunctionLib/FunctionLib.o
                0x0000e1f8                FLib_MemSet
 .text.KeyExpansion
                0x0000e228      0x19c ./encintcomm/aes.o
 .text.AES_init_ctx
                0x0000e3c4       0x1c ./encintcomm/aes.o
                0x0000e3c4                AES_init_ctx
 .text.encrintcomm_init
                0x0000e3e0       0x18 ./encintcomm/encintcomm_public.o
                0x0000e3e0                encrintcomm_init
 .text.encripCtx_init
                0x0000e3f8       0x18 ./encintcomm/encintcomm_public.o
                0x0000e3f8                encripCtx_init
 .text.encrintcomm_connect
                0x0000e410       0x28 ./encintcomm/encintcomm_public.o
                0x0000e410                encrintcomm_connect
 .text.delay    0x0000e438       0x30 ./encintcomm/msn_nwk_node.o
                0x0000e438                delay
 .text.main_task
                0x0000e468       0x44 ./encintcomm/msn_nwk_node.o
                0x0000e468                main_task
 .text.App_init
                0x0000e4ac       0x74 ./encintcomm/msn_nwk_node.o
                0x0000e4ac                App_init
 .text.mac_events_handler
                0x0000e520      0x10c ./encintcomm/msn_nwk_node.o
                0x0000e520                mac_events_handler
 .text.AppThread
                0x0000e62c      0xf38 ./encintcomm/msn_nwk_node.o
                0x0000e62c                AppThread
 .text.App_CommRxCallBack
                0x0000f564       0x4c ./encintcomm/msn_nwk_node.o
 .text.App_HandleKeys
                0x0000f5b0       0x2c ./encintcomm/msn_nwk_node.o
 .text.CLOCK_EnableClock
                0x0000f5dc       0x34 ./drivers/fsl_clock.o
 .text.CLOCK_DisableClock
                0x0000f610       0x38 ./drivers/fsl_clock.o
 .text.CLOCK_SetEr32kClock
                0x0000f648       0x2c ./drivers/fsl_clock.o
 .text.CLOCK_SetPllFllSelClock
                0x0000f674       0x38 ./drivers/fsl_clock.o
 .text.OSC_SetExtRefClkConfig
                0x0000f6ac       0x34 ./drivers/fsl_clock.o
 .text.OSC_SetCapLoad
                0x0000f6e0       0x34 ./drivers/fsl_clock.o
 .text.CLOCK_GetMcgExtClkFreq
                0x0000f714       0x8c ./drivers/fsl_clock.o
 .text.CLOCK_GetFllExtRefClkFreq
                0x0000f7a0       0xc8 ./drivers/fsl_clock.o
 .text.CLOCK_GetInternalRefClkSelectFreq
                0x0000f868       0x44 ./drivers/fsl_clock.o
 .text.CLOCK_GetFllRefClkFreq
                0x0000f8ac       0x2c ./drivers/fsl_clock.o
 .text.CLOCK_GetPll0RefFreq
                0x0000f8d8       0x10 ./drivers/fsl_clock.o
 .text.CLOCK_GetOscRangeFromFreq
                0x0000f8e8       0x3c ./drivers/fsl_clock.o
 .text.CLOCK_GetOsc0ErClkFreq
                0x0000f924       0x48 ./drivers/fsl_clock.o
                0x0000f924                CLOCK_GetOsc0ErClkFreq
 .text.CLOCK_GetEr32kClkFreq
                0x0000f96c       0x80 ./drivers/fsl_clock.o
                0x0000f96c                CLOCK_GetEr32kClkFreq
 .text.CLOCK_GetPllFllSelClkFreq
                0x0000f9ec       0x54 ./drivers/fsl_clock.o
                0x0000f9ec                CLOCK_GetPllFllSelClkFreq
 .text.CLOCK_GetFreq
                0x0000fa40      0x144 ./drivers/fsl_clock.o
                0x0000fa40                CLOCK_GetFreq
 .text.CLOCK_SetSimConfig
                0x0000fb84       0x34 ./drivers/fsl_clock.o
                0x0000fb84                CLOCK_SetSimConfig
 .text.CLOCK_EnableUsbfs0Clock
                0x0000fbb8      0x100 ./drivers/fsl_clock.o
                0x0000fbb8                CLOCK_EnableUsbfs0Clock
 .text.CLOCK_GetOutClkFreq
                0x0000fcb8       0x64 ./drivers/fsl_clock.o
                0x0000fcb8                CLOCK_GetOutClkFreq
 .text.CLOCK_GetFllFreq
                0x0000fd1c       0x74 ./drivers/fsl_clock.o
                0x0000fd1c                CLOCK_GetFllFreq
 .text.CLOCK_GetInternalRefClkFreq
                0x0000fd90       0x24 ./drivers/fsl_clock.o
                0x0000fd90                CLOCK_GetInternalRefClkFreq
 .text.CLOCK_GetFixedFreqClkFreq
                0x0000fdb4       0x30 ./drivers/fsl_clock.o
                0x0000fdb4                CLOCK_GetFixedFreqClkFreq
 .text.CLOCK_GetPll0Freq
                0x0000fde4       0x78 ./drivers/fsl_clock.o
                0x0000fde4                CLOCK_GetPll0Freq
 .text.CLOCK_SetExternalRefClkConfig
                0x0000fe5c       0x90 ./drivers/fsl_clock.o
                0x0000fe5c                CLOCK_SetExternalRefClkConfig
 .text.CLOCK_SetInternalRefClkConfig
                0x0000feec      0x104 ./drivers/fsl_clock.o
                0x0000feec                CLOCK_SetInternalRefClkConfig
 .text.CLOCK_EnablePll0
                0x0000fff0       0x94 ./drivers/fsl_clock.o
                0x0000fff0                CLOCK_EnablePll0
 .text.CLOCK_InitOsc0
                0x00010084       0x8c ./drivers/fsl_clock.o
                0x00010084                CLOCK_InitOsc0
 .text.CLOCK_SetPbeMode
                0x00010110       0x98 ./drivers/fsl_clock.o
                0x00010110                CLOCK_SetPbeMode
 .text.CLOCK_BootToPeeMode
                0x000101a8       0x74 ./drivers/fsl_clock.o
                0x000101a8                CLOCK_BootToPeeMode
 .text.__assert_func
                0x0001021c       0x28 ./drivers/fsl_common.o
                0x0001021c                __assert_func
 .text.InstallIRQHandler
                0x00010244       0x74 ./drivers/fsl_common.o
                0x00010244                InstallIRQHandler
 .text.CLOCK_EnableClock
                0x000102b8       0x34 ./drivers/fsl_dspi.o
 .text.DSPI_Enable
                0x000102ec       0x38 ./drivers/fsl_dspi.o
 .text.DSPI_GetStatusFlags
                0x00010324       0x18 ./drivers/fsl_dspi.o
 .text.DSPI_ClearStatusFlags
                0x0001033c       0x1c ./drivers/fsl_dspi.o
 .text.DSPI_SetMasterSlaveMode
                0x00010358       0x28 ./drivers/fsl_dspi.o
 .text.DSPI_IsMaster
                0x00010380       0x1c ./drivers/fsl_dspi.o
 .text.DSPI_StartTransfer
                0x0001039c       0x20 ./drivers/fsl_dspi.o
 .text.DSPI_StopTransfer
                0x000103bc       0x20 ./drivers/fsl_dspi.o
 .text.DSPI_GetInstance
                0x000103dc       0x58 ./drivers/fsl_dspi.o
                0x000103dc                DSPI_GetInstance
 .text.DSPI_MasterInit
                0x00010434      0x16c ./drivers/fsl_dspi.o
                0x00010434                DSPI_MasterInit
 .text.DSPI_MasterGetDefaultConfig
                0x000105a0       0x7c ./drivers/fsl_dspi.o
                0x000105a0                DSPI_MasterGetDefaultConfig
 .text.DSPI_SetOnePcsPolarity
                0x0001061c       0x4c ./drivers/fsl_dspi.o
 .text.DSPI_MasterSetBaudRate
                0x00010668      0x120 ./drivers/fsl_dspi.o
                0x00010668                DSPI_MasterSetBaudRate
 .text.DSPI_MasterSetDelayScaler
                0x00010788       0xd0 ./drivers/fsl_dspi.o
                0x00010788                DSPI_MasterSetDelayScaler
 .text.DSPI_MasterSetDelayTimes
                0x00010858      0x12c ./drivers/fsl_dspi.o
                0x00010858                DSPI_MasterSetDelayTimes
 .text.DSPI_GetDefaultDataCommandConfig
                0x00010984       0x30 ./drivers/fsl_dspi.o
                0x00010984                DSPI_GetDefaultDataCommandConfig
 .text.DSPI_MasterWriteCommandDataBlocking
                0x000109b4       0x54 ./drivers/fsl_dspi.o
                0x000109b4                DSPI_MasterWriteCommandDataBlocking
 .text.DSPI_CommonIRQHandler
                0x00010a08       0x3c ./drivers/fsl_dspi.o
 .text.SPI0_DriverIRQHandler
                0x00010a44       0x3c ./drivers/fsl_dspi.o
                0x00010a44                SPI0_DriverIRQHandler
 .text.SPI1_DriverIRQHandler
                0x00010a80       0x3c ./drivers/fsl_dspi.o
                0x00010a80                SPI1_DriverIRQHandler
 .text.SPI2_DriverIRQHandler
                0x00010abc       0x3c ./drivers/fsl_dspi.o
                0x00010abc                SPI2_DriverIRQHandler
 .text.CLOCK_EnableClock
                0x00010af8       0x34 ./drivers/fsl_ftm.o
 .text.FTM_GetInstance
                0x00010b2c       0x60 ./drivers/fsl_ftm.o
 .text.FTM_SetPwmSync
                0x00010b8c      0x118 ./drivers/fsl_ftm.o
 .text.FTM_SetReloadPoints
                0x00010ca4      0x170 ./drivers/fsl_ftm.o
 .text.FTM_Init
                0x00010e14      0x100 ./drivers/fsl_ftm.o
                0x00010e14                FTM_Init
 .text.FTM_SetupOutputCompare
                0x00010f14       0x9c ./drivers/fsl_ftm.o
                0x00010f14                FTM_SetupOutputCompare
 .text.FTM_EnableInterrupts
                0x00010fb0       0x88 ./drivers/fsl_ftm.o
                0x00010fb0                FTM_EnableInterrupts
 .text.FTM_GetStatusFlags
                0x00011038       0x64 ./drivers/fsl_ftm.o
                0x00011038                FTM_GetStatusFlags
 .text.FTM_ClearStatusFlags
                0x0001109c       0x68 ./drivers/fsl_ftm.o
                0x0001109c                FTM_ClearStatusFlags
 .text.GPIO_WritePinOutput
                0x00011104       0x3c ./drivers/fsl_gpio.o
 .text.GPIO_PinInit
                0x00011140       0x70 ./drivers/fsl_gpio.o
                0x00011140                GPIO_PinInit
 .text.I2C_TransferCommonIRQHandler
                0x000111b0       0x4c ./drivers/fsl_i2c.o
 .text.I2C0_DriverIRQHandler
                0x000111fc       0x1c ./drivers/fsl_i2c.o
                0x000111fc                I2C0_DriverIRQHandler
 .text.I2C1_DriverIRQHandler
                0x00011218       0x1c ./drivers/fsl_i2c.o
                0x00011218                I2C1_DriverIRQHandler
 .text.I2C2_DriverIRQHandler
                0x00011234       0x1c ./drivers/fsl_i2c.o
                0x00011234                I2C2_DriverIRQHandler
 .text.CLOCK_EnableClock
                0x00011250       0x34 ./drivers/fsl_rnga.o
 .text.CLOCK_DisableClock
                0x00011284       0x38 ./drivers/fsl_rnga.o
 .text.RNGA_Init
                0x000112bc       0x38 ./drivers/fsl_rnga.o
                0x000112bc                RNGA_Init
 .text.rnga_ReadEntropy
                0x000112f4       0x38 ./drivers/fsl_rnga.o
 .text.RNGA_GetRandomData
                0x0001132c       0x88 ./drivers/fsl_rnga.o
                0x0001132c                RNGA_GetRandomData
 .text.RNGA_GetMode
                0x000113b4       0x20 ./drivers/fsl_rnga.o
                0x000113b4                RNGA_GetMode
 .text.CLOCK_EnableClock
                0x000113d4       0x34 ./drivers/fsl_uart.o
 .text.UART_GetInstance
                0x00011408       0x60 ./drivers/fsl_uart.o
                0x00011408                UART_GetInstance
 .text.UART_Init
                0x00011468      0x2bc ./drivers/fsl_uart.o
                0x00011468                UART_Init
 .text.UART_GetDefaultConfig
                0x00011724       0x5c ./drivers/fsl_uart.o
                0x00011724                UART_GetDefaultConfig
 .text.UART_SetBaudRate
                0x00011780      0x108 ./drivers/fsl_uart.o
                0x00011780                UART_SetBaudRate
 .text.UART_EnableInterrupts
                0x00011888       0x70 ./drivers/fsl_uart.o
                0x00011888                UART_EnableInterrupts
 .text.UART_DisableInterrupts
                0x000118f8       0x80 ./drivers/fsl_uart.o
                0x000118f8                UART_DisableInterrupts
 .text.UART_GetEnabledInterrupts
                0x00011978       0x4c ./drivers/fsl_uart.o
                0x00011978                UART_GetEnabledInterrupts
 .text.UART_GetStatusFlags
                0x000119c4       0x48 ./drivers/fsl_uart.o
                0x000119c4                UART_GetStatusFlags
 .text.UART_ClearStatusFlags
                0x00011a0c       0x8c ./drivers/fsl_uart.o
                0x00011a0c                UART_ClearStatusFlags
 .text.UART0_DriverIRQHandler
                0x00011a98       0x20 ./drivers/fsl_uart.o
                0x00011a98                UART0_DriverIRQHandler
 .text.UART0_RX_TX_DriverIRQHandler
                0x00011ab8        0xc ./drivers/fsl_uart.o
                0x00011ab8                UART0_RX_TX_DriverIRQHandler
 .text.UART1_DriverIRQHandler
                0x00011ac4       0x20 ./drivers/fsl_uart.o
                0x00011ac4                UART1_DriverIRQHandler
 .text.UART1_RX_TX_DriverIRQHandler
                0x00011ae4        0xc ./drivers/fsl_uart.o
                0x00011ae4                UART1_RX_TX_DriverIRQHandler
 .text.UART2_DriverIRQHandler
                0x00011af0       0x20 ./drivers/fsl_uart.o
                0x00011af0                UART2_DriverIRQHandler
 .text.UART2_RX_TX_DriverIRQHandler
                0x00011b10        0xc ./drivers/fsl_uart.o
                0x00011b10                UART2_RX_TX_DriverIRQHandler
 .text.UART3_DriverIRQHandler
                0x00011b1c       0x20 ./drivers/fsl_uart.o
                0x00011b1c                UART3_DriverIRQHandler
 .text.UART3_RX_TX_DriverIRQHandler
                0x00011b3c        0xc ./drivers/fsl_uart.o
                0x00011b3c                UART3_RX_TX_DriverIRQHandler
 .text.UART4_DriverIRQHandler
                0x00011b48       0x20 ./drivers/fsl_uart.o
                0x00011b48                UART4_DriverIRQHandler
 .text.UART4_RX_TX_DriverIRQHandler
                0x00011b68        0xc ./drivers/fsl_uart.o
                0x00011b68                UART4_RX_TX_DriverIRQHandler
 .text.UART5_DriverIRQHandler
                0x00011b74       0x20 ./drivers/fsl_uart.o
                0x00011b74                UART5_DriverIRQHandler
 .text.UART5_RX_TX_DriverIRQHandler
                0x00011b94        0xc ./drivers/fsl_uart.o
                0x00011b94                UART5_RX_TX_DriverIRQHandler
 .text.BOARD_GetUartClock
                0x00011ba0       0x18 ./board/board.o
                0x00011ba0                BOARD_GetUartClock
 .text.BOARD_GetFtmClock
                0x00011bb8       0x18 ./board/board.o
                0x00011bb8                BOARD_GetFtmClock
 .text.BOARD_GetSpiClock
                0x00011bd0       0x18 ./board/board.o
                0x00011bd0                BOARD_GetSpiClock
 .text.CLOCK_SetSdhc0Clock
                0x00011be8       0x38 ./board/clock_config.o
 .text.CLOCK_SetEnetTime0Clock
                0x00011c20       0x38 ./board/clock_config.o
 .text.CLOCK_SetRmii0Clock
                0x00011c58       0x38 ./board/clock_config.o
 .text.CLOCK_SetTraceClock
                0x00011c90       0x38 ./board/clock_config.o
 .text.CLOCK_SetClkOutClock
                0x00011cc8       0x38 ./board/clock_config.o
 .text.CLOCK_SetSimSafeDivs
                0x00011d00       0x20 ./board/clock_config.o
 .text.CLOCK_SetXtal0Freq
                0x00011d20       0x1c ./board/clock_config.o
 .text.CLOCK_CONFIG_SetFllExtRefDiv
                0x00011d3c       0x38 ./board/clock_config.o
 .text.BOARD_BootClockRUN
                0x00011d74       0x88 ./board/clock_config.o
                0x00011d74                BOARD_BootClockRUN
 .text.CLOCK_EnableClock
                0x00011dfc       0x34 ./board/hardware_init.o
 .text.hardware_init
                0x00011e30       0x94 ./board/hardware_init.o
                0x00011e30                hardware_init
 .text.NMI_Handler
                0x00011ec4       0x1c ./board/hardware_init.o
                0x00011ec4                NMI_Handler
 .text.CLOCK_EnableClock
                0x00011ee0       0x34 ./board/pin_mux.o
 .text.PORT_SetPinConfig
                0x00011f14       0x44 ./board/pin_mux.o
 .text.PORT_SetPinMux
                0x00011f58       0x38 ./board/pin_mux.o
 .text.BOARD_InitButtons
                0x00011f90       0xc4 ./board/pin_mux.o
                0x00011f90                BOARD_InitButtons
 .text.BOARD_InitLEDs
                0x00012054      0x10c ./board/pin_mux.o
                0x00012054                BOARD_InitLEDs
 .text.BOARD_InitXCVR
                0x00012160       0x8c ./board/pin_mux.o
                0x00012160                BOARD_InitXCVR
 .text.BOARD_InitUART
                0x000121ec       0x68 ./board/pin_mux.o
                0x000121ec                BOARD_InitUART
 .text.Mac_ComputeMaxFrameTotalWaitTime
                0x00012254       0x5a C:/PCOMM/Practica1/macbase/boards/frdmk64f_frdmcr20a/wireless_examples/ieee_802_15_4/msn_coordinator/freertos/kds/../../../../../../../middleware/wireless/ieee_802_15_4_5.0.5/mac/lib/802.15.4_mac_06_cM4.a(MacPib.o)
 *fill*         0x000122ae        0x2 
 .text.Mac_GetNextFreeDevTblEntry.isra.0
                0x000122b0       0x24 C:/PCOMM/Practica1/macbase/boards/frdmk64f_frdmcr20a/wireless_examples/ieee_802_15_4/msn_coordinator/freertos/kds/../../../../../../../middleware/wireless/ieee_802_15_4_5.0.5/mac/lib/802.15.4_mac_06_cM4.a(MacPib.o)
 .text.macVerifySetReq
                0x000122d4       0xe4 C:/PCOMM/Practica1/macbase/boards/frdmk64f_frdmcr20a/wireless_examples/ieee_802_15_4/msn_coordinator/freertos/kds/../../../../../../../middleware/wireless/ieee_802_15_4_5.0.5/mac/lib/802.15.4_mac_06_cM4.a(MacPib.o)
                0x000122d4                macVerifySetReq
 .text.mlmeGetSizeOfPIB
                0x000123b8       0x14 C:/PCOMM/Practica1/macbase/boards/frdmk64f_frdmcr20a/wireless_examples/ieee_802_15_4/msn_coordinator/freertos/kds/../../../../../../../middleware/wireless/ieee_802_15_4_5.0.5/mac/lib/802.15.4_mac_06_cM4.a(MacPib.o)
                0x000123b8                mlmeGetSizeOfPIB
 .text.mlmeGetSetReq
                0x000123cc      0x600 C:/PCOMM/Practica1/macbase/boards/frdmk64f_frdmcr20a/wireless_examples/ieee_802_15_4/msn_coordinator/freertos/kds/../../../../../../../middleware/wireless/ieee_802_15_4_5.0.5/mac/lib/802.15.4_mac_06_cM4.a(MacPib.o)
                0x000123cc                mlmeGetSetReq
 .text.Mac_SetPhyPIBs
                0x000129cc      0x14e C:/PCOMM/Practica1/macbase/boards/frdmk64f_frdmcr20a/wireless_examples/ieee_802_15_4/msn_coordinator/freertos/kds/../../../../../../../middleware/wireless/ieee_802_15_4_5.0.5/mac/lib/802.15.4_mac_06_cM4.a(MacPib.o)
                0x000129cc                Mac_SetPhyPIBs
 *fill*         0x00012b1a        0x2 
 .text.macInitPIBs
                0x00012b1c      0x31c C:/PCOMM/Practica1/macbase/boards/frdmk64f_frdmcr20a/wireless_examples/ieee_802_15_4/msn_coordinator/freertos/kds/../../../../../../../middleware/wireless/ieee_802_15_4_5.0.5/mac/lib/802.15.4_mac_06_cM4.a(MacPib.o)
                0x00012b1c                macInitPIBs
 .text.Mac_SetExtendedAddress
                0x00012e38       0x38 C:/PCOMM/Practica1/macbase/boards/frdmk64f_frdmcr20a/wireless_examples/ieee_802_15_4/msn_coordinator/freertos/kds/../../../../../../../middleware/wireless/ieee_802_15_4_5.0.5/mac/lib/802.15.4_mac_06_cM4.a(MacPib.o)
                0x00012e38                Mac_SetExtendedAddress
 .text.Dumy_MCPS_NWK_SapHandler
                0x00012e70        0xa C:/PCOMM/Practica1/macbase/boards/frdmk64f_frdmcr20a/wireless_examples/ieee_802_15_4/msn_coordinator/freertos/kds/../../../../../../../middleware/wireless/ieee_802_15_4_5.0.5/mac/lib/802.15.4_mac_06_cM4.a(MacMain.o)
                0x00012e70                Dumy_MCPS_NWK_SapHandler
 .text.Dumy_MLME_NWK_SapHandler
                0x00012e7a        0xa C:/PCOMM/Practica1/macbase/boards/frdmk64f_frdmcr20a/wireless_examples/ieee_802_15_4/msn_coordinator/freertos/kds/../../../../../../../middleware/wireless/ieee_802_15_4_5.0.5/mac/lib/802.15.4_mac_06_cM4.a(MacMain.o)
                0x00012e7a                Dumy_MLME_NWK_SapHandler
 .text.BindToMAC
                0x00012e84       0x34 C:/PCOMM/Practica1/macbase/boards/frdmk64f_frdmcr20a/wireless_examples/ieee_802_15_4/msn_coordinator/freertos/kds/../../../../../../../middleware/wireless/ieee_802_15_4_5.0.5/mac/lib/802.15.4_mac_06_cM4.a(MacMain.o)
                0x00012e84                BindToMAC
 .text.MAC_EventSet
                0x00012eb8       0x34 C:/PCOMM/Practica1/macbase/boards/frdmk64f_frdmcr20a/wireless_examples/ieee_802_15_4/msn_coordinator/freertos/kds/../../../../../../../middleware/wireless/ieee_802_15_4_5.0.5/mac/lib/802.15.4_mac_06_cM4.a(MacMain.o)
                0x00012eb8                MAC_EventSet
 .text.Mac_TimerNotify
                0x00012eec        0x8 C:/PCOMM/Practica1/macbase/boards/frdmk64f_frdmcr20a/wireless_examples/ieee_802_15_4/msn_coordinator/freertos/kds/../../../../../../../middleware/wireless/ieee_802_15_4_5.0.5/mac/lib/802.15.4_mac_06_cM4.a(MacMain.o)
 .text.PD_MAC_SapHandler
                0x00012ef4       0x28 C:/PCOMM/Practica1/macbase/boards/frdmk64f_frdmcr20a/wireless_examples/ieee_802_15_4/msn_coordinator/freertos/kds/../../../../../../../middleware/wireless/ieee_802_15_4_5.0.5/mac/lib/802.15.4_mac_06_cM4.a(MacMain.o)
                0x00012ef4                PD_MAC_SapHandler
 .text.PLME_MAC_SapHandler
                0x00012f1c        0x4 C:/PCOMM/Practica1/macbase/boards/frdmk64f_frdmcr20a/wireless_examples/ieee_802_15_4/msn_coordinator/freertos/kds/../../../../../../../middleware/wireless/ieee_802_15_4_5.0.5/mac/lib/802.15.4_mac_06_cM4.a(MacMain.o)
                0x00012f1c                PLME_MAC_SapHandler
 .text.Mac_RegisterSapHandlers
                0x00012f20       0x18 C:/PCOMM/Practica1/macbase/boards/frdmk64f_frdmcr20a/wireless_examples/ieee_802_15_4/msn_coordinator/freertos/kds/../../../../../../../middleware/wireless/ieee_802_15_4_5.0.5/mac/lib/802.15.4_mac_06_cM4.a(MacMain.o)
                0x00012f20                Mac_RegisterSapHandlers
 .text.NWK_MCPS_SapHandler
                0x00012f38       0x60 C:/PCOMM/Practica1/macbase/boards/frdmk64f_frdmcr20a/wireless_examples/ieee_802_15_4/msn_coordinator/freertos/kds/../../../../../../../middleware/wireless/ieee_802_15_4_5.0.5/mac/lib/802.15.4_mac_06_cM4.a(MacMain.o)
                0x00012f38                NWK_MCPS_SapHandler
 .text.Mlme_VerifyNwkInput
                0x00012f98       0xe0 C:/PCOMM/Practica1/macbase/boards/frdmk64f_frdmcr20a/wireless_examples/ieee_802_15_4/msn_coordinator/freertos/kds/../../../../../../../middleware/wireless/ieee_802_15_4_5.0.5/mac/lib/802.15.4_mac_06_cM4.a(MacMain.o)
                0x00012f98                Mlme_VerifyNwkInput
 .text.Mac_SetTrxLowPowerMode
                0x00013078       0x34 C:/PCOMM/Practica1/macbase/boards/frdmk64f_frdmcr20a/wireless_examples/ieee_802_15_4/msn_coordinator/freertos/kds/../../../../../../../middleware/wireless/ieee_802_15_4_5.0.5/mac/lib/802.15.4_mac_06_cM4.a(MacMain.o)
                0x00013078                Mac_SetTrxLowPowerMode
 .text.Mac_SetTrxActiveMode
                0x000130ac       0x24 C:/PCOMM/Practica1/macbase/boards/frdmk64f_frdmcr20a/wireless_examples/ieee_802_15_4/msn_coordinator/freertos/kds/../../../../../../../middleware/wireless/ieee_802_15_4_5.0.5/mac/lib/802.15.4_mac_06_cM4.a(MacMain.o)
                0x000130ac                Mac_SetTrxActiveMode
 .text.Mac_Task
                0x000130d0       0xfc C:/PCOMM/Practica1/macbase/boards/frdmk64f_frdmcr20a/wireless_examples/ieee_802_15_4/msn_coordinator/freertos/kds/../../../../../../../middleware/wireless/ieee_802_15_4_5.0.5/mac/lib/802.15.4_mac_06_cM4.a(MacMain.o)
                0x000130d0                Mac_Task
 .text.Mac_InitializeData
                0x000131cc       0xc4 C:/PCOMM/Practica1/macbase/boards/frdmk64f_frdmcr20a/wireless_examples/ieee_802_15_4/msn_coordinator/freertos/kds/../../../../../../../middleware/wireless/ieee_802_15_4_5.0.5/mac/lib/802.15.4_mac_06_cM4.a(MacMain.o)
                0x000131cc                Mac_InitializeData
 .text.NWK_MLME_SapHandler
                0x00013290       0xb8 C:/PCOMM/Practica1/macbase/boards/frdmk64f_frdmcr20a/wireless_examples/ieee_802_15_4/msn_coordinator/freertos/kds/../../../../../../../middleware/wireless/ieee_802_15_4_5.0.5/mac/lib/802.15.4_mac_06_cM4.a(MacMain.o)
                0x00013290                NWK_MLME_SapHandler
 .text.Mac_TransactionExpire
                0x00013348        0xa C:/PCOMM/Practica1/macbase/boards/frdmk64f_frdmcr20a/wireless_examples/ieee_802_15_4/msn_coordinator/freertos/kds/../../../../../../../middleware/wireless/ieee_802_15_4_5.0.5/mac/lib/802.15.4_mac_06_cM4.a(MacStateMachine.o)
                0x00013348                Mac_TransactionExpire
 *fill*         0x00013352        0x2 
 .text.Mac_IndirectTxHandle
                0x00013354      0x208 C:/PCOMM/Practica1/macbase/boards/frdmk64f_frdmcr20a/wireless_examples/ieee_802_15_4/msn_coordinator/freertos/kds/../../../../../../../middleware/wireless/ieee_802_15_4_5.0.5/mac/lib/802.15.4_mac_06_cM4.a(MacStateMachine.o)
 .text.Mac_PhyMsgHandler